Archive member included because of file (symbol)

/home/daniel/workspace/IntelliPilot/.arduino15/packages/arduino/hardware/sam/1.6.9/variants/arduino_due_x/libsam_sam3x8e_gcc_rel.a(startup_sam3xa.o)
                              (Reset_Handler)
/home/daniel/workspace/IntelliPilot/.arduino15/packages/arduino/hardware/sam/1.6.9/variants/arduino_due_x/libsam_sam3x8e_gcc_rel.a(uotghs.o)
                              /home/daniel/workspace/IntelliPilot/.arduino15/packages/arduino/hardware/sam/1.6.9/variants/arduino_due_x/libsam_sam3x8e_gcc_rel.a(startup_sam3xa.o) (UOTGHS_Handler)
/home/daniel/workspace/IntelliPilot/build/core.a(cortex_handlers.c.o)
                              /home/daniel/workspace/IntelliPilot/.arduino15/packages/arduino/hardware/sam/1.6.9/variants/arduino_due_x/libsam_sam3x8e_gcc_rel.a(startup_sam3xa.o) (NMI_Handler)
/home/daniel/workspace/IntelliPilot/build/core.a(wiring.c.o)
                              /home/daniel/workspace/IntelliPilot/build/IntelliCopter.ino.cpp.o (delay)
/home/daniel/workspace/IntelliPilot/build/core.a(wiring_digital.c.o)
                              /home/daniel/workspace/IntelliPilot/build/FreeRTOS_ARM.c.o (pinMode)
/home/daniel/workspace/IntelliPilot/build/core.a(USBCore.cpp.o)
                              /home/daniel/workspace/IntelliPilot/build/IntelliCopter.ino.cpp.o (USBDevice_::attach())
/home/daniel/workspace/IntelliPilot/build/core.a(CDC.cpp.o)
                              /home/daniel/workspace/IntelliPilot/build/core.a(USBCore.cpp.o) (Serial_::accept())
/home/daniel/workspace/IntelliPilot/build/core.a(Reset.cpp.o)
                              /home/daniel/workspace/IntelliPilot/build/core.a(CDC.cpp.o) (initiateReset)
/home/daniel/workspace/IntelliPilot/build/core.a(variant.cpp.o)
                              /home/daniel/workspace/IntelliPilot/build/IntelliCopter.ino.cpp.o (init)
/home/daniel/workspace/IntelliPilot/build/core.a(wiring_analog.c.o)
                              /home/daniel/workspace/IntelliPilot/build/core.a(variant.cpp.o) (analogOutputInit)
/home/daniel/workspace/IntelliPilot/build/core.a(hooks.c.o)
                              /home/daniel/workspace/IntelliPilot/build/core.a(wiring.c.o) (yield)
/home/daniel/workspace/IntelliPilot/build/core.a(USARTClass.cpp.o)
                              /home/daniel/workspace/IntelliPilot/build/core.a(variant.cpp.o) (USARTClass::USARTClass(Usart*, IRQn, unsigned long, RingBuffer*, RingBuffer*))
/home/daniel/workspace/IntelliPilot/build/core.a(UARTClass.cpp.o)
                              /home/daniel/workspace/IntelliPilot/build/core.a(variant.cpp.o) (UARTClass::available())
/home/daniel/workspace/IntelliPilot/build/core.a(RingBuffer.cpp.o)
                              /home/daniel/workspace/IntelliPilot/build/core.a(variant.cpp.o) (RingBuffer::RingBuffer())
/home/daniel/workspace/IntelliPilot/build/core.a(Print.cpp.o)
                              /home/daniel/workspace/IntelliPilot/build/core.a(USARTClass.cpp.o) (Print::write(unsigned char const*, unsigned int))
/home/daniel/workspace/IntelliPilot/.arduino15/packages/arduino/hardware/sam/1.6.9/variants/arduino_due_x/libsam_sam3x8e_gcc_rel.a(pio.o)
                              /home/daniel/workspace/IntelliPilot/build/core.a(wiring_digital.c.o) (PIO_PullUp)
/home/daniel/workspace/IntelliPilot/.arduino15/packages/arduino/hardware/sam/1.6.9/variants/arduino_due_x/libsam_sam3x8e_gcc_rel.a(pmc.o)
                              /home/daniel/workspace/IntelliPilot/build/core.a(wiring_digital.c.o) (pmc_enable_periph_clk)
/home/daniel/workspace/IntelliPilot/.arduino15/packages/arduino/hardware/sam/1.6.9/variants/arduino_due_x/libsam_sam3x8e_gcc_rel.a(pwmc.o)
                              /home/daniel/workspace/IntelliPilot/build/core.a(wiring_analog.c.o) (PWMC_ConfigureChannel)
/home/daniel/workspace/IntelliPilot/.arduino15/packages/arduino/hardware/sam/1.6.9/variants/arduino_due_x/libsam_sam3x8e_gcc_rel.a(tc.o)
                              /home/daniel/workspace/IntelliPilot/build/core.a(wiring_analog.c.o) (TC_Configure)
/home/daniel/workspace/IntelliPilot/.arduino15/packages/arduino/hardware/sam/1.6.9/variants/arduino_due_x/libsam_sam3x8e_gcc_rel.a(timetick.o)
                              /home/daniel/workspace/IntelliPilot/build/core.a(cortex_handlers.c.o) (TimeTick_Increment)
/home/daniel/workspace/IntelliPilot/.arduino15/packages/arduino/hardware/sam/1.6.9/variants/arduino_due_x/libsam_sam3x8e_gcc_rel.a(system_sam3xa.o)
                              /home/daniel/workspace/IntelliPilot/build/core.a(variant.cpp.o) (SystemInit)
/home/daniel/workspace/IntelliPilot/.arduino15/packages/arduino/hardware/sam/1.6.9/variants/arduino_due_x/libsam_sam3x8e_gcc_rel.a(adc.o)
                              /home/daniel/workspace/IntelliPilot/build/core.a(variant.cpp.o) (adc_init)
/home/daniel/workspace/IntelliPilot/.arduino15/packages/arduino/hardware/sam/1.6.9/variants/arduino_due_x/libsam_sam3x8e_gcc_rel.a(interrupt_sam_nvic.o)
[...]
Memory Configuration

Name             Origin             Length             Attributes
rom              0x0000000000080000 0x0000000000080000 xr
sram0            0x0000000020000000 0x0000000000010000 xrw
sram1            0x0000000020080000 0x0000000000008000 xrw
ram              0x0000000020070000 0x0000000000018000 xrw
*default*        0x0000000000000000 0xffffffffffffffff

Linker script and memory map

LOAD /home/daniel/workspace/IntelliPilot/.arduino15/packages/arduino/tools/arm-none-eabi-gcc/4.8.3-2014q1/bin/../lib/gcc/arm-none-eabi/4.8.3/armv7-m/crti.o
LOAD /home/daniel/workspace/IntelliPilot/.arduino15/packages/arduino/tools/arm-none-eabi-gcc/4.8.3-2014q1/bin/../lib/gcc/arm-none-eabi/4.8.3/armv7-m/crtbegin.o
LOAD /home/daniel/workspace/IntelliPilot/.arduino15/packages/arduino/tools/arm-none-eabi-gcc/4.8.3-2014q1/bin/../lib/gcc/arm-none-eabi/4.8.3/../../../../arm-none-eabi/lib/armv7-m/crt0.o
LOAD /home/daniel/workspace/IntelliPilot/.arduino15/packages/arduino/tools/arm-none-eabi-gcc/4.8.3-2014q1/bin/../lib/gcc/arm-none-eabi/4.8.3/armv7-m/libgcc.a
START GROUP
LOAD /home/daniel/workspace/IntelliPilot/build/core/syscalls_sam3.c.o
LOAD /home/daniel/workspace/IntelliPilot/build/IntelliCopter.ino.cpp.o
LOAD /home/daniel/workspace/IntelliPilot/build/FreeRTOS_ARM.c.o
LOAD /home/daniel/workspace/IntelliPilot/build/croutine.c.o
LOAD /home/daniel/workspace/IntelliPilot/build/event_groups.c.o
LOAD /home/daniel/workspace/IntelliPilot/build/heap_3.c.o
LOAD /home/daniel/workspace/IntelliPilot/build/list.c.o
LOAD /home/daniel/workspace/IntelliPilot/build/port.c.o
LOAD /home/daniel/workspace/IntelliPilot/build/queue.c.o
LOAD /home/daniel/workspace/IntelliPilot/build/tasks.c.o
LOAD /home/daniel/workspace/IntelliPilot/build/timers.c.o
LOAD /home/daniel/workspace/IntelliPilot/.arduino15/packages/arduino/hardware/sam/1.6.9/variants/arduino_due_x/libsam_sam3x8e_gcc_rel.a
LOAD /home/daniel/workspace/IntelliPilot/build/core.a
END GROUP
LOAD /home/daniel/workspace/IntelliPilot/.arduino15/packages/arduino/tools/arm-none-eabi-gcc/4.8.3-2014q1/bin/../lib/gcc/arm-none-eabi/4.8.3/../../../../arm-none-eabi/lib/armv7-m/libstdc++.a
LOAD /home/daniel/workspace/IntelliPilot/.arduino15/packages/arduino/tools/arm-none-eabi-gcc/4.8.3-2014q1/bin/../lib/gcc/arm-none-eabi/4.8.3/../../../../arm-none-eabi/lib/armv7-m/libm.a
START GROUP
LOAD /home/daniel/workspace/IntelliPilot/.arduino15/packages/arduino/tools/arm-none-eabi-gcc/4.8.3-2014q1/bin/../lib/gcc/arm-none-eabi/4.8.3/armv7-m/libgcc.a
LOAD /home/daniel/workspace/IntelliPilot/.arduino15/packages/arduino/tools/arm-none-eabi-gcc/4.8.3-2014q1/bin/../lib/gcc/arm-none-eabi/4.8.3/../../../../arm-none-eabi/lib/armv7-m/libc.a
END GROUP
LOAD /home/daniel/workspace/IntelliPilot/.arduino15/packages/arduino/tools/arm-none-eabi-gcc/4.8.3-2014q1/bin/../lib/gcc/arm-none-eabi/4.8.3/armv7-m/crtend.o
LOAD /home/daniel/workspace/IntelliPilot/.arduino15/packages/arduino/tools/arm-none-eabi-gcc/4.8.3-2014q1/bin/../lib/gcc/arm-none-eabi/4.8.3/armv7-m/crtn.o

.text           0x0000000000080000     0x684c
                0x0000000000080000                . = ALIGN (0x4)
                0x0000000000080000                _sfixed = .
 *(.vectors .vectors.*)
 .vectors       0x0000000000080000       0xf4 /home/daniel/workspace/IntelliPilot/.arduino15/packages/arduino/hardware/sam/1.6.9/variants/arduino_due_x/libsam_sam3x8e_gcc_rel.a(startup_sam3xa.o)
                0x0000000000080000                exception_table
 *(.text .text.* .gnu.linkonce.t.*)
 .text          0x00000000000800f4       0x54 /home/daniel/workspace/IntelliPilot/.arduino15/packages/arduino/tools/arm-none-eabi-gcc/4.8.3-2014q1/bin/../lib/gcc/arm-none-eabi/4.8.3/armv7-m/crtbegin.o
 .text._sbrk    0x0000000000080148       0x1c /home/daniel/workspace/IntelliPilot/build/core/syscalls_sam3.c.o
                0x0000000000080148                _sbrk
 .text._close   0x0000000000080164        0x6 /home/daniel/workspace/IntelliPilot/build/core/syscalls_sam3.c.o
                0x0000000000080164                _close
 .text._fstat   0x000000000008016a        0xa /home/daniel/workspace/IntelliPilot/build/core/syscalls_sam3.c.o
                0x000000000008016a                _fstat
 .text._isatty  0x0000000000080174        0x4 /home/daniel/workspace/IntelliPilot/build/core/syscalls_sam3.c.o
                0x0000000000080174                _isatty
 .text._lseek   0x0000000000080178        0x4 /home/daniel/workspace/IntelliPilot/build/core/syscalls_sam3.c.o
                0x0000000000080178                _lseek
 .text._read    0x000000000008017c        0x4 /home/daniel/workspace/IntelliPilot/build/core/syscalls_sam3.c.o
                0x000000000008017c                _read
 .text._write   0x0000000000080180       0x24 /home/daniel/workspace/IntelliPilot/build/core/syscalls_sam3.c.o
                0x0000000000080180                _write
 .text._exit    0x00000000000801a4       0x10 /home/daniel/workspace/IntelliPilot/build/core/syscalls_sam3.c.o
                0x00000000000801a4                _exit
 .text._kill    0x00000000000801b4        0x2 /home/daniel/workspace/IntelliPilot/build/core/syscalls_sam3.c.o
                0x00000000000801b4                _kill
 .text._getpid  0x00000000000801b6        0x6 /home/daniel/workspace/IntelliPilot/build/core/syscalls_sam3.c.o
                0x00000000000801b6                _getpid
 .text.initVariant
                0x00000000000801bc        0x2 /home/daniel/workspace/IntelliPilot/build/IntelliCopter.ino.cpp.o
                0x00000000000801bc                initVariant
 *fill*         0x00000000000801be        0x2 
 .text.setup    0x00000000000801c0       0x18 /home/daniel/workspace/IntelliPilot/build/IntelliCopter.ino.cpp.o
                0x00000000000801c0                setup
 .text.startup.main
                0x00000000000801d8       0x34 /home/daniel/workspace/IntelliPilot/build/IntelliCopter.ino.cpp.o
                0x00000000000801d8                main
 .text.startup._GLOBAL__sub_I_main
                0x000000000008020c       0xb0 /home/daniel/workspace/IntelliPilot/build/IntelliCopter.ino.cpp.o
 .text.errorBlink
                0x00000000000802bc       0x48 /home/daniel/workspace/IntelliPilot/build/FreeRTOS_ARM.c.o
 .text.assertBlink
                0x0000000000080304        0x8 /home/daniel/workspace/IntelliPilot/build/FreeRTOS_ARM.c.o
                0x0000000000080304                assertBlink
 .text.vApplicationStackOverflowHook
                0x000000000008030c        0x8 /home/daniel/workspace/IntelliPilot/build/FreeRTOS_ARM.c.o
                0x000000000008030c                vApplicationStackOverflowHook
 .text.HardFault_Handler
                0x0000000000080314        0x8 /home/daniel/workspace/IntelliPilot/build/FreeRTOS_ARM.c.o
                0x0000000000080314                HardFault_Handler
 .text.BusFault_Handler
                0x000000000008031c        0x8 /home/daniel/workspace/IntelliPilot/build/FreeRTOS_ARM.c.o
                0x000000000008031c                BusFault_Handler
 .text.UsageFault_Handler
                0x0000000000080324        0x8 /home/daniel/workspace/IntelliPilot/build/FreeRTOS_ARM.c.o
                0x0000000000080324                UsageFault_Handler
 .text.vApplicationTickHook
                0x000000000008032c        0x2 /home/daniel/workspace/IntelliPilot/build/FreeRTOS_ARM.c.o
                0x000000000008032c                vApplicationTickHook
 .text.vListInsertEnd
                0x000000000008032e       0x18 /home/daniel/workspace/IntelliPilot/build/list.c.o
                0x000000000008032e                vListInsertEnd
 .text.uxListRemove
                0x0000000000080346       0x20 /home/daniel/workspace/IntelliPilot/build/list.c.o
                0x0000000000080346                uxListRemove
 *fill*         0x0000000000080366        0x2 
 .text.svcHook  0x0000000000080368       0x28 /home/daniel/workspace/IntelliPilot/build/port.c.o
                0x0000000000080368                svcHook
 .text.ulPortSetInterruptMask
                0x0000000000080390       0x10 /home/daniel/workspace/IntelliPilot/build/port.c.o
                0x0000000000080390                ulPortSetInterruptMask
 .text.vPortClearInterruptMask
                0x00000000000803a0        0x6 /home/daniel/workspace/IntelliPilot/build/port.c.o
                0x00000000000803a0                vPortClearInterruptMask
 *fill*         0x00000000000803a6        0x2 
 .text.pendSVHook
                0x00000000000803a8       0x48 /home/daniel/workspace/IntelliPilot/build/port.c.o
                0x00000000000803a8                pendSVHook
 .text.xPortSysTickHandler
                0x00000000000803f0       0x24 /home/daniel/workspace/IntelliPilot/build/port.c.o
                0x00000000000803f0                xPortSysTickHandler
 .text.sysTickHook
                0x0000000000080414       0x14 /home/daniel/workspace/IntelliPilot/build/port.c.o
                0x0000000000080414                sysTickHook
 .text.prvResetNextTaskUnblockTime
                0x0000000000080428       0x24 /home/daniel/workspace/IntelliPilot/build/tasks.c.o
 .text.xTaskIncrementTick
                0x000000000008044c      0x114 /home/daniel/workspace/IntelliPilot/build/tasks.c.o
                0x000000000008044c                xTaskIncrementTick
 .text.vTaskSwitchContext
                0x0000000000080560       0x98 /home/daniel/workspace/IntelliPilot/build/tasks.c.o
                0x0000000000080560                vTaskSwitchContext
 .text.Reset_Handler
                0x00000000000805f8       0x78 /home/daniel/workspace/IntelliPilot/.arduino15/packages/arduino/hardware/sam/1.6.9/variants/arduino_due_x/libsam_sam3x8e_gcc_rel.a(startup_sam3xa.o)
                0x00000000000805f8                Reset_Handler
 .text.UOTGHS_Handler
                0x0000000000080670       0x10 /home/daniel/workspace/IntelliPilot/.arduino15/packages/arduino/hardware/sam/1.6.9/variants/arduino_due_x/libsam_sam3x8e_gcc_rel.a(uotghs.o)
                0x0000000000080670                UOTGHS_Handler
 .text.__halt   0x0000000000080680        0x2 /home/daniel/workspace/IntelliPilot/build/core.a(cortex_handlers.c.o)
                0x0000000000080680                DACC_Handler
                0x0000000000080680                DebugMon_Handler
                0x0000000000080680                DMAC_Handler
                0x0000000000080680                TRNG_Handler
                0x0000000000080680                TC2_Handler
                0x0000000000080680                TWI1_Handler
                0x0000000000080680                NMI_Handler
                0x0000000000080680                TC7_Handler
                0x0000000000080680                ADC_Handler
                0x0000000000080680                SMC_Handler
                0x0000000000080680                RTT_Handler
                0x0000000000080680                EFC1_Handler
                0x0000000000080680                PIOB_Handler
                0x0000000000080680                RTC_Handler
                0x0000000000080680                TC6_Handler
                0x0000000000080680                WDT_Handler
                0x0000000000080680                CAN0_Handler
                0x0000000000080680                TC4_Handler
                0x0000000000080680                TC1_Handler
                0x0000000000080680                HSMCI_Handler
                0x0000000000080680                TC3_Handler
                0x0000000000080680                TWI0_Handler
                0x0000000000080680                PIOA_Handler
                0x0000000000080680                SSC_Handler
                0x0000000000080680                EFC0_Handler
                0x0000000000080680                PMC_Handler
                0x0000000000080680                PWM_Handler
                0x0000000000080680                CAN1_Handler
                0x0000000000080680                MemManage_Handler
                0x0000000000080680                SUPC_Handler
                0x0000000000080680                TC8_Handler
                0x0000000000080680                USART2_Handler
                0x0000000000080680                PIOD_Handler
                0x0000000000080680                EMAC_Handler
                0x0000000000080680                PIOC_Handler
                0x0000000000080680                RSTC_Handler
                0x0000000000080680                TC0_Handler
                0x0000000000080680                TC5_Handler
                0x0000000000080680                SPI0_Handler
 .text.SVC_Handler
                0x0000000000080682        0x4 /home/daniel/workspace/IntelliPilot/build/core.a(cortex_handlers.c.o)
                0x0000000000080682                SVC_Handler
 .text.PendSV_Handler
                0x0000000000080686        0x4 /home/daniel/workspace/IntelliPilot/build/core.a(cortex_handlers.c.o)
                0x0000000000080686                PendSV_Handler
 .text.SysTick_Handler
                0x000000000008068a       0x16 /home/daniel/workspace/IntelliPilot/build/core.a(cortex_handlers.c.o)
                0x000000000008068a                SysTick_Handler
 .text.delay    0x00000000000806a0       0x1c /home/daniel/workspace/IntelliPilot/build/core.a(wiring.c.o)
                0x00000000000806a0                delay
 .text.pinMode  0x00000000000806bc      0x108 /home/daniel/workspace/IntelliPilot/build/core.a(wiring_digital.c.o)
                0x00000000000806bc                pinMode
 .text.digitalWrite
                0x00000000000807c4       0x70 /home/daniel/workspace/IntelliPilot/build/core.a(wiring_digital.c.o)
                0x00000000000807c4                digitalWrite
 .text.unlikely._ZL11USB_SendZlpv
                0x0000000000080834       0x20 /home/daniel/workspace/IntelliPilot/build/core.a(USBCore.cpp.o)
 .text._Z14USBD_Availablem
                0x0000000000080854       0x2c /home/daniel/workspace/IntelliPilot/build/core.a(USBCore.cpp.o)
                0x0000000000080854                USBD_Available(unsigned long)
 .text._Z9USBD_RecvmPvm
                0x0000000000080880       0x7c /home/daniel/workspace/IntelliPilot/build/core.a(USBCore.cpp.o)
                0x0000000000080880                USBD_Recv(unsigned long, void*, unsigned long)
 .text._Z9USBD_Recvm
                0x00000000000808fc       0x22 /home/daniel/workspace/IntelliPilot/build/core.a(USBCore.cpp.o)
                0x00000000000808fc                USBD_Recv(unsigned long)
 *fill*         0x000000000008091e        0x2 
 .text._Z9USBD_SendmPKvm
                0x0000000000080920       0x4c /home/daniel/workspace/IntelliPilot/build/core.a(USBCore.cpp.o)
                0x0000000000080920                USBD_Send(unsigned long, void const*, unsigned long)
 .text._Z16USBD_SendControlhPKvm
                0x000000000008096c       0x40 /home/daniel/workspace/IntelliPilot/build/core.a(USBCore.cpp.o)
                0x000000000008096c                USBD_SendControl(unsigned char, void const*, unsigned long)
 .text.unlikely._ZL24USB_SendStringDescriptorPKhi
                0x00000000000809ac       0x64 /home/daniel/workspace/IntelliPilot/build/core.a(USBCore.cpp.o)
 .text._Z16USBD_RecvControlPvm
                0x0000000000080a10       0x1c /home/daniel/workspace/IntelliPilot/build/core.a(USBCore.cpp.o)
                0x0000000000080a10                USBD_RecvControl(void*, unsigned long)
 .text._Z26USBD_ClassInterfaceRequestR8USBSetup
                0x0000000000080a2c       0x1e /home/daniel/workspace/IntelliPilot/build/core.a(USBCore.cpp.o)
                0x0000000000080a2c                USBD_ClassInterfaceRequest(USBSetup&)
 .text._Z19USBD_SendInterfacesv
                0x0000000000080a4a       0x22 /home/daniel/workspace/IntelliPilot/build/core.a(USBCore.cpp.o)
                0x0000000000080a4a                USBD_SendInterfaces()
 .text._Z24USBD_SendOtherInterfacesv
                0x0000000000080a6c       0x22 /home/daniel/workspace/IntelliPilot/build/core.a(USBCore.cpp.o)
                0x0000000000080a6c                USBD_SendOtherInterfaces()
 .text._Z10USBD_Flushm
                0x0000000000080a8e       0x16 /home/daniel/workspace/IntelliPilot/build/core.a(USBCore.cpp.o)
                0x0000000000080a8e                USBD_Flush(unsigned long)
 .text._ZN10USBDevice_C2Ev
                0x0000000000080aa4       0x24 /home/daniel/workspace/IntelliPilot/build/core.a(USBCore.cpp.o)
                0x0000000000080aa4                USBDevice_::USBDevice_()
                0x0000000000080aa4                USBDevice_::USBDevice_()
 .text._ZN10USBDevice_6attachEv
                0x0000000000080ac8       0x20 /home/daniel/workspace/IntelliPilot/build/core.a(USBCore.cpp.o)
                0x0000000000080ac8                USBDevice_::attach()
 .text.startup._GLOBAL__sub_I_EndPoints
                0x0000000000080ae8        0xc /home/daniel/workspace/IntelliPilot/build/core.a(USBCore.cpp.o)
 .text._ZL7USB_ISRv
                0x0000000000080af4      0x454 /home/daniel/workspace/IntelliPilot/build/core.a(USBCore.cpp.o)
 .text._ZN7Serial_9availableEv
                0x0000000000080f48       0x18 /home/daniel/workspace/IntelliPilot/build/core.a(CDC.cpp.o)
                0x0000000000080f48                Serial_::available()
 .text._ZN7Serial_17availableForWriteEv
                0x0000000000080f60        0x6 /home/daniel/workspace/IntelliPilot/build/core.a(CDC.cpp.o)
                0x0000000000080f60                Serial_::availableForWrite()
 *fill*         0x0000000000080f66        0x2 
 .text._ZN7Serial_4peekEv
                0x0000000000080f68       0x20 /home/daniel/workspace/IntelliPilot/build/core.a(CDC.cpp.o)
                0x0000000000080f68                Serial_::peek()
 .text._ZN7Serial_5writeEh
                0x0000000000080f88       0x16 /home/daniel/workspace/IntelliPilot/build/core.a(CDC.cpp.o)
                0x0000000000080f88                Serial_::write(unsigned char)
 *fill*         0x0000000000080f9e        0x2 
 .text._ZN7Serial_4readEv
                0x0000000000080fa0       0x44 /home/daniel/workspace/IntelliPilot/build/core.a(CDC.cpp.o)
                0x0000000000080fa0                Serial_::read()
 .text._ZN7Serial_5flushEv
                0x0000000000080fe4        0x6 /home/daniel/workspace/IntelliPilot/build/core.a(CDC.cpp.o)
                0x0000000000080fe4                Serial_::flush()
 *fill*         0x0000000000080fea        0x2 
 .text._ZN7Serial_6acceptEv
                0x0000000000080fec       0x70 /home/daniel/workspace/IntelliPilot/build/core.a(CDC.cpp.o)
                0x0000000000080fec                Serial_::accept()
 .text._ZN7Serial_5writeEPKhj
                0x000000000008105c       0x2c /home/daniel/workspace/IntelliPilot/build/core.a(CDC.cpp.o)
                0x000000000008105c                Serial_::write(unsigned char const*, unsigned int)
 .text._Z16CDC_GetInterfacePh
                0x0000000000081088       0x14 /home/daniel/workspace/IntelliPilot/build/core.a(CDC.cpp.o)
                0x0000000000081088                CDC_GetInterface(unsigned char*)
 .text._Z21CDC_GetOtherInterfacePh
                0x000000000008109c       0x14 /home/daniel/workspace/IntelliPilot/build/core.a(CDC.cpp.o)
                0x000000000008109c                CDC_GetOtherInterface(unsigned char*)
 .text._Z9CDC_SetupR8USBSetup
                0x00000000000810b0       0x78 /home/daniel/workspace/IntelliPilot/build/core.a(CDC.cpp.o)
                0x00000000000810b0                CDC_Setup(USBSetup&)
 .text.startup._GLOBAL__sub_I_cdc_rx_buffer
                0x0000000000081128       0x1c /home/daniel/workspace/IntelliPilot/build/core.a(CDC.cpp.o)
 .text.initiateReset
                0x0000000000081144        0xc /home/daniel/workspace/IntelliPilot/build/core.a(Reset.cpp.o)
                0x0000000000081144                initiateReset
 .text.cancelReset
                0x0000000000081150       0x10 /home/daniel/workspace/IntelliPilot/build/core.a(Reset.cpp.o)
                0x0000000000081150                cancelReset
 .text.tickReset
                0x0000000000081160       0x20 /home/daniel/workspace/IntelliPilot/build/core.a(Reset.cpp.o)
                0x0000000000081160                tickReset
 .text._Z11serialEventv
                0x0000000000081180        0x2 /home/daniel/workspace/IntelliPilot/build/core.a(variant.cpp.o)
                0x0000000000081180                serialEvent()
 *fill*         0x0000000000081182        0x2 
 .text.UART_Handler
                0x0000000000081184        0xc /home/daniel/workspace/IntelliPilot/build/core.a(variant.cpp.o)
                0x0000000000081184                UART_Handler
 .text._Z12serialEvent1v
                0x0000000000081190        0x2 /home/daniel/workspace/IntelliPilot/build/core.a(variant.cpp.o)
                0x0000000000081190                serialEvent1()
 .text._Z12serialEvent2v
                0x0000000000081192        0x2 /home/daniel/workspace/IntelliPilot/build/core.a(variant.cpp.o)
                0x0000000000081192                serialEvent2()
 .text._Z12serialEvent3v
                0x0000000000081194        0x2 /home/daniel/workspace/IntelliPilot/build/core.a(variant.cpp.o)
                0x0000000000081194                serialEvent3()
 *fill*         0x0000000000081196        0x2 
 .text.USART0_Handler
                0x0000000000081198        0xc /home/daniel/workspace/IntelliPilot/build/core.a(variant.cpp.o)
                0x0000000000081198                USART0_Handler
 .text.USART1_Handler
                0x00000000000811a4        0xc /home/daniel/workspace/IntelliPilot/build/core.a(variant.cpp.o)
                0x00000000000811a4                USART1_Handler
 .text.USART3_Handler
                0x00000000000811b0        0xc /home/daniel/workspace/IntelliPilot/build/core.a(variant.cpp.o)
                0x00000000000811b0                USART3_Handler
 .text.init     0x00000000000811bc      0x128 /home/daniel/workspace/IntelliPilot/build/core.a(variant.cpp.o)
                0x00000000000811bc                init
 .text.startup._GLOBAL__sub_I_g_APinDescription
                0x00000000000812e4       0xd4 /home/daniel/workspace/IntelliPilot/build/core.a(variant.cpp.o)
 .text._Z14serialEventRunv
                0x00000000000813b8       0x44 /home/daniel/workspace/IntelliPilot/build/core.a(variant.cpp.o)
                0x00000000000813b8                serialEventRun()
 .text.analogOutputInit
                0x00000000000813fc        0x2 /home/daniel/workspace/IntelliPilot/build/core.a(wiring_analog.c.o)
                0x00000000000813fc                analogOutputInit
 .text.__empty  0x00000000000813fe        0x2 /home/daniel/workspace/IntelliPilot/build/core.a(hooks.c.o)
                0x00000000000813fe                yield
 .text._ZN9UARTClasscvbEv
                0x0000000000081400        0x4 /home/daniel/workspace/IntelliPilot/build/core.a(USARTClass.cpp.o)
                0x0000000000081400                UARTClass::operator bool()
 .text._ZN10USARTClass5beginEm
                0x0000000000081404        0x8 /home/daniel/workspace/IntelliPilot/build/core.a(USARTClass.cpp.o)
                0x0000000000081404                USARTClass::begin(unsigned long)
 .text._ZN10USARTClassC2EP5Usart4IRQnmP10RingBufferS4_
                0x000000000008140c       0x24 /home/daniel/workspace/IntelliPilot/build/core.a(USARTClass.cpp.o)
                0x000000000008140c                USARTClass::USARTClass(Usart*, IRQn, unsigned long, RingBuffer*, RingBuffer*)
                0x000000000008140c                USARTClass::USARTClass(Usart*, IRQn, unsigned long, RingBuffer*, RingBuffer*)
 .text._ZN9UARTClass9availableEv
                0x0000000000081430       0x12 /home/daniel/workspace/IntelliPilot/build/core.a(UARTClass.cpp.o)
                0x0000000000081430                UARTClass::available()
 .text._ZN9UARTClass4peekEv
                0x0000000000081442       0x1c /home/daniel/workspace/IntelliPilot/build/core.a(UARTClass.cpp.o)
                0x0000000000081442                UARTClass::peek()
 .text._ZN9UARTClass4readEv
                0x000000000008145e       0x2a /home/daniel/workspace/IntelliPilot/build/core.a(UARTClass.cpp.o)
                0x000000000008145e                UARTClass::read()
 .text._ZN9UARTClass5flushEv
                0x0000000000081488       0x18 /home/daniel/workspace/IntelliPilot/build/core.a(UARTClass.cpp.o)
                0x0000000000081488                UARTClass::flush()
 .text._ZN9UARTClass5writeEh
                0x00000000000814a0       0x54 /home/daniel/workspace/IntelliPilot/build/core.a(UARTClass.cpp.o)
                0x00000000000814a0                UARTClass::write(unsigned char)
 .text._ZN9UARTClass3endEv
                0x00000000000814f4       0x3c /home/daniel/workspace/IntelliPilot/build/core.a(UARTClass.cpp.o)
                0x00000000000814f4                UARTClass::end()
 .text._ZN9UARTClassC2EP4Uart4IRQnmP10RingBufferS4_
                0x0000000000081530       0x24 /home/daniel/workspace/IntelliPilot/build/core.a(UARTClass.cpp.o)
                0x0000000000081530                UARTClass::UARTClass(Uart*, IRQn, unsigned long, RingBuffer*, RingBuffer*)
                0x0000000000081530                UARTClass::UARTClass(Uart*, IRQn, unsigned long, RingBuffer*, RingBuffer*)
 .text._ZN9UARTClass4initEmm
                0x0000000000081554       0x70 /home/daniel/workspace/IntelliPilot/build/core.a(UARTClass.cpp.o)
                0x0000000000081554                UARTClass::init(unsigned long, unsigned long)
 .text._ZN9UARTClass5beginEm
                0x00000000000815c4        0x8 /home/daniel/workspace/IntelliPilot/build/core.a(UARTClass.cpp.o)
                0x00000000000815c4                UARTClass::begin(unsigned long)
 .text._ZN9UARTClass10IrqHandlerEv
                0x00000000000815cc       0x5a /home/daniel/workspace/IntelliPilot/build/core.a(UARTClass.cpp.o)
                0x00000000000815cc                UARTClass::IrqHandler()
 .text._ZN10RingBufferC2Ev
                0x0000000000081626       0x1a /home/daniel/workspace/IntelliPilot/build/core.a(RingBuffer.cpp.o)
                0x0000000000081626                RingBuffer::RingBuffer()
                0x0000000000081626                RingBuffer::RingBuffer()
 .text._ZN10RingBuffer10store_charEh
                0x0000000000081640       0x1e /home/daniel/workspace/IntelliPilot/build/core.a(RingBuffer.cpp.o)
                0x0000000000081640                RingBuffer::store_char(unsigned char)
 .text._ZN5Print5writeEPKhj
                0x000000000008165e       0x22 /home/daniel/workspace/IntelliPilot/build/core.a(Print.cpp.o)
                0x000000000008165e                Print::write(unsigned char const*, unsigned int)
 .text.PIO_PullUp
                0x0000000000081680        0xa /home/daniel/workspace/IntelliPilot/.arduino15/packages/arduino/hardware/sam/1.6.9/variants/arduino_due_x/libsam_sam3x8e_gcc_rel.a(pio.o)
                0x0000000000081680                PIO_PullUp
 .text.PIO_SetPeripheral
                0x000000000008168a       0x26 /home/daniel/workspace/IntelliPilot/.arduino15/packages/arduino/hardware/sam/1.6.9/variants/arduino_due_x/libsam_sam3x8e_gcc_rel.a(pio.o)
                0x000000000008168a                PIO_SetPeripheral
 .text.PIO_SetInput
                0x00000000000816b0       0x26 /home/daniel/workspace/IntelliPilot/.arduino15/packages/arduino/hardware/sam/1.6.9/variants/arduino_due_x/libsam_sam3x8e_gcc_rel.a(pio.o)
                0x00000000000816b0                PIO_SetInput
 .text.PIO_SetOutput
                0x00000000000816d6       0x24 /home/daniel/workspace/IntelliPilot/.arduino15/packages/arduino/hardware/sam/1.6.9/variants/arduino_due_x/libsam_sam3x8e_gcc_rel.a(pio.o)
                0x00000000000816d6                PIO_SetOutput
 *fill*         0x00000000000816fa        0x2 
 .text.PIO_Configure
                0x00000000000816fc       0x64 /home/daniel/workspace/IntelliPilot/.arduino15/packages/arduino/hardware/sam/1.6.9/variants/arduino_due_x/libsam_sam3x8e_gcc_rel.a(pio.o)
                0x00000000000816fc                PIO_Configure
 .text.PIO_GetOutputDataStatus
                0x0000000000081760       0x14 /home/daniel/workspace/IntelliPilot/.arduino15/packages/arduino/hardware/sam/1.6.9/variants/arduino_due_x/libsam_sam3x8e_gcc_rel.a(pio.o)
                0x0000000000081760                PIO_GetOutputDataStatus
 .text.pmc_enable_upll_clock
                0x0000000000081774       0x14 /home/daniel/workspace/IntelliPilot/.arduino15/packages/arduino/hardware/sam/1.6.9/variants/arduino_due_x/libsam_sam3x8e_gcc_rel.a(pmc.o)
                0x0000000000081774                pmc_enable_upll_clock
 .text.pmc_enable_periph_clk
                0x0000000000081788       0x44 /home/daniel/workspace/IntelliPilot/.arduino15/packages/arduino/hardware/sam/1.6.9/variants/arduino_due_x/libsam_sam3x8e_gcc_rel.a(pmc.o)
                0x0000000000081788                pmc_enable_periph_clk
 .text.pmc_disable_periph_clk
                0x00000000000817cc       0x40 /home/daniel/workspace/IntelliPilot/.arduino15/packages/arduino/hardware/sam/1.6.9/variants/arduino_due_x/libsam_sam3x8e_gcc_rel.a(pmc.o)
                0x00000000000817cc                pmc_disable_periph_clk
 .text.pmc_switch_udpck_to_upllck
                0x000000000008180c       0x14 /home/daniel/workspace/IntelliPilot/.arduino15/packages/arduino/hardware/sam/1.6.9/variants/arduino_due_x/libsam_sam3x8e_gcc_rel.a(pmc.o)
                0x000000000008180c                pmc_switch_udpck_to_upllck
 .text.pmc_enable_udpck
                0x0000000000081820        0xc /home/daniel/workspace/IntelliPilot/.arduino15/packages/arduino/hardware/sam/1.6.9/variants/arduino_due_x/libsam_sam3x8e_gcc_rel.a(pmc.o)
                0x0000000000081820                pmc_enable_udpck
 .text.TimeTick_Increment
                0x000000000008182c       0x10 /home/daniel/workspace/IntelliPilot/.arduino15/packages/arduino/hardware/sam/1.6.9/variants/arduino_due_x/libsam_sam3x8e_gcc_rel.a(timetick.o)
                0x000000000008182c                TimeTick_Increment
 .text.GetTickCount
                0x000000000008183c        0xc /home/daniel/workspace/IntelliPilot/.arduino15/packages/arduino/hardware/sam/1.6.9/variants/arduino_due_x/libsam_sam3x8e_gcc_rel.a(timetick.o)
                0x000000000008183c                GetTickCount
 .text.SystemInit
                0x0000000000081848       0x88 /home/daniel/workspace/IntelliPilot/.arduino15/packages/arduino/hardware/sam/1.6.9/variants/arduino_due_x/libsam_sam3x8e_gcc_rel.a(system_sam3xa.o)
                0x0000000000081848                SystemInit
 .text.adc_init
                0x00000000000818d0       0x98 /home/daniel/workspace/IntelliPilot/.arduino15/packages/arduino/hardware/sam/1.6.9/variants/arduino_due_x/libsam_sam3x8e_gcc_rel.a(adc.o)
                0x00000000000818d0                adc_init
 .text.adc_configure_trigger
                0x0000000000081968        0xe /home/daniel/workspace/IntelliPilot/.arduino15/packages/arduino/hardware/sam/1.6.9/variants/arduino_due_x/libsam_sam3x8e_gcc_rel.a(adc.o)
                0x0000000000081968                adc_configure_trigger
 .text.adc_configure_timing
                0x0000000000081976       0x1a /home/daniel/workspace/IntelliPilot/.arduino15/packages/arduino/hardware/sam/1.6.9/variants/arduino_due_x/libsam_sam3x8e_gcc_rel.a(adc.o)
                0x0000000000081976                adc_configure_timing
 .text.adc_disable_channel
                0x0000000000081990        0xa /home/daniel/workspace/IntelliPilot/.arduino15/packages/arduino/hardware/sam/1.6.9/variants/arduino_due_x/libsam_sam3x8e_gcc_rel.a(adc.o)
                0x0000000000081990                adc_disable_channel
 .text.adc_disable_all_channel
                0x000000000008199a        0x8 /home/daniel/workspace/IntelliPilot/.arduino15/packages/arduino/hardware/sam/1.6.9/variants/arduino_due_x/libsam_sam3x8e_gcc_rel.a(adc.o)
                0x000000000008199a                adc_disable_all_channel
 .text.adc_disable_interrupt
                0x00000000000819a2        0x4 /home/daniel/workspace/IntelliPilot/.arduino15/packages/arduino/hardware/sam/1.6.9/variants/arduino_due_x/libsam_sam3x8e_gcc_rel.a(adc.o)
                0x00000000000819a2                adc_disable_interrupt
 *fill*         0x00000000000819a6        0x2 
 .text.UDD_SetStack
                0x00000000000819a8        0xc /home/daniel/workspace/IntelliPilot/.arduino15/packages/arduino/hardware/sam/1.6.9/variants/arduino_due_x/libsam_sam3x8e_gcc_rel.a(uotghs_device.o)
                0x00000000000819a8                UDD_SetStack
 .text.UDD_Init
                0x00000000000819b4       0xd0 /home/daniel/workspace/IntelliPilot/.arduino15/packages/arduino/hardware/sam/1.6.9/variants/arduino_due_x/libsam_sam3x8e_gcc_rel.a(uotghs_device.o)
                0x00000000000819b4                UDD_Init
 .text.UDD_Attach
                0x0000000000081a84       0x50 /home/daniel/workspace/IntelliPilot/.arduino15/packages/arduino/hardware/sam/1.6.9/variants/arduino_due_x/libsam_sam3x8e_gcc_rel.a(uotghs_device.o)
                0x0000000000081a84                UDD_Attach
 .text.UDD_InitEP
                0x0000000000081ad4       0x2c /home/daniel/workspace/IntelliPilot/.arduino15/packages/arduino/hardware/sam/1.6.9/variants/arduino_due_x/libsam_sam3x8e_gcc_rel.a(uotghs_device.o)
                0x0000000000081ad4                UDD_InitEP
 .text.UDD_InitEndpoints
                0x0000000000081b00       0x3c /home/daniel/workspace/IntelliPilot/.arduino15/packages/arduino/hardware/sam/1.6.9/variants/arduino_due_x/libsam_sam3x8e_gcc_rel.a(uotghs_device.o)
                0x0000000000081b00                UDD_InitEndpoints
 .text.UDD_WaitIN
                0x0000000000081b3c       0x10 /home/daniel/workspace/IntelliPilot/.arduino15/packages/arduino/hardware/sam/1.6.9/variants/arduino_due_x/libsam_sam3x8e_gcc_rel.a(uotghs_device.o)
                0x0000000000081b3c                UDD_WaitIN
 .text.UDD_WaitOUT
                0x0000000000081b4c       0x10 /home/daniel/workspace/IntelliPilot/.arduino15/packages/arduino/hardware/sam/1.6.9/variants/arduino_due_x/libsam_sam3x8e_gcc_rel.a(uotghs_device.o)
                0x0000000000081b4c                UDD_WaitOUT
 .text.UDD_ClearIN
                0x0000000000081b5c       0x18 /home/daniel/workspace/IntelliPilot/.arduino15/packages/arduino/hardware/sam/1.6.9/variants/arduino_due_x/libsam_sam3x8e_gcc_rel.a(uotghs_device.o)
                0x0000000000081b5c                UDD_ClearIN
 .text.UDD_ClearOUT
                0x0000000000081b74       0x18 /home/daniel/workspace/IntelliPilot/.arduino15/packages/arduino/hardware/sam/1.6.9/variants/arduino_due_x/libsam_sam3x8e_gcc_rel.a(uotghs_device.o)
                0x0000000000081b74                UDD_ClearOUT
 .text.UDD_ReceivedSetupInt
                0x0000000000081b8c       0x10 /home/daniel/workspace/IntelliPilot/.arduino15/packages/arduino/hardware/sam/1.6.9/variants/arduino_due_x/libsam_sam3x8e_gcc_rel.a(uotghs_device.o)
                0x0000000000081b8c                UDD_ReceivedSetupInt
 .text.UDD_ClearSetupInt
                0x0000000000081b9c       0x10 /home/daniel/workspace/IntelliPilot/.arduino15/packages/arduino/hardware/sam/1.6.9/variants/arduino_due_x/libsam_sam3x8e_gcc_rel.a(uotghs_device.o)
                0x0000000000081b9c                UDD_ClearSetupInt
 .text.UDD_Send
                0x0000000000081bac       0x88 /home/daniel/workspace/IntelliPilot/.arduino15/packages/arduino/hardware/sam/1.6.9/variants/arduino_due_x/libsam_sam3x8e_gcc_rel.a(uotghs_device.o)
                0x0000000000081bac                UDD_Send
 .text.UDD_Send8
                0x0000000000081c34       0x24 /home/daniel/workspace/IntelliPilot/.arduino15/packages/arduino/hardware/sam/1.6.9/variants/arduino_due_x/libsam_sam3x8e_gcc_rel.a(uotghs_device.o)
                0x0000000000081c34                UDD_Send8
 .text.UDD_Recv8
                0x0000000000081c58       0x28 /home/daniel/workspace/IntelliPilot/.arduino15/packages/arduino/hardware/sam/1.6.9/variants/arduino_due_x/libsam_sam3x8e_gcc_rel.a(uotghs_device.o)
                0x0000000000081c58                UDD_Recv8
 .text.UDD_Recv
                0x0000000000081c80       0x34 /home/daniel/workspace/IntelliPilot/.arduino15/packages/arduino/hardware/sam/1.6.9/variants/arduino_due_x/libsam_sam3x8e_gcc_rel.a(uotghs_device.o)
                0x0000000000081c80                UDD_Recv
 .text.UDD_Stall
                0x0000000000081cb4       0x14 /home/daniel/workspace/IntelliPilot/.arduino15/packages/arduino/hardware/sam/1.6.9/variants/arduino_due_x/libsam_sam3x8e_gcc_rel.a(uotghs_device.o)
                0x0000000000081cb4                UDD_Stall
 .text.UDD_FifoByteCount
                0x0000000000081cc8       0x14 /home/daniel/workspace/IntelliPilot/.arduino15/packages/arduino/hardware/sam/1.6.9/variants/arduino_due_x/libsam_sam3x8e_gcc_rel.a(uotghs_device.o)
                0x0000000000081cc8                UDD_FifoByteCount
 .text.UDD_ReleaseRX
                0x0000000000081cdc       0x28 /home/daniel/workspace/IntelliPilot/.arduino15/packages/arduino/hardware/sam/1.6.9/variants/arduino_due_x/libsam_sam3x8e_gcc_rel.a(uotghs_device.o)
                0x0000000000081cdc                UDD_ReleaseRX
 .text.UDD_ReleaseTX
                0x0000000000081d04       0x28 /home/daniel/workspace/IntelliPilot/.arduino15/packages/arduino/hardware/sam/1.6.9/variants/arduino_due_x/libsam_sam3x8e_gcc_rel.a(uotghs_device.o)
                0x0000000000081d04                UDD_ReleaseTX
 .text.UDD_SetAddress
                0x0000000000081d2c       0x20 /home/daniel/workspace/IntelliPilot/.arduino15/packages/arduino/hardware/sam/1.6.9/variants/arduino_due_x/libsam_sam3x8e_gcc_rel.a(uotghs_device.o)
                0x0000000000081d2c                UDD_SetAddress
 .text          0x0000000000081d4c      0xa28 /home/daniel/workspace/IntelliPilot/.arduino15/packages/arduino/tools/arm-none-eabi-gcc/4.8.3-2014q1/bin/../lib/gcc/arm-none-eabi/4.8.3/armv7-m/libgcc.a(unwind-arm.o)
                0x0000000000082030                _Unwind_GetCFA
                0x0000000000082034                __gnu_Unwind_RaiseException
                0x0000000000082094                __gnu_Unwind_ForcedUnwind
                0x00000000000820a8                __gnu_Unwind_Resume
                0x00000000000820ec                __gnu_Unwind_Resume_or_Rethrow
                0x0000000000082108                _Unwind_Complete
                0x000000000008210c                _Unwind_DeleteException
                0x000000000008211c                _Unwind_VRS_Get
                0x000000000008216c                _Unwind_VRS_Set
                0x00000000000821bc                __gnu_Unwind_Backtrace
                0x0000000000082510                __aeabi_unwind_cpp_pr0
                0x0000000000082518                __aeabi_unwind_cpp_pr1
                0x0000000000082520                __aeabi_unwind_cpp_pr2
                0x0000000000082528                _Unwind_VRS_Pop
 .text          0x0000000000082774      0x1ac /home/daniel/workspace/IntelliPilot/.arduino15/packages/arduino/tools/arm-none-eabi-gcc/4.8.3-2014q1/bin/../lib/gcc/arm-none-eabi/4.8.3/armv7-m/libgcc.a(libunwind.o)
                0x0000000000082774                __restore_core_regs
                0x0000000000082774                restore_core_regs
                0x000000000008278c                __gnu_Unwind_Restore_VFP
                0x0000000000082794                __gnu_Unwind_Save_VFP
                0x000000000008279c                __gnu_Unwind_Restore_VFP_D
                0x00000000000827a4                __gnu_Unwind_Save_VFP_D
                0x00000000000827ac                __gnu_Unwind_Restore_VFP_D_16_to_31
                0x00000000000827b4                __gnu_Unwind_Save_VFP_D_16_to_31
                0x00000000000827bc                __gnu_Unwind_Restore_WMMXD
                0x0000000000082800                __gnu_Unwind_Save_WMMXD
                0x0000000000082844                __gnu_Unwind_Restore_WMMXC
                0x0000000000082858                __gnu_Unwind_Save_WMMXC
                0x000000000008286c                ___Unwind_RaiseException
                0x000000000008286c                _Unwind_RaiseException
                0x0000000000082890                ___Unwind_Resume
                0x0000000000082890                _Unwind_Resume
                0x00000000000828b4                _Unwind_Resume_or_Rethrow
                0x00000000000828b4                ___Unwind_Resume_or_Rethrow
                0x00000000000828d8                ___Unwind_ForcedUnwind
                0x00000000000828d8                _Unwind_ForcedUnwind
                0x00000000000828fc                _Unwind_Backtrace
                0x00000000000828fc                ___Unwind_Backtrace
 .text          0x0000000000082920      0x33c /home/daniel/workspace/IntelliPilot/.arduino15/packages/arduino/tools/arm-none-eabi-gcc/4.8.3-2014q1/bin/../lib/gcc/arm-none-eabi/4.8.3/armv7-m/libgcc.a(pr-support.o)
                0x0000000000082974                __gnu_unwind_execute
                0x0000000000082c04                __gnu_unwind_frame
                0x0000000000082c2c                _Unwind_GetRegionStart
                0x0000000000082c38                _Unwind_GetLanguageSpecificData
                0x0000000000082c4c                _Unwind_GetDataRelBase
                0x0000000000082c54                _Unwind_GetTextRelBase
 .text.abort    0x0000000000082c5c       0x10 /home/daniel/workspace/IntelliPilot/.arduino15/packages/arduino/tools/arm-none-eabi-gcc/4.8.3-2014q1/bin/../lib/gcc/arm-none-eabi/4.8.3/../../../../arm-none-eabi/lib/armv7-m/libc.a(lib_a-abort.o)
                0x0000000000082c5c                abort
 .text.__libc_init_array
                0x0000000000082c6c       0x50 /home/daniel/workspace/IntelliPilot/.arduino15/packages/arduino/tools/arm-none-eabi-gcc/4.8.3-2014q1/bin/../lib/gcc/arm-none-eabi/4.8.3/../../../../arm-none-eabi/lib/armv7-m/libc.a(lib_a-init.o)
                0x0000000000082c6c                __libc_init_array
 .text.iprintf  0x0000000000082cbc       0x28 /home/daniel/workspace/IntelliPilot/.arduino15/packages/arduino/tools/arm-none-eabi-gcc/4.8.3-2014q1/bin/../lib/gcc/arm-none-eabi/4.8.3/../../../../arm-none-eabi/lib/armv7-m/libc.a(lib_a-iprintf.o)
                0x0000000000082cbc                iprintf
 .text.malloc   0x0000000000082ce4       0x10 /home/daniel/workspace/IntelliPilot/.arduino15/packages/arduino/tools/arm-none-eabi-gcc/4.8.3-2014q1/bin/../lib/gcc/arm-none-eabi/4.8.3/../../../../arm-none-eabi/lib/armv7-m/libc.a(lib_a-malloc.o)
                0x0000000000082ce4                malloc
 .text._malloc_r
                0x0000000000082cf4      0x538 /home/daniel/workspace/IntelliPilot/.arduino15/packages/arduino/tools/arm-none-eabi-gcc/4.8.3-2014q1/bin/../lib/gcc/arm-none-eabi/4.8.3/../../../../arm-none-eabi/lib/armv7-m/libc.a(lib_a-mallocr.o)
                0x0000000000082cf4                _malloc_r
 .text          0x000000000008322c       0xec /home/daniel/workspace/IntelliPilot/.arduino15/packages/arduino/tools/arm-none-eabi-gcc/4.8.3-2014q1/bin/../lib/gcc/arm-none-eabi/4.8.3/../../../../arm-none-eabi/lib/armv7-m/libc.a(lib_a-memcpy.o)
                0x000000000008322c                memcpy
 .text.memset   0x0000000000083318       0x94 /home/daniel/workspace/IntelliPilot/.arduino15/packages/arduino/tools/arm-none-eabi-gcc/4.8.3-2014q1/bin/../lib/gcc/arm-none-eabi/4.8.3/../../../../arm-none-eabi/lib/armv7-m/libc.a(lib_a-memset.o)
                0x0000000000083318                memset
 .text.__malloc_lock
                0x00000000000833ac        0x4 /home/daniel/workspace/IntelliPilot/.arduino15/packages/arduino/tools/arm-none-eabi-gcc/4.8.3-2014q1/bin/../lib/gcc/arm-none-eabi/4.8.3/../../../../arm-none-eabi/lib/armv7-m/libc.a(lib_a-mlock.o)
                0x00000000000833ac                __malloc_lock
 .text.__malloc_unlock
                0x00000000000833b0        0x4 /home/daniel/workspace/IntelliPilot/.arduino15/packages/arduino/tools/arm-none-eabi-gcc/4.8.3-2014q1/bin/../lib/gcc/arm-none-eabi/4.8.3/../../../../arm-none-eabi/lib/armv7-m/libc.a(lib_a-mlock.o)
                0x00000000000833b0                __malloc_unlock
 .text._sbrk_r  0x00000000000833b4       0x24 /home/daniel/workspace/IntelliPilot/.arduino15/packages/arduino/tools/arm-none-eabi-gcc/4.8.3-2014q1/bin/../lib/gcc/arm-none-eabi/4.8.3/../../../../arm-none-eabi/lib/armv7-m/libc.a(lib_a-sbrkr.o)
                0x00000000000833b4                _sbrk_r
 .text._raise_r
                0x00000000000833d8       0x58 /home/daniel/workspace/IntelliPilot/.arduino15/packages/arduino/tools/arm-none-eabi-gcc/4.8.3-2014q1/bin/../lib/gcc/arm-none-eabi/4.8.3/../../../../arm-none-eabi/lib/armv7-m/libc.a(lib_a-signal.o)
                0x00000000000833d8                _raise_r
 .text.raise    0x0000000000083430       0x10 /home/daniel/workspace/IntelliPilot/.arduino15/packages/arduino/tools/arm-none-eabi-gcc/4.8.3-2014q1/bin/../lib/gcc/arm-none-eabi/4.8.3/../../../../arm-none-eabi/lib/armv7-m/libc.a(lib_a-signal.o)
                0x0000000000083430                raise
 .text._kill_r  0x0000000000083440       0x28 /home/daniel/workspace/IntelliPilot/.arduino15/packages/arduino/tools/arm-none-eabi-gcc/4.8.3-2014q1/bin/../lib/gcc/arm-none-eabi/4.8.3/../../../../arm-none-eabi/lib/armv7-m/libc.a(lib_a-signalr.o)
                0x0000000000083440                _kill_r
 .text._getpid_r
                0x0000000000083468        0x4 /home/daniel/workspace/IntelliPilot/.arduino15/packages/arduino/tools/arm-none-eabi-gcc/4.8.3-2014q1/bin/../lib/gcc/arm-none-eabi/4.8.3/../../../../arm-none-eabi/lib/armv7-m/libc.a(lib_a-signalr.o)
                0x0000000000083468                _getpid_r
 .text.strlen   0x000000000008346c       0x60 /home/daniel/workspace/IntelliPilot/.arduino15/packages/arduino/tools/arm-none-eabi-gcc/4.8.3-2014q1/bin/../lib/gcc/arm-none-eabi/4.8.3/../../../../arm-none-eabi/lib/armv7-m/libc.a(lib_a-strlen.o)
                0x000000000008346c                strlen
 .text.__sprint_r.part.0
                0x00000000000834cc       0x78 /home/daniel/workspace/IntelliPilot/.arduino15/packages/arduino/tools/arm-none-eabi-gcc/4.8.3-2014q1/bin/../lib/gcc/arm-none-eabi/4.8.3/../../../../arm-none-eabi/lib/armv7-m/libc.a(lib_a-vfiprintf.o)
 .text._vfiprintf_r
                0x0000000000083544      0xc54 /home/daniel/workspace/IntelliPilot/.arduino15/packages/arduino/tools/arm-none-eabi-gcc/4.8.3-2014q1/bin/../lib/gcc/arm-none-eabi/4.8.3/../../../../arm-none-eabi/lib/armv7-m/libc.a(lib_a-vfiprintf.o)
                0x0000000000083544                _vfiprintf_r
 .text.__sbprintf
                0x0000000000084198       0x7c /home/daniel/workspace/IntelliPilot/.arduino15/packages/arduino/tools/arm-none-eabi-gcc/4.8.3-2014q1/bin/../lib/gcc/arm-none-eabi/4.8.3/../../../../arm-none-eabi/lib/armv7-m/libc.a(lib_a-vfiprintf.o)
 .text.__swsetup_r
                0x0000000000084214       0xc4 /home/daniel/workspace/IntelliPilot/.arduino15/packages/arduino/tools/arm-none-eabi-gcc/4.8.3-2014q1/bin/../lib/gcc/arm-none-eabi/4.8.3/../../../../arm-none-eabi/lib/armv7-m/libc.a(lib_a-wsetup.o)
                0x0000000000084214                __swsetup_r
 .text.startup.register_fini
                0x00000000000842d8       0x14 /home/daniel/workspace/IntelliPilot/.arduino15/packages/arduino/tools/arm-none-eabi-gcc/4.8.3-2014q1/bin/../lib/gcc/arm-none-eabi/4.8.3/../../../../arm-none-eabi/lib/armv7-m/libc.a(lib_a-__call_atexit.o)
 .text.atexit   0x00000000000842ec        0xc /home/daniel/workspace/IntelliPilot/.arduino15/packages/arduino/tools/arm-none-eabi-gcc/4.8.3-2014q1/bin/../lib/gcc/arm-none-eabi/4.8.3/../../../../arm-none-eabi/lib/armv7-m/libc.a(lib_a-atexit.o)
                0x00000000000842ec                atexit
 .text.__sflush_r
                0x00000000000842f8      0x148 /home/daniel/workspace/IntelliPilot/.arduino15/packages/arduino/tools/arm-none-eabi-gcc/4.8.3-2014q1/bin/../lib/gcc/arm-none-eabi/4.8.3/../../../../arm-none-eabi/lib/armv7-m/libc.a(lib_a-fflush.o)
                0x00000000000842f8                __sflush_r
 .text._fflush_r
                0x0000000000084440       0x2c /home/daniel/workspace/IntelliPilot/.arduino15/packages/arduino/tools/arm-none-eabi-gcc/4.8.3-2014q1/bin/../lib/gcc/arm-none-eabi/4.8.3/../../../../arm-none-eabi/lib/armv7-m/libc.a(lib_a-fflush.o)
                0x0000000000084440                _fflush_r
 .text._cleanup_r
                0x000000000008446c        0xc /home/daniel/workspace/IntelliPilot/.arduino15/packages/arduino/tools/arm-none-eabi-gcc/4.8.3-2014q1/bin/../lib/gcc/arm-none-eabi/4.8.3/../../../../arm-none-eabi/lib/armv7-m/libc.a(lib_a-findfp.o)
                0x000000000008446c                _cleanup_r
 .text.__sinit  0x0000000000084478       0xf4 /home/daniel/workspace/IntelliPilot/.arduino15/packages/arduino/tools/arm-none-eabi-gcc/4.8.3-2014q1/bin/../lib/gcc/arm-none-eabi/4.8.3/../../../../arm-none-eabi/lib/armv7-m/libc.a(lib_a-findfp.o)
                0x0000000000084478                __sinit
 .text.__sfp_lock_acquire
                0x000000000008456c        0x4 /home/daniel/workspace/IntelliPilot/.arduino15/packages/arduino/tools/arm-none-eabi-gcc/4.8.3-2014q1/bin/../lib/gcc/arm-none-eabi/4.8.3/../../../../arm-none-eabi/lib/armv7-m/libc.a(lib_a-findfp.o)
                0x000000000008456c                __sfp_lock_acquire
 .text.__sfp_lock_release
                0x0000000000084570        0x4 /home/daniel/workspace/IntelliPilot/.arduino15/packages/arduino/tools/arm-none-eabi-gcc/4.8.3-2014q1/bin/../lib/gcc/arm-none-eabi/4.8.3/../../../../arm-none-eabi/lib/armv7-m/libc.a(lib_a-findfp.o)
                0x0000000000084570                __sfp_lock_release
 .text.__libc_fini_array
                0x0000000000084574       0x30 /home/daniel/workspace/IntelliPilot/.arduino15/packages/arduino/tools/arm-none-eabi-gcc/4.8.3-2014q1/bin/../lib/gcc/arm-none-eabi/4.8.3/../../../../arm-none-eabi/lib/armv7-m/libc.a(lib_a-fini.o)
                0x0000000000084574                __libc_fini_array
 .text._fputwc_r
                0x00000000000845a4       0xc0 /home/daniel/workspace/IntelliPilot/.arduino15/packages/arduino/tools/arm-none-eabi-gcc/4.8.3-2014q1/bin/../lib/gcc/arm-none-eabi/4.8.3/../../../../arm-none-eabi/lib/armv7-m/libc.a(lib_a-fputwc.o)
                0x00000000000845a4                _fputwc_r
 .text._malloc_trim_r
                0x0000000000084664       0x9c /home/daniel/workspace/IntelliPilot/.arduino15/packages/arduino/tools/arm-none-eabi-gcc/4.8.3-2014q1/bin/../lib/gcc/arm-none-eabi/4.8.3/../../../../arm-none-eabi/lib/armv7-m/libc.a(lib_a-freer.o)
                0x0000000000084664                _malloc_trim_r
 .text._free_r  0x0000000000084700      0x198 /home/daniel/workspace/IntelliPilot/.arduino15/packages/arduino/tools/arm-none-eabi-gcc/4.8.3-2014q1/bin/../lib/gcc/arm-none-eabi/4.8.3/../../../../arm-none-eabi/lib/armv7-m/libc.a(lib_a-freer.o)
                0x0000000000084700                _free_r
 .text.__sfvwrite_r
                0x0000000000084898      0x314 /home/daniel/workspace/IntelliPilot/.arduino15/packages/arduino/tools/arm-none-eabi-gcc/4.8.3-2014q1/bin/../lib/gcc/arm-none-eabi/4.8.3/../../../../arm-none-eabi/lib/armv7-m/libc.a(lib_a-fvwrite.o)
                0x0000000000084898                __sfvwrite_r
 .text._fwalk   0x0000000000084bac       0x48 /home/daniel/workspace/IntelliPilot/.arduino15/packages/arduino/tools/arm-none-eabi-gcc/4.8.3-2014q1/bin/../lib/gcc/arm-none-eabi/4.8.3/../../../../arm-none-eabi/lib/armv7-m/libc.a(lib_a-fwalk.o)
                0x0000000000084bac                _fwalk
 .text.__locale_charset
                0x0000000000084bf4        0x8 /home/daniel/workspace/IntelliPilot/.arduino15/packages/arduino/tools/arm-none-eabi-gcc/4.8.3-2014q1/bin/../lib/gcc/arm-none-eabi/4.8.3/../../../../arm-none-eabi/lib/armv7-m/libc.a(lib_a-locale.o)
                0x0000000000084bf4                __locale_charset
 .text.__locale_mb_cur_max
                0x0000000000084bfc        0xc /home/daniel/workspace/IntelliPilot/.arduino15/packages/arduino/tools/arm-none-eabi-gcc/4.8.3-2014q1/bin/../lib/gcc/arm-none-eabi/4.8.3/../../../../arm-none-eabi/lib/armv7-m/libc.a(lib_a-locale.o)
                0x0000000000084bfc                __locale_mb_cur_max
 .text.__smakebuf_r
                0x0000000000084c08       0xe0 /home/daniel/workspace/IntelliPilot/.arduino15/packages/arduino/tools/arm-none-eabi-gcc/4.8.3-2014q1/bin/../lib/gcc/arm-none-eabi/4.8.3/../../../../arm-none-eabi/lib/armv7-m/libc.a(lib_a-makebuf.o)
                0x0000000000084c08                __smakebuf_r
 .text.memchr   0x0000000000084ce8       0x94 /home/daniel/workspace/IntelliPilot/.arduino15/packages/arduino/tools/arm-none-eabi-gcc/4.8.3-2014q1/bin/../lib/gcc/arm-none-eabi/4.8.3/../../../../arm-none-eabi/lib/armv7-m/libc.a(lib_a-memchr-stub.o)
                0x0000000000084ce8                memchr
 .text.memmove  0x0000000000084d7c       0xcc /home/daniel/workspace/IntelliPilot/.arduino15/packages/arduino/tools/arm-none-eabi-gcc/4.8.3-2014q1/bin/../lib/gcc/arm-none-eabi/4.8.3/../../../../arm-none-eabi/lib/armv7-m/libc.a(lib_a-memmove.o)
                0x0000000000084d7c                memmove
 .text._realloc_r
                0x0000000000084e48      0x3c0 /home/daniel/workspace/IntelliPilot/.arduino15/packages/arduino/tools/arm-none-eabi-gcc/4.8.3-2014q1/bin/../lib/gcc/arm-none-eabi/4.8.3/../../../../arm-none-eabi/lib/armv7-m/libc.a(lib_a-reallocr.o)
                0x0000000000084e48                _realloc_r
 .text.__sread  0x0000000000085208       0x24 /home/daniel/workspace/IntelliPilot/.arduino15/packages/arduino/tools/arm-none-eabi-gcc/4.8.3-2014q1/bin/../lib/gcc/arm-none-eabi/4.8.3/../../../../arm-none-eabi/lib/armv7-m/libc.a(lib_a-stdio.o)
                0x0000000000085208                __sread
 .text.__swrite
                0x000000000008522c       0x38 /home/daniel/workspace/IntelliPilot/.arduino15/packages/arduino/tools/arm-none-eabi-gcc/4.8.3-2014q1/bin/../lib/gcc/arm-none-eabi/4.8.3/../../../../arm-none-eabi/lib/armv7-m/libc.a(lib_a-stdio.o)
                0x000000000008522c                __swrite
 .text.__sseek  0x0000000000085264       0x20 /home/daniel/workspace/IntelliPilot/.arduino15/packages/arduino/tools/arm-none-eabi-gcc/4.8.3-2014q1/bin/../lib/gcc/arm-none-eabi/4.8.3/../../../../arm-none-eabi/lib/armv7-m/libc.a(lib_a-stdio.o)
                0x0000000000085264                __sseek
 .text.__sclose
                0x0000000000085284        0x8 /home/daniel/workspace/IntelliPilot/.arduino15/packages/arduino/tools/arm-none-eabi-gcc/4.8.3-2014q1/bin/../lib/gcc/arm-none-eabi/4.8.3/../../../../arm-none-eabi/lib/armv7-m/libc.a(lib_a-stdio.o)
                0x0000000000085284                __sclose
 .text.__swbuf_r
                0x000000000008528c       0xa8 /home/daniel/workspace/IntelliPilot/.arduino15/packages/arduino/tools/arm-none-eabi-gcc/4.8.3-2014q1/bin/../lib/gcc/arm-none-eabi/4.8.3/../../../../arm-none-eabi/lib/armv7-m/libc.a(lib_a-wbuf.o)
                0x000000000008528c                __swbuf_r
 .text._wcrtomb_r
                0x0000000000085334       0x50 /home/daniel/workspace/IntelliPilot/.arduino15/packages/arduino/tools/arm-none-eabi-gcc/4.8.3-2014q1/bin/../lib/gcc/arm-none-eabi/4.8.3/../../../../arm-none-eabi/lib/armv7-m/libc.a(lib_a-wcrtomb.o)
                0x0000000000085334                _wcrtomb_r
 .text.__ascii_wctomb
                0x0000000000085384       0x1c /home/daniel/workspace/IntelliPilot/.arduino15/packages/arduino/tools/arm-none-eabi-gcc/4.8.3-2014q1/bin/../lib/gcc/arm-none-eabi/4.8.3/../../../../arm-none-eabi/lib/armv7-m/libc.a(lib_a-wctomb_r.o)
                0x0000000000085384                __ascii_wctomb
 .text._write_r
                0x00000000000853a0       0x28 /home/daniel/workspace/IntelliPilot/.arduino15/packages/arduino/tools/arm-none-eabi-gcc/4.8.3-2014q1/bin/../lib/gcc/arm-none-eabi/4.8.3/../../../../arm-none-eabi/lib/armv7-m/libc.a(lib_a-writer.o)
                0x00000000000853a0                _write_r
 .text.__register_exitproc
                0x00000000000853c8       0xa8 /home/daniel/workspace/IntelliPilot/.arduino15/packages/arduino/tools/arm-none-eabi-gcc/4.8.3-2014q1/bin/../lib/gcc/arm-none-eabi/4.8.3/../../../../arm-none-eabi/lib/armv7-m/libc.a(lib_a-__atexit.o)
                0x00000000000853c8                __register_exitproc
 .text._close_r
                0x0000000000085470       0x24 /home/daniel/workspace/IntelliPilot/.arduino15/packages/arduino/tools/arm-none-eabi-gcc/4.8.3-2014q1/bin/../lib/gcc/arm-none-eabi/4.8.3/../../../../arm-none-eabi/lib/armv7-m/libc.a(lib_a-closer.o)
                0x0000000000085470                _close_r
 .text._fclose_r
                0x0000000000085494       0x80 /home/daniel/workspace/IntelliPilot/.arduino15/packages/arduino/tools/arm-none-eabi-gcc/4.8.3-2014q1/bin/../lib/gcc/arm-none-eabi/4.8.3/../../../../arm-none-eabi/lib/armv7-m/libc.a(lib_a-fclose.o)
                0x0000000000085494                _fclose_r
 .text.fclose   0x0000000000085514       0x10 /home/daniel/workspace/IntelliPilot/.arduino15/packages/arduino/tools/arm-none-eabi-gcc/4.8.3-2014q1/bin/../lib/gcc/arm-none-eabi/4.8.3/../../../../arm-none-eabi/lib/armv7-m/libc.a(lib_a-fclose.o)
                0x0000000000085514                fclose
 .text._fstat_r
                0x0000000000085524       0x28 /home/daniel/workspace/IntelliPilot/.arduino15/packages/arduino/tools/arm-none-eabi-gcc/4.8.3-2014q1/bin/../lib/gcc/arm-none-eabi/4.8.3/../../../../arm-none-eabi/lib/armv7-m/libc.a(lib_a-fstatr.o)
                0x0000000000085524                _fstat_r
 .text._isatty_r
                0x000000000008554c       0x24 /home/daniel/workspace/IntelliPilot/.arduino15/packages/arduino/tools/arm-none-eabi-gcc/4.8.3-2014q1/bin/../lib/gcc/arm-none-eabi/4.8.3/../../../../arm-none-eabi/lib/armv7-m/libc.a(lib_a-isattyr.o)
                0x000000000008554c                _isatty_r
 .text._lseek_r
                0x0000000000085570       0x28 /home/daniel/workspace/IntelliPilot/.arduino15/packages/arduino/tools/arm-none-eabi-gcc/4.8.3-2014q1/bin/../lib/gcc/arm-none-eabi/4.8.3/../../../../arm-none-eabi/lib/armv7-m/libc.a(lib_a-lseekr.o)
                0x0000000000085570                _lseek_r
 .text._read_r  0x0000000000085598       0x28 /home/daniel/workspace/IntelliPilot/.arduino15/packages/arduino/tools/arm-none-eabi-gcc/4.8.3-2014q1/bin/../lib/gcc/arm-none-eabi/4.8.3/../../../../arm-none-eabi/lib/armv7-m/libc.a(lib_a-readr.o)
                0x0000000000085598                _read_r
 .text          0x00000000000855c0       0x2c /home/daniel/workspace/IntelliPilot/.arduino15/packages/arduino/tools/arm-none-eabi-gcc/4.8.3-2014q1/bin/../lib/gcc/arm-none-eabi/4.8.3/armv7-m/libgcc.a(_aeabi_uldivmod.o)
                0x00000000000855c0                __aeabi_uldivmod
 .text          0x00000000000855ec       0x60 /home/daniel/workspace/IntelliPilot/.arduino15/packages/arduino/tools/arm-none-eabi-gcc/4.8.3-2014q1/bin/../lib/gcc/arm-none-eabi/4.8.3/armv7-m/libgcc.a(bpabi.o)
                0x00000000000855ec                __gnu_ldivmod_helper
                0x000000000008561c                __gnu_uldivmod_helper
 .text          0x000000000008564c        0x4 /home/daniel/workspace/IntelliPilot/.arduino15/packages/arduino/tools/arm-none-eabi-gcc/4.8.3-2014q1/bin/../lib/gcc/arm-none-eabi/4.8.3/armv7-m/libgcc.a(_dvmd_tls.o)
                0x000000000008564c                __aeabi_ldiv0
                0x000000000008564c                __aeabi_idiv0
 .text          0x0000000000085650      0x2a0 /home/daniel/workspace/IntelliPilot/.arduino15/packages/arduino/tools/arm-none-eabi-gcc/4.8.3-2014q1/bin/../lib/gcc/arm-none-eabi/4.8.3/armv7-m/libgcc.a(_divdi3.o)
                0x0000000000085650                __divdi3
 .text          0x00000000000858f0      0x290 /home/daniel/workspace/IntelliPilot/.arduino15/packages/arduino/tools/arm-none-eabi-gcc/4.8.3-2014q1/bin/../lib/gcc/arm-none-eabi/4.8.3/armv7-m/libgcc.a(_udivdi3.o)
                0x00000000000858f0                __udivdi3
 *(.glue_7t)
 .glue_7t       0x0000000000000000        0x0 linker stubs
 *(.glue_7)
 .glue_7        0x0000000000000000        0x0 linker stubs
 *(.rodata .rodata* .gnu.linkonce.r.*)
 .rodata.str1.1
                0x0000000000085b80       0x19 /home/daniel/workspace/IntelliPilot/build/core/syscalls_sam3.c.o
 .rodata.STRING_PRODUCT
                0x0000000000085b99        0xc /home/daniel/workspace/IntelliPilot/build/core.a(USBCore.cpp.o)
                0x0000000000085b99                STRING_PRODUCT
 .rodata.USB_DeviceDescriptor
                0x0000000000085ba5       0x12 /home/daniel/workspace/IntelliPilot/build/core.a(USBCore.cpp.o)
                0x0000000000085ba5                USB_DeviceDescriptor
 *fill*         0x0000000000085bb7        0x1 
 .rodata.STRING_LANGUAGE
                0x0000000000085bb8        0x4 /home/daniel/workspace/IntelliPilot/build/core.a(USBCore.cpp.o)
                0x0000000000085bb8                STRING_LANGUAGE
 .rodata._ZL18test_packet_buffer
                0x0000000000085bbc       0x35 /home/daniel/workspace/IntelliPilot/build/core.a(USBCore.cpp.o)
 .rodata.STRING_MANUFACTURER
                0x0000000000085bf1        0xc /home/daniel/workspace/IntelliPilot/build/core.a(USBCore.cpp.o)
                0x0000000000085bf1                STRING_MANUFACTURER
 .rodata.USB_DeviceDescriptorA
                0x0000000000085bfd       0x12 /home/daniel/workspace/IntelliPilot/build/core.a(USBCore.cpp.o)
                0x0000000000085bfd                USB_DeviceDescriptorA
 .rodata._ZL19USB_DeviceQualifier
                0x0000000000085c0f        0x9 /home/daniel/workspace/IntelliPilot/build/core.a(USBCore.cpp.o)
 .rodata._ZTV7Serial_
                0x0000000000085c18       0x28 /home/daniel/workspace/IntelliPilot/build/core.a(CDC.cpp.o)
                0x0000000000085c18                vtable for Serial_
 .rodata._ZL18_cdcOtherInterface
                0x0000000000085c40       0x42 /home/daniel/workspace/IntelliPilot/build/core.a(CDC.cpp.o)
 .rodata._ZL13_cdcInterface
                0x0000000000085c82       0x42 /home/daniel/workspace/IntelliPilot/build/core.a(CDC.cpp.o)
 .rodata.g_APinDescription
                0x0000000000085cc4      0xa2c /home/daniel/workspace/IntelliPilot/build/core.a(variant.cpp.o)
                0x0000000000085cc4                g_APinDescription
 .rodata._ZTV10USARTClass
                0x00000000000866f0       0x30 /home/daniel/workspace/IntelliPilot/build/core.a(USARTClass.cpp.o)
                0x00000000000866f0                vtable for USARTClass
 .rodata._ZTV9UARTClass
                0x0000000000086720       0x30 /home/daniel/workspace/IntelliPilot/build/core.a(UARTClass.cpp.o)
                0x0000000000086720                vtable for UARTClass
 .rodata        0x0000000000086750       0x40 /home/daniel/workspace/IntelliPilot/.arduino15/packages/arduino/hardware/sam/1.6.9/variants/arduino_due_x/libsam_sam3x8e_gcc_rel.a(adc.o)
 .rodata.str1.4
                0x0000000000086790        0x2 /home/daniel/workspace/IntelliPilot/.arduino15/packages/arduino/tools/arm-none-eabi-gcc/4.8.3-2014q1/bin/../lib/gcc/arm-none-eabi/4.8.3/../../../../arm-none-eabi/lib/armv7-m/libc.a(lib_a-impure.o)
                                          0x4 (size before relaxing)
 *fill*         0x0000000000086792        0x2 
 .rodata._global_impure_ptr
                0x0000000000086794        0x4 /home/daniel/workspace/IntelliPilot/.arduino15/packages/arduino/tools/arm-none-eabi-gcc/4.8.3-2014q1/bin/../lib/gcc/arm-none-eabi/4.8.3/../../../../arm-none-eabi/lib/armv7-m/libc.a(lib_a-impure.o)
                0x0000000000086794                _global_impure_ptr
 .rodata.blanks.6717
                0x0000000000086798       0x10 /home/daniel/workspace/IntelliPilot/.arduino15/packages/arduino/tools/arm-none-eabi-gcc/4.8.3-2014q1/bin/../lib/gcc/arm-none-eabi/4.8.3/../../../../arm-none-eabi/lib/armv7-m/libc.a(lib_a-vfiprintf.o)
 .rodata.str1.4
                0x00000000000867a8       0x30 /home/daniel/workspace/IntelliPilot/.arduino15/packages/arduino/tools/arm-none-eabi-gcc/4.8.3-2014q1/bin/../lib/gcc/arm-none-eabi/4.8.3/../../../../arm-none-eabi/lib/armv7-m/libc.a(lib_a-vfiprintf.o)
 .rodata.zeroes.6718
                0x00000000000867d8       0x10 /home/daniel/workspace/IntelliPilot/.arduino15/packages/arduino/tools/arm-none-eabi-gcc/4.8.3-2014q1/bin/../lib/gcc/arm-none-eabi/4.8.3/../../../../arm-none-eabi/lib/armv7-m/libc.a(lib_a-vfiprintf.o)
 *(.ARM.extab* .gnu.linkonce.armextab.*)
 .ARM.extab.text.startup.main
                0x00000000000867e8        0xc /home/daniel/workspace/IntelliPilot/build/IntelliCopter.ino.cpp.o
 .ARM.extab     0x00000000000867f4        0xc /home/daniel/workspace/IntelliPilot/.arduino15/packages/arduino/tools/arm-none-eabi-gcc/4.8.3-2014q1/bin/../lib/gcc/arm-none-eabi/4.8.3/armv7-m/libgcc.a(unwind-arm.o)
 .ARM.extab     0x0000000000086800       0x18 /home/daniel/workspace/IntelliPilot/.arduino15/packages/arduino/tools/arm-none-eabi-gcc/4.8.3-2014q1/bin/../lib/gcc/arm-none-eabi/4.8.3/armv7-m/libgcc.a(pr-support.o)
                0x0000000000086818                . = ALIGN (0x4)
 *(.init)
 .init          0x0000000000086818        0x4 /home/daniel/workspace/IntelliPilot/.arduino15/packages/arduino/tools/arm-none-eabi-gcc/4.8.3-2014q1/bin/../lib/gcc/arm-none-eabi/4.8.3/armv7-m/crti.o
                0x0000000000086818                _init
 .init          0x000000000008681c        0x8 /home/daniel/workspace/IntelliPilot/.arduino15/packages/arduino/tools/arm-none-eabi-gcc/4.8.3-2014q1/bin/../lib/gcc/arm-none-eabi/4.8.3/armv7-m/crtn.o
                0x0000000000086824                . = ALIGN (0x4)
                0x0000000000086824                __preinit_array_start = .
 *(.preinit_array)
                0x0000000000086824                __preinit_array_end = .
                0x0000000000086824                . = ALIGN (0x4)
                0x0000000000086824                __init_array_start = .
 *(SORT(.init_array.*))
 .init_array.00000
                0x0000000000086824        0x4 /home/daniel/workspace/IntelliPilot/.arduino15/packages/arduino/tools/arm-none-eabi-gcc/4.8.3-2014q1/bin/../lib/gcc/arm-none-eabi/4.8.3/../../../../arm-none-eabi/lib/armv7-m/libc.a(lib_a-__call_atexit.o)
 *(.init_array)
 .init_array    0x0000000000086828        0x4 /home/daniel/workspace/IntelliPilot/.arduino15/packages/arduino/tools/arm-none-eabi-gcc/4.8.3-2014q1/bin/../lib/gcc/arm-none-eabi/4.8.3/armv7-m/crtbegin.o
 .init_array    0x000000000008682c        0x4 /home/daniel/workspace/IntelliPilot/build/IntelliCopter.ino.cpp.o
 .init_array    0x0000000000086830        0x4 /home/daniel/workspace/IntelliPilot/build/core.a(USBCore.cpp.o)
 .init_array    0x0000000000086834        0x4 /home/daniel/workspace/IntelliPilot/build/core.a(CDC.cpp.o)
 .init_array    0x0000000000086838        0x4 /home/daniel/workspace/IntelliPilot/build/core.a(variant.cpp.o)
                0x000000000008683c                __init_array_end = .
                0x000000000008683c                . = ALIGN (0x4)
 *crtbegin.o(.ctors)
 *(EXCLUDE_FILE(*crtend.o) .ctors)
 *(SORT(.ctors.*))
 *crtend.o(.ctors)
                0x000000000008683c                . = ALIGN (0x4)
 *(.fini)
 .fini          0x000000000008683c        0x4 /home/daniel/workspace/IntelliPilot/.arduino15/packages/arduino/tools/arm-none-eabi-gcc/4.8.3-2014q1/bin/../lib/gcc/arm-none-eabi/4.8.3/armv7-m/crti.o
                0x000000000008683c                _fini
 .fini          0x0000000000086840        0x8 /home/daniel/workspace/IntelliPilot/.arduino15/packages/arduino/tools/arm-none-eabi-gcc/4.8.3-2014q1/bin/../lib/gcc/arm-none-eabi/4.8.3/armv7-m/crtn.o
                0x0000000000086848                . = ALIGN (0x4)
                0x0000000000086848                __fini_array_start = .
 *(.fini_array)
 .fini_array    0x0000000000086848        0x4 /home/daniel/workspace/IntelliPilot/.arduino15/packages/arduino/tools/arm-none-eabi-gcc/4.8.3-2014q1/bin/../lib/gcc/arm-none-eabi/4.8.3/armv7-m/crtbegin.o
 *(SORT(.fini_array.*))
                0x000000000008684c                __fini_array_end = .
 *crtbegin.o(.dtors)
 *(EXCLUDE_FILE(*crtend.o) .dtors)
 *(SORT(.dtors.*))
 *crtend.o(.dtors)
                0x000000000008684c                . = ALIGN (0x4)
                0x000000000008684c                _efixed = .
                0x000000000008684c                PROVIDE (__exidx_start, .)

.vfp11_veneer   0x000000000008684c        0x0
 .vfp11_veneer  0x0000000000000000        0x0 linker stubs

.v4_bx          0x000000000008684c        0x0
 .v4_bx         0x0000000000000000        0x0 linker stubs

.iplt           0x000000000008684c        0x0
 .iplt          0x0000000000000000        0x0 /home/daniel/workspace/IntelliPilot/.arduino15/packages/arduino/tools/arm-none-eabi-gcc/4.8.3-2014q1/bin/../lib/gcc/arm-none-eabi/4.8.3/armv7-m/crtbegin.o

.ARM.exidx      0x000000000008684c       0xe0
 *(.ARM.exidx* .gnu.linkonce.armexidx.*)
 .ARM.exidx.text.initVariant
                0x000000000008684c        0x8 /home/daniel/workspace/IntelliPilot/build/IntelliCopter.ino.cpp.o
 .ARM.exidx.text.setup
                0x0000000000086854        0x8 /home/daniel/workspace/IntelliPilot/build/IntelliCopter.ino.cpp.o
 .ARM.exidx.text.startup.main
                0x000000000008685c        0x8 /home/daniel/workspace/IntelliPilot/build/IntelliCopter.ino.cpp.o
 .ARM.exidx.text.startup._GLOBAL__sub_I_main
                0x0000000000086864        0x8 /home/daniel/workspace/IntelliPilot/build/IntelliCopter.ino.cpp.o
 .ARM.exidx     0x000000000008686c       0x88 /home/daniel/workspace/IntelliPilot/.arduino15/packages/arduino/tools/arm-none-eabi-gcc/4.8.3-2014q1/bin/../lib/gcc/arm-none-eabi/4.8.3/armv7-m/libgcc.a(unwind-arm.o)
                                         0xd8 (size before relaxing)
 .ARM.exidx     0x00000000000868f4       0x38 /home/daniel/workspace/IntelliPilot/.arduino15/packages/arduino/tools/arm-none-eabi-gcc/4.8.3-2014q1/bin/../lib/gcc/arm-none-eabi/4.8.3/armv7-m/libgcc.a(pr-support.o)
                                         0x48 (size before relaxing)
 .ARM.exidx     0x000000000008692c        0x0 /home/daniel/workspace/IntelliPilot/.arduino15/packages/arduino/tools/arm-none-eabi-gcc/4.8.3-2014q1/bin/../lib/gcc/arm-none-eabi/4.8.3/armv7-m/libgcc.a(_divdi3.o)
                                          0x8 (size before relaxing)
 .ARM.exidx     0x000000000008692c        0x0 /home/daniel/workspace/IntelliPilot/.arduino15/packages/arduino/tools/arm-none-eabi-gcc/4.8.3-2014q1/bin/../lib/gcc/arm-none-eabi/4.8.3/armv7-m/libgcc.a(_udivdi3.o)
                                          0x8 (size before relaxing)
                0x000000000008692c                PROVIDE (__exidx_end, .)

.eh_frame       0x000000000008692c        0x0
 .eh_frame      0x000000000008692c        0x0 /home/daniel/workspace/IntelliPilot/.arduino15/packages/arduino/tools/arm-none-eabi-gcc/4.8.3-2014q1/bin/../lib/gcc/arm-none-eabi/4.8.3/armv7-m/crtbegin.o

.rel.dyn        0x000000000008692c        0x0
 .rel.iplt      0x0000000000000000        0x0 /home/daniel/workspace/IntelliPilot/.arduino15/packages/arduino/tools/arm-none-eabi-gcc/4.8.3-2014q1/bin/../lib/gcc/arm-none-eabi/4.8.3/armv7-m/crtbegin.o

.jcr            0x000000000008692c        0x0
 .jcr           0x000000000008692c        0x0 /home/daniel/workspace/IntelliPilot/.arduino15/packages/arduino/tools/arm-none-eabi-gcc/4.8.3-2014q1/bin/../lib/gcc/arm-none-eabi/4.8.3/armv7-m/crtbegin.o

.igot.plt       0x000000000008692c        0x0
 .igot.plt      0x0000000000000000        0x0 /home/daniel/workspace/IntelliPilot/.arduino15/packages/arduino/tools/arm-none-eabi-gcc/4.8.3-2014q1/bin/../lib/gcc/arm-none-eabi/4.8.3/armv7-m/crtbegin.o
                0x000000000008692c                . = ALIGN (0x4)
                0x000000000008692c                _etext = .

.relocate       0x0000000020070000      0x8d4 load address 0x000000000008692c
                0x0000000020070000                . = ALIGN (0x4)
                0x0000000020070000                _srelocate = .
 *(.ramfunc .ramfunc.*)
 .ramfunc       0x0000000020070000       0x2c /home/daniel/workspace/IntelliPilot/build/core.a(Reset.cpp.o)
                0x0000000020070000                banzai
 *(.data .data.*)
 .data.EndPoints
                0x000000002007002c       0x28 /home/daniel/workspace/IntelliPilot/build/core.a(USBCore.cpp.o)
                0x000000002007002c                EndPoints
 .data._ZL10breakValue
                0x0000000020070054        0x4 /home/daniel/workspace/IntelliPilot/build/core.a(CDC.cpp.o)
 .data._ZL12_usbLineInfo
                0x0000000020070058        0x8 /home/daniel/workspace/IntelliPilot/build/core.a(CDC.cpp.o)
 .data._ZL5ticks
                0x0000000020070060        0x4 /home/daniel/workspace/IntelliPilot/build/core.a(Reset.cpp.o)
 .data.SystemCoreClock
                0x0000000020070064        0x4 /home/daniel/workspace/IntelliPilot/.arduino15/packages/arduino/hardware/sam/1.6.9/variants/arduino_due_x/libsam_sam3x8e_gcc_rel.a(system_sam3xa.o)
                0x0000000020070064                SystemCoreClock
 .data.g_interrupt_enabled
                0x0000000020070068        0x4 /home/daniel/workspace/IntelliPilot/.arduino15/packages/arduino/hardware/sam/1.6.9/variants/arduino_due_x/libsam_sam3x8e_gcc_rel.a(interrupt_sam_nvic.o)
                0x0000000020070068                g_interrupt_enabled
 *fill*         0x000000002007006c        0x4 
 .data.impure_data
                0x0000000020070070      0x428 /home/daniel/workspace/IntelliPilot/.arduino15/packages/arduino/tools/arm-none-eabi-gcc/4.8.3-2014q1/bin/../lib/gcc/arm-none-eabi/4.8.3/../../../../arm-none-eabi/lib/armv7-m/libc.a(lib_a-impure.o)
 .data._impure_ptr
                0x0000000020070498        0x4 /home/daniel/workspace/IntelliPilot/.arduino15/packages/arduino/tools/arm-none-eabi-gcc/4.8.3-2014q1/bin/../lib/gcc/arm-none-eabi/4.8.3/../../../../arm-none-eabi/lib/armv7-m/libc.a(lib_a-impure.o)
                0x0000000020070498                _impure_ptr
 .data.__malloc_av_
                0x000000002007049c      0x408 /home/daniel/workspace/IntelliPilot/.arduino15/packages/arduino/tools/arm-none-eabi-gcc/4.8.3-2014q1/bin/../lib/gcc/arm-none-eabi/4.8.3/../../../../arm-none-eabi/lib/armv7-m/libc.a(lib_a-mallocr.o)
                0x000000002007049c                __malloc_av_
 .data.__malloc_trim_threshold
                0x00000000200708a4        0x4 /home/daniel/workspace/IntelliPilot/.arduino15/packages/arduino/tools/arm-none-eabi-gcc/4.8.3-2014q1/bin/../lib/gcc/arm-none-eabi/4.8.3/../../../../arm-none-eabi/lib/armv7-m/libc.a(lib_a-mallocr.o)
                0x00000000200708a4                __malloc_trim_threshold
 .data.__malloc_sbrk_base
                0x00000000200708a8        0x4 /home/daniel/workspace/IntelliPilot/.arduino15/packages/arduino/tools/arm-none-eabi-gcc/4.8.3-2014q1/bin/../lib/gcc/arm-none-eabi/4.8.3/../../../../arm-none-eabi/lib/armv7-m/libc.a(lib_a-mallocr.o)
                0x00000000200708a8                __malloc_sbrk_base
 .data.lc_ctype_charset
                0x00000000200708ac       0x20 /home/daniel/workspace/IntelliPilot/.arduino15/packages/arduino/tools/arm-none-eabi-gcc/4.8.3-2014q1/bin/../lib/gcc/arm-none-eabi/4.8.3/../../../../arm-none-eabi/lib/armv7-m/libc.a(lib_a-locale.o)
 .data.__mb_cur_max
                0x00000000200708cc        0x4 /home/daniel/workspace/IntelliPilot/.arduino15/packages/arduino/tools/arm-none-eabi-gcc/4.8.3-2014q1/bin/../lib/gcc/arm-none-eabi/4.8.3/../../../../arm-none-eabi/lib/armv7-m/libc.a(lib_a-locale.o)
                0x00000000200708cc                __mb_cur_max
 .data.__wctomb
                0x00000000200708d0        0x4 /home/daniel/workspace/IntelliPilot/.arduino15/packages/arduino/tools/arm-none-eabi-gcc/4.8.3-2014q1/bin/../lib/gcc/arm-none-eabi/4.8.3/../../../../arm-none-eabi/lib/armv7-m/libc.a(lib_a-wctomb_r.o)
                0x00000000200708d0                __wctomb
                0x00000000200708d4                . = ALIGN (0x4)
                0x00000000200708d4                _erelocate = .

.bss            0x00000000200708d4      0xa18 load address 0x0000000000087200
                0x00000000200708d4                . = ALIGN (0x4)
                0x00000000200708d4                _sbss = .
                0x00000000200708d4                _szero = .
 *(.bss .bss.*)
 .bss           0x00000000200708d4       0x1c /home/daniel/workspace/IntelliPilot/.arduino15/packages/arduino/tools/arm-none-eabi-gcc/4.8.3-2014q1/bin/../lib/gcc/arm-none-eabi/4.8.3/armv7-m/crtbegin.o
 .bss.heap.6416
                0x00000000200708f0        0x4 /home/daniel/workspace/IntelliPilot/build/core/syscalls_sam3.c.o
 .bss.motors    0x00000000200708f4        0x1 /home/daniel/workspace/IntelliPilot/build/IntelliCopter.ino.cpp.o
                0x00000000200708f4                motors
 .bss.ebimu9dofv2
                0x00000000200708f5        0x1 /home/daniel/workspace/IntelliPilot/build/IntelliCopter.ino.cpp.o
                0x00000000200708f5                ebimu9dofv2
 .bss._math     0x00000000200708f6        0x1 /home/daniel/workspace/IntelliPilot/build/IntelliCopter.ino.cpp.o
                0x00000000200708f6                _math
 *fill*         0x00000000200708f7        0x1 
 .bss.mpu6050   0x00000000200708f8       0x18 /home/daniel/workspace/IntelliPilot/build/IntelliCopter.ino.cpp.o
                0x00000000200708f8                mpu6050
 .bss.led       0x0000000020070910        0x4 /home/daniel/workspace/IntelliPilot/build/IntelliCopter.ino.cpp.o
                0x0000000020070910                led
 .bss.radio     0x0000000020070914        0x1 /home/daniel/workspace/IntelliPilot/build/IntelliCopter.ino.cpp.o
                0x0000000020070914                radio
 .bss.communicate
                0x0000000020070915        0x1 /home/daniel/workspace/IntelliPilot/build/IntelliCopter.ino.cpp.o
                0x0000000020070915                communicate
 .bss.bmp085    0x0000000020070916       0x18 /home/daniel/workspace/IntelliPilot/build/IntelliCopter.ino.cpp.o
                0x0000000020070916                bmp085
 .bss.control   0x000000002007092e        0x1 /home/daniel/workspace/IntelliPilot/build/IntelliCopter.ino.cpp.o
                0x000000002007092e                control
 .bss.gps_setup
                0x000000002007092f       0x23 /home/daniel/workspace/IntelliPilot/build/IntelliCopter.ino.cpp.o
                0x000000002007092f                gps_setup
 *fill*         0x0000000020070952        0x2 
 .bss._gps      0x0000000020070954       0xd8 /home/daniel/workspace/IntelliPilot/build/IntelliCopter.ino.cpp.o
                0x0000000020070954                _gps
 .bss._setup    0x0000000020070a2c        0x1 /home/daniel/workspace/IntelliPilot/build/IntelliCopter.ino.cpp.o
                0x0000000020070a2c                _setup
 .bss.subscribe
                0x0000000020070a2d        0x1 /home/daniel/workspace/IntelliPilot/build/IntelliCopter.ino.cpp.o
                0x0000000020070a2d                subscribe
 .bss.publish   0x0000000020070a2e        0x1 /home/daniel/workspace/IntelliPilot/build/IntelliCopter.ino.cpp.o
                0x0000000020070a2e                publish
 .bss.copter    0x0000000020070a2f        0x1 /home/daniel/workspace/IntelliPilot/build/IntelliCopter.ino.cpp.o
                0x0000000020070a2f                copter
 .bss.math      0x0000000020070a30        0x1 /home/daniel/workspace/IntelliPilot/build/IntelliCopter.ino.cpp.o
                0x0000000020070a30                math
 *fill*         0x0000000020070a31        0x7 
 .bss.lidarlitev2
                0x0000000020070a38       0x28 /home/daniel/workspace/IntelliPilot/build/IntelliCopter.ino.cpp.o
                0x0000000020070a38                lidarlitev2
 .bss.sysTickEnabled
                0x0000000020070a60        0x4 /home/daniel/workspace/IntelliPilot/build/port.c.o
                0x0000000020070a60                sysTickEnabled
 .bss.xNumOfOverflows
                0x0000000020070a64        0x4 /home/daniel/workspace/IntelliPilot/build/tasks.c.o
 .bss.pxDelayedTaskList
                0x0000000020070a68        0x4 /home/daniel/workspace/IntelliPilot/build/tasks.c.o
 .bss.uxPendedTicks
                0x0000000020070a6c        0x4 /home/daniel/workspace/IntelliPilot/build/tasks.c.o
 .bss.pxReadyTasksLists
                0x0000000020070a70       0x64 /home/daniel/workspace/IntelliPilot/build/tasks.c.o
 .bss.pxCurrentTCB
                0x0000000020070ad4        0x4 /home/daniel/workspace/IntelliPilot/build/tasks.c.o
                0x0000000020070ad4                pxCurrentTCB
 .bss.xNextTaskUnblockTime
                0x0000000020070ad8        0x4 /home/daniel/workspace/IntelliPilot/build/tasks.c.o
 .bss.uxSchedulerSuspended
                0x0000000020070adc        0x4 /home/daniel/workspace/IntelliPilot/build/tasks.c.o
 .bss.xTickCount
                0x0000000020070ae0        0x4 /home/daniel/workspace/IntelliPilot/build/tasks.c.o
 .bss.pxOverflowDelayedTaskList
                0x0000000020070ae4        0x4 /home/daniel/workspace/IntelliPilot/build/tasks.c.o
 .bss.uxTopReadyPriority
                0x0000000020070ae8        0x4 /home/daniel/workspace/IntelliPilot/build/tasks.c.o
 .bss.xYieldPending
                0x0000000020070aec        0x4 /home/daniel/workspace/IntelliPilot/build/tasks.c.o
 .bss.gpf_isr   0x0000000020070af0        0x4 /home/daniel/workspace/IntelliPilot/.arduino15/packages/arduino/hardware/sam/1.6.9/variants/arduino_due_x/libsam_sam3x8e_gcc_rel.a(uotghs.o)
                0x0000000020070af0                gpf_isr
 .bss._cmark    0x0000000020070af4        0x2 /home/daniel/workspace/IntelliPilot/build/core.a(USBCore.cpp.o)
                0x0000000020070af4                _cmark
 .bss._ZL14isEndpointHalt
                0x0000000020070af6        0x1 /home/daniel/workspace/IntelliPilot/build/core.a(USBCore.cpp.o)
 *fill*         0x0000000020070af7        0x1 
 .bss._cdcComposite
                0x0000000020070af8        0x4 /home/daniel/workspace/IntelliPilot/build/core.a(USBCore.cpp.o)
                0x0000000020070af8                _cdcComposite
 .bss._ZL21isRemoteWakeUpEnabled
                0x0000000020070afc        0x1 /home/daniel/workspace/IntelliPilot/build/core.a(USBCore.cpp.o)
 *fill*         0x0000000020070afd        0x3 
 .bss._usbInitialized
                0x0000000020070b00        0x4 /home/daniel/workspace/IntelliPilot/build/core.a(USBCore.cpp.o)
                0x0000000020070b00                _usbInitialized
 .bss.USBDevice
                0x0000000020070b04        0x1 /home/daniel/workspace/IntelliPilot/build/core.a(USBCore.cpp.o)
                0x0000000020070b04                USBDevice
 *fill*         0x0000000020070b05        0x3 
 .bss._usbSetInterface
                0x0000000020070b08        0x4 /home/daniel/workspace/IntelliPilot/build/core.a(USBCore.cpp.o)
                0x0000000020070b08                _usbSetInterface
 .bss._cend     0x0000000020070b0c        0x2 /home/daniel/workspace/IntelliPilot/build/core.a(USBCore.cpp.o)
                0x0000000020070b0c                _cend
 *fill*         0x0000000020070b0e        0x2 
 .bss._usbConfiguration
                0x0000000020070b10        0x4 /home/daniel/workspace/IntelliPilot/build/core.a(USBCore.cpp.o)
                0x0000000020070b10                _usbConfiguration
 .bss.cdc_rx_buffer
                0x0000000020070b14      0x208 /home/daniel/workspace/IntelliPilot/build/core.a(CDC.cpp.o)
                0x0000000020070b14                cdc_rx_buffer
 .bss._ZZN7Serial_6acceptEvE5guard
                0x0000000020070d1c        0x4 /home/daniel/workspace/IntelliPilot/build/core.a(CDC.cpp.o)
 .bss.SerialUSB
                0x0000000020070d20       0x14 /home/daniel/workspace/IntelliPilot/build/core.a(CDC.cpp.o)
                0x0000000020070d20                SerialUSB
 .bss.tx_buffer2
                0x0000000020070d34       0x88 /home/daniel/workspace/IntelliPilot/build/core.a(variant.cpp.o)
                0x0000000020070d34                tx_buffer2
 .bss.tx_buffer1
                0x0000000020070dbc       0x88 /home/daniel/workspace/IntelliPilot/build/core.a(variant.cpp.o)
                0x0000000020070dbc                tx_buffer1
 .bss.Serial    0x0000000020070e44       0x24 /home/daniel/workspace/IntelliPilot/build/core.a(variant.cpp.o)
                0x0000000020070e44                Serial
 .bss.rx_buffer1
                0x0000000020070e68       0x88 /home/daniel/workspace/IntelliPilot/build/core.a(variant.cpp.o)
                0x0000000020070e68                rx_buffer1
 .bss.Serial1   0x0000000020070ef0       0x28 /home/daniel/workspace/IntelliPilot/build/core.a(variant.cpp.o)
                0x0000000020070ef0                Serial1
 .bss.Serial2   0x0000000020070f18       0x28 /home/daniel/workspace/IntelliPilot/build/core.a(variant.cpp.o)
                0x0000000020070f18                Serial2
 .bss.Serial3   0x0000000020070f40       0x28 /home/daniel/workspace/IntelliPilot/build/core.a(variant.cpp.o)
                0x0000000020070f40                Serial3
 .bss.tx_buffer3
                0x0000000020070f68       0x88 /home/daniel/workspace/IntelliPilot/build/core.a(variant.cpp.o)
                0x0000000020070f68                tx_buffer3
 .bss.tx_buffer4
                0x0000000020070ff0       0x88 /home/daniel/workspace/IntelliPilot/build/core.a(variant.cpp.o)
                0x0000000020070ff0                tx_buffer4
 .bss.g_pinStatus
                0x0000000020071078       0x4f /home/daniel/workspace/IntelliPilot/build/core.a(variant.cpp.o)
                0x0000000020071078                g_pinStatus
 *fill*         0x00000000200710c7        0x1 
 .bss.rx_buffer2
                0x00000000200710c8       0x88 /home/daniel/workspace/IntelliPilot/build/core.a(variant.cpp.o)
                0x00000000200710c8                rx_buffer2
 .bss.rx_buffer3
                0x0000000020071150       0x88 /home/daniel/workspace/IntelliPilot/build/core.a(variant.cpp.o)
                0x0000000020071150                rx_buffer3
 .bss.rx_buffer4
                0x00000000200711d8       0x88 /home/daniel/workspace/IntelliPilot/build/core.a(variant.cpp.o)
                0x00000000200711d8                rx_buffer4
 .bss._dwTickCount
                0x0000000020071260        0x4 /home/daniel/workspace/IntelliPilot/.arduino15/packages/arduino/hardware/sam/1.6.9/variants/arduino_due_x/libsam_sam3x8e_gcc_rel.a(timetick.o)
 .bss.ul_recv_fifo_ptr
                0x0000000020071264       0x28 /home/daniel/workspace/IntelliPilot/.arduino15/packages/arduino/hardware/sam/1.6.9/variants/arduino_due_x/libsam_sam3x8e_gcc_rel.a(uotghs_device.o)
 .bss.ul_send_fifo_ptr
                0x000000002007128c       0x28 /home/daniel/workspace/IntelliPilot/.arduino15/packages/arduino/hardware/sam/1.6.9/variants/arduino_due_x/libsam_sam3x8e_gcc_rel.a(uotghs_device.o)
 .bss.__malloc_max_total_mem
                0x00000000200712b4        0x4 /home/daniel/workspace/IntelliPilot/.arduino15/packages/arduino/tools/arm-none-eabi-gcc/4.8.3-2014q1/bin/../lib/gcc/arm-none-eabi/4.8.3/../../../../arm-none-eabi/lib/armv7-m/libc.a(lib_a-mallocr.o)
                0x00000000200712b4                __malloc_max_total_mem
 .bss.__malloc_max_sbrked_mem
                0x00000000200712b8        0x4 /home/daniel/workspace/IntelliPilot/.arduino15/packages/arduino/tools/arm-none-eabi-gcc/4.8.3-2014q1/bin/../lib/gcc/arm-none-eabi/4.8.3/../../../../arm-none-eabi/lib/armv7-m/libc.a(lib_a-mallocr.o)
                0x00000000200712b8                __malloc_max_sbrked_mem
 .bss.__malloc_top_pad
                0x00000000200712bc        0x4 /home/daniel/workspace/IntelliPilot/.arduino15/packages/arduino/tools/arm-none-eabi-gcc/4.8.3-2014q1/bin/../lib/gcc/arm-none-eabi/4.8.3/../../../../arm-none-eabi/lib/armv7-m/libc.a(lib_a-mallocr.o)
                0x00000000200712bc                __malloc_top_pad
 .bss.__malloc_current_mallinfo
                0x00000000200712c0       0x28 /home/daniel/workspace/IntelliPilot/.arduino15/packages/arduino/tools/arm-none-eabi-gcc/4.8.3-2014q1/bin/../lib/gcc/arm-none-eabi/4.8.3/../../../../arm-none-eabi/lib/armv7-m/libc.a(lib_a-mallocr.o)
                0x00000000200712c0                __malloc_current_mallinfo
 *(COMMON)
 COMMON         0x00000000200712e8        0x4 /home/daniel/workspace/IntelliPilot/.arduino15/packages/arduino/tools/arm-none-eabi-gcc/4.8.3-2014q1/bin/../lib/gcc/arm-none-eabi/4.8.3/../../../../arm-none-eabi/lib/armv7-m/libc.a(lib_a-reent.o)
                0x00000000200712e8                errno
                0x00000000200712ec                . = ALIGN (0x4)
                0x00000000200712ec                _ebss = .
                0x00000000200712ec                _ezero = .
                0x00000000200712ec                . = ALIGN (0x4)
                0x00000000200712ec                _end = .

.stack_dummy    0x00000000200712ec        0x0
 *(.stack*)
                0x0000000020088000                __StackTop = (ORIGIN (ram) + 0x18000)
                0x0000000020088000                __StackLimit = (__StackTop - SIZEOF (.stack_dummy))
                0x0000000020088000                PROVIDE (_sstack, __StackLimit)
                0x0000000020088000                PROVIDE (_estack, __StackTop)
OUTPUT(/home/daniel/workspace/IntelliPilot/build/IntelliCopter.elf elf32-littlearm)

.ARM.attributes
                0x0000000000000000       0x29
 .ARM.attributes
                0x0000000000000000       0x1d /home/daniel/workspace/IntelliPilot/.arduino15/packages/arduino/tools/arm-none-eabi-gcc/4.8.3-2014q1/bin/../lib/gcc/arm-none-eabi/4.8.3/armv7-m/crti.o
 .ARM.attributes
                0x000000000000001d       0x2d /home/daniel/workspace/IntelliPilot/.arduino15/packages/arduino/tools/arm-none-eabi-gcc/4.8.3-2014q1/bin/../lib/gcc/arm-none-eabi/4.8.3/armv7-m/crtbegin.o
 .ARM.attributes
                0x000000000000004a       0x33 /home/daniel/workspace/IntelliPilot/build/core/syscalls_sam3.c.o
 .ARM.attributes
                0x000000000000007d       0x33 /home/daniel/workspace/IntelliPilot/build/IntelliCopter.ino.cpp.o
 .ARM.attributes
                0x00000000000000b0       0x33 /home/daniel/workspace/IntelliPilot/build/FreeRTOS_ARM.c.o
 .ARM.attributes
                0x00000000000000e3       0x33 /home/daniel/workspace/IntelliPilot/build/list.c.o
 .ARM.attributes
                0x0000000000000116       0x33 /home/daniel/workspace/IntelliPilot/build/port.c.o
 .ARM.attributes
                0x0000000000000149       0x33 /home/daniel/workspace/IntelliPilot/build/tasks.c.o
 .ARM.attributes
                0x000000000000017c       0x33 /home/daniel/workspace/IntelliPilot/.arduino15/packages/arduino/hardware/sam/1.6.9/variants/arduino_due_x/libsam_sam3x8e_gcc_rel.a(startup_sam3xa.o)
 .ARM.attributes
                0x00000000000001af       0x33 /home/daniel/workspace/IntelliPilot/.arduino15/packages/arduino/hardware/sam/1.6.9/variants/arduino_due_x/libsam_sam3x8e_gcc_rel.a(uotghs.o)
 .ARM.attributes
                0x00000000000001e2       0x33 /home/daniel/workspace/IntelliPilot/build/core.a(cortex_handlers.c.o)
 .ARM.attributes
                0x0000000000000215       0x33 /home/daniel/workspace/IntelliPilot/build/core.a(wiring.c.o)
 .ARM.attributes
                0x0000000000000248       0x33 /home/daniel/workspace/IntelliPilot/build/core.a(wiring_digital.c.o)
 .ARM.attributes
                0x000000000000027b       0x33 /home/daniel/workspace/IntelliPilot/build/core.a(USBCore.cpp.o)
 .ARM.attributes
                0x00000000000002ae       0x33 /home/daniel/workspace/IntelliPilot/build/core.a(CDC.cpp.o)
 .ARM.attributes
                0x00000000000002e1       0x33 /home/daniel/workspace/IntelliPilot/build/core.a(Reset.cpp.o)
 .ARM.attributes
                0x0000000000000314       0x33 /home/daniel/workspace/IntelliPilot/build/core.a(variant.cpp.o)
 .ARM.attributes
                0x0000000000000347       0x33 /home/daniel/workspace/IntelliPilot/build/core.a(wiring_analog.c.o)
 .ARM.attributes
                0x000000000000037a       0x33 /home/daniel/workspace/IntelliPilot/build/core.a(hooks.c.o)
 .ARM.attributes
                0x00000000000003ad       0x33 /home/daniel/workspace/IntelliPilot/build/core.a(USARTClass.cpp.o)
 .ARM.attributes
                0x00000000000003e0       0x33 /home/daniel/workspace/IntelliPilot/build/core.a(UARTClass.cpp.o)
 .ARM.attributes
                0x0000000000000413       0x33 /home/daniel/workspace/IntelliPilot/build/core.a(RingBuffer.cpp.o)
 .ARM.attributes
                0x0000000000000446       0x33 /home/daniel/workspace/IntelliPilot/build/core.a(Print.cpp.o)
 .ARM.attributes
                0x0000000000000479       0x33 /home/daniel/workspace/IntelliPilot/.arduino15/packages/arduino/hardware/sam/1.6.9/variants/arduino_due_x/libsam_sam3x8e_gcc_rel.a(pio.o)
 .ARM.attributes
                0x00000000000004ac       0x33 /home/daniel/workspace/IntelliPilot/.arduino15/packages/arduino/hardware/sam/1.6.9/variants/arduino_due_x/libsam_sam3x8e_gcc_rel.a(pmc.o)
 .ARM.attributes
                0x00000000000004df       0x33 /home/daniel/workspace/IntelliPilot/.arduino15/packages/arduino/hardware/sam/1.6.9/variants/arduino_due_x/libsam_sam3x8e_gcc_rel.a(timetick.o)
 .ARM.attributes
                0x0000000000000512       0x33 /home/daniel/workspace/IntelliPilot/.arduino15/packages/arduino/hardware/sam/1.6.9/variants/arduino_due_x/libsam_sam3x8e_gcc_rel.a(system_sam3xa.o)
 .ARM.attributes
                0x0000000000000545       0x33 /home/daniel/workspace/IntelliPilot/.arduino15/packages/arduino/hardware/sam/1.6.9/variants/arduino_due_x/libsam_sam3x8e_gcc_rel.a(adc.o)
 .ARM.attributes
                0x0000000000000578       0x33 /home/daniel/workspace/IntelliPilot/.arduino15/packages/arduino/hardware/sam/1.6.9/variants/arduino_due_x/libsam_sam3x8e_gcc_rel.a(interrupt_sam_nvic.o)
 .ARM.attributes
                0x00000000000005ab       0x33 /home/daniel/workspace/IntelliPilot/.arduino15/packages/arduino/hardware/sam/1.6.9/variants/arduino_due_x/libsam_sam3x8e_gcc_rel.a(uotghs_device.o)
 .ARM.attributes