Archive member included because of file (symbol)

/home/daniel/workspace/IntelliPilot/.arduino15/packages/arduino/hardware/sam/1.6.9/variants/arduino_due_x/libsam_sam3x8e_gcc_rel.a(startup_sam3xa.o)
                              (Reset_Handler)
/home/daniel/workspace/IntelliPilot/.arduino15/packages/arduino/hardware/sam/1.6.9/variants/arduino_due_x/libsam_sam3x8e_gcc_rel.a(uotghs.o)
                              /home/daniel/workspace/IntelliPilot/.arduino15/packages/arduino/hardware/sam/1.6.9/variants/arduino_due_x/libsam_sam3x8e_gcc_rel.a(startup_sam3xa.o) (UOTGHS_Handler)
/home/daniel/workspace/IntelliPilot/build/core.a(cortex_handlers.c.o)
                              /home/daniel/workspace/IntelliPilot/.arduino15/packages/arduino/hardware/sam/1.6.9/variants/arduino_due_x/libsam_sam3x8e_gcc_rel.a(startup_sam3xa.o) (NMI_Handler)
/home/daniel/workspace/IntelliPilot/build/core.a(hooks.c.o)
                              /home/daniel/workspace/IntelliPilot/build/core.a(cortex_handlers.c.o) (sysTickHook)
/home/daniel/workspace/IntelliPilot/build/core.a(wiring.c.o)
                              /home/daniel/workspace/IntelliPilot/build/IntelliCopter.ino.cpp.o (delay)
/home/daniel/workspace/IntelliPilot/build/core.a(Print.cpp.o)
                              /home/daniel/workspace/IntelliPilot/build/IntelliCopter.ino.cpp.o (Print::println(char const*))
/home/daniel/workspace/IntelliPilot/build/core.a(USBCore.cpp.o)
                              /home/daniel/workspace/IntelliPilot/build/IntelliCopter.ino.cpp.o (USBDevice_::attach())
/home/daniel/workspace/IntelliPilot/build/core.a(CDC.cpp.o)
                              /home/daniel/workspace/IntelliPilot/build/core.a(USBCore.cpp.o) (Serial_::accept())
/home/daniel/workspace/IntelliPilot/build/core.a(UARTClass.cpp.o)
                              /home/daniel/workspace/IntelliPilot/build/IntelliCopter.ino.cpp.o (UARTClass::begin(unsigned long))
/home/daniel/workspace/IntelliPilot/build/core.a(RingBuffer.cpp.o)
                              /home/daniel/workspace/IntelliPilot/build/core.a(UARTClass.cpp.o) (RingBuffer::store_char(unsigned char))
/home/daniel/workspace/IntelliPilot/build/core.a(Reset.cpp.o)
                              /home/daniel/workspace/IntelliPilot/build/core.a(CDC.cpp.o) (initiateReset)
/home/daniel/workspace/IntelliPilot/build/core.a(variant.cpp.o)
                              /home/daniel/workspace/IntelliPilot/build/IntelliCopter.ino.cpp.o (init)
/home/daniel/workspace/IntelliPilot/build/core.a(wiring_analog.c.o)
                              /home/daniel/workspace/IntelliPilot/build/core.a(variant.cpp.o) (analogOutputInit)
/home/daniel/workspace/IntelliPilot/build/core.a(wiring_digital.c.o)
                              /home/daniel/workspace/IntelliPilot/build/core.a(wiring_analog.c.o) (pinMode)
/home/daniel/workspace/IntelliPilot/build/core.a(USARTClass.cpp.o)
                              /home/daniel/workspace/IntelliPilot/build/core.a(variant.cpp.o) (USARTClass::USARTClass(Usart*, IRQn, unsigned long, RingBuffer*, RingBuffer*))
/home/daniel/workspace/IntelliPilot/.arduino15/packages/arduino/hardware/sam/1.6.9/variants/arduino_due_x/libsam_sam3x8e_gcc_rel.a(pio.o)
                              /home/daniel/workspace/IntelliPilot/build/core.a(wiring_digital.c.o) (PIO_PullUp)
/home/daniel/workspace/IntelliPilot/.arduino15/packages/arduino/hardware/sam/1.6.9/variants/arduino_due_x/libsam_sam3x8e_gcc_rel.a(pmc.o)
                              /home/daniel/workspace/IntelliPilot/build/core.a(UARTClass.cpp.o) (pmc_enable_periph_clk)
/home/daniel/workspace/IntelliPilot/.arduino15/packages/arduino/hardware/sam/1.6.9/variants/arduino_due_x/libsam_sam3x8e_gcc_rel.a(pwmc.o)
                              /home/daniel/workspace/IntelliPilot/build/core.a(wiring_analog.c.o) (PWMC_ConfigureChannel)
/home/daniel/workspace/IntelliPilot/.arduino15/packages/arduino/hardware/sam/1.6.9/variants/arduino_due_x/libsam_sam3x8e_gcc_rel.a(tc.o)
                              /home/daniel/workspace/IntelliPilot/build/core.a(wiring_analog.c.o) (TC_Configure)
/home/daniel/workspace/IntelliPilot/.arduino15/packages/arduino/hardware/sam/1.6.9/variants/arduino_due_x/libsam_sam3x8e_gcc_rel.a(timetick.o)
                              /home/daniel/workspace/IntelliPilot/build/core.a(cortex_handlers.c.o) (TimeTick_Increment)
/home/daniel/workspace/IntelliPilot/.arduino15/packages/arduino/hardware/sam/1.6.9/variants/arduino_due_x/libsam_sam3x8e_gcc_rel.a(system_sam3xa.o)
                              /home/daniel/workspace/IntelliPilot/build/core.a(variant.cpp.o) (SystemInit)
/home/daniel/workspace/IntelliPilot/.arduino15/packages/arduino/hardware/sam/1.6.9/variants/arduino_due_x/libsam_sam3x8e_gcc_rel.a(adc.o)
                              /home/daniel/workspace/IntelliPilot/build/core.a(variant.cpp.o) (adc_init)
/home/daniel/workspace/IntelliPilot/.arduino15/packages/arduino/hardware/sam/1.6.9/variants/arduino_due_x/libsam_sam3x8e_gcc_rel.a(interrupt_sam_nvic.o)
[...]
Memory Configuration

Name             Origin             Length             Attributes
rom              0x0000000000080000 0x0000000000080000 xr
sram0            0x0000000020000000 0x0000000000010000 xrw
sram1            0x0000000020080000 0x0000000000008000 xrw
ram              0x0000000020070000 0x0000000000018000 xrw
*default*        0x0000000000000000 0xffffffffffffffff

Linker script and memory map

LOAD /home/daniel/workspace/IntelliPilot/.arduino15/packages/arduino/tools/arm-none-eabi-gcc/4.8.3-2014q1/bin/../lib/gcc/arm-none-eabi/4.8.3/armv7-m/crti.o
LOAD /home/daniel/workspace/IntelliPilot/.arduino15/packages/arduino/tools/arm-none-eabi-gcc/4.8.3-2014q1/bin/../lib/gcc/arm-none-eabi/4.8.3/armv7-m/crtbegin.o
LOAD /home/daniel/workspace/IntelliPilot/.arduino15/packages/arduino/tools/arm-none-eabi-gcc/4.8.3-2014q1/bin/../lib/gcc/arm-none-eabi/4.8.3/../../../../arm-none-eabi/lib/armv7-m/crt0.o
LOAD /home/daniel/workspace/IntelliPilot/.arduino15/packages/arduino/tools/arm-none-eabi-gcc/4.8.3-2014q1/bin/../lib/gcc/arm-none-eabi/4.8.3/armv7-m/libgcc.a
START GROUP
LOAD /home/daniel/workspace/IntelliPilot/build/core/syscalls_sam3.c.o
LOAD /home/daniel/workspace/IntelliPilot/build/IntelliCopter.ino.cpp.o
LOAD /home/daniel/workspace/IntelliPilot/.arduino15/packages/arduino/hardware/sam/1.6.9/variants/arduino_due_x/libsam_sam3x8e_gcc_rel.a
LOAD /home/daniel/workspace/IntelliPilot/build/core.a
END GROUP
LOAD /home/daniel/workspace/IntelliPilot/.arduino15/packages/arduino/tools/arm-none-eabi-gcc/4.8.3-2014q1/bin/../lib/gcc/arm-none-eabi/4.8.3/../../../../arm-none-eabi/lib/armv7-m/libstdc++.a
LOAD /home/daniel/workspace/IntelliPilot/.arduino15/packages/arduino/tools/arm-none-eabi-gcc/4.8.3-2014q1/bin/../lib/gcc/arm-none-eabi/4.8.3/../../../../arm-none-eabi/lib/armv7-m/libm.a
START GROUP
LOAD /home/daniel/workspace/IntelliPilot/.arduino15/packages/arduino/tools/arm-none-eabi-gcc/4.8.3-2014q1/bin/../lib/gcc/arm-none-eabi/4.8.3/armv7-m/libgcc.a
LOAD /home/daniel/workspace/IntelliPilot/.arduino15/packages/arduino/tools/arm-none-eabi-gcc/4.8.3-2014q1/bin/../lib/gcc/arm-none-eabi/4.8.3/../../../../arm-none-eabi/lib/armv7-m/libc.a
END GROUP
LOAD /home/daniel/workspace/IntelliPilot/.arduino15/packages/arduino/tools/arm-none-eabi-gcc/4.8.3-2014q1/bin/../lib/gcc/arm-none-eabi/4.8.3/armv7-m/crtend.o
LOAD /home/daniel/workspace/IntelliPilot/.arduino15/packages/arduino/tools/arm-none-eabi-gcc/4.8.3-2014q1/bin/../lib/gcc/arm-none-eabi/4.8.3/armv7-m/crtn.o

.text           0x0000000000080000     0x27e8
                0x0000000000080000                . = ALIGN (0x4)
                0x0000000000080000                _sfixed = .
 *(.vectors .vectors.*)
 .vectors       0x0000000000080000       0xf4 /home/daniel/workspace/IntelliPilot/.arduino15/packages/arduino/hardware/sam/1.6.9/variants/arduino_due_x/libsam_sam3x8e_gcc_rel.a(startup_sam3xa.o)
                0x0000000000080000                exception_table
 *(.text .text.* .gnu.linkonce.t.*)
 .text          0x00000000000800f4       0x54 /home/daniel/workspace/IntelliPilot/.arduino15/packages/arduino/tools/arm-none-eabi-gcc/4.8.3-2014q1/bin/../lib/gcc/arm-none-eabi/4.8.3/armv7-m/crtbegin.o
 .text.initVariant
                0x0000000000080148        0x2 /home/daniel/workspace/IntelliPilot/build/IntelliCopter.ino.cpp.o
                0x0000000000080148                initVariant
 *fill*         0x000000000008014a        0x2 
 .text.loop     0x000000000008014c       0x20 /home/daniel/workspace/IntelliPilot/build/IntelliCopter.ino.cpp.o
                0x000000000008014c                loop
 .text.setup    0x000000000008016c       0x10 /home/daniel/workspace/IntelliPilot/build/IntelliCopter.ino.cpp.o
                0x000000000008016c                setup
 .text.startup.main
                0x000000000008017c       0x38 /home/daniel/workspace/IntelliPilot/build/IntelliCopter.ino.cpp.o
                0x000000000008017c                main
 .text.Reset_Handler
                0x00000000000801b4       0x78 /home/daniel/workspace/IntelliPilot/.arduino15/packages/arduino/hardware/sam/1.6.9/variants/arduino_due_x/libsam_sam3x8e_gcc_rel.a(startup_sam3xa.o)
                0x00000000000801b4                Reset_Handler
 .text.UOTGHS_Handler
                0x000000000008022c       0x10 /home/daniel/workspace/IntelliPilot/.arduino15/packages/arduino/hardware/sam/1.6.9/variants/arduino_due_x/libsam_sam3x8e_gcc_rel.a(uotghs.o)
                0x000000000008022c                UOTGHS_Handler
 .text.__halt   0x000000000008023c        0x2 /home/daniel/workspace/IntelliPilot/build/core.a(cortex_handlers.c.o)
                0x000000000008023c                DACC_Handler
                0x000000000008023c                DebugMon_Handler
                0x000000000008023c                DMAC_Handler
                0x000000000008023c                TRNG_Handler
                0x000000000008023c                HardFault_Handler
                0x000000000008023c                TC2_Handler
                0x000000000008023c                TWI1_Handler
                0x000000000008023c                NMI_Handler
                0x000000000008023c                TC7_Handler
                0x000000000008023c                ADC_Handler
                0x000000000008023c                SMC_Handler
                0x000000000008023c                RTT_Handler
                0x000000000008023c                EFC1_Handler
                0x000000000008023c                PIOB_Handler
                0x000000000008023c                RTC_Handler
                0x000000000008023c                UsageFault_Handler
                0x000000000008023c                TC6_Handler
                0x000000000008023c                WDT_Handler
                0x000000000008023c                CAN0_Handler
                0x000000000008023c                TC4_Handler
                0x000000000008023c                TC1_Handler
                0x000000000008023c                HSMCI_Handler
                0x000000000008023c                TC3_Handler
                0x000000000008023c                TWI0_Handler
                0x000000000008023c                PIOA_Handler
                0x000000000008023c                SSC_Handler
                0x000000000008023c                EFC0_Handler
                0x000000000008023c                PMC_Handler
                0x000000000008023c                PWM_Handler
                0x000000000008023c                CAN1_Handler
                0x000000000008023c                MemManage_Handler
                0x000000000008023c                SUPC_Handler
                0x000000000008023c                TC8_Handler
                0x000000000008023c                USART2_Handler
                0x000000000008023c                PIOD_Handler
                0x000000000008023c                EMAC_Handler
                0x000000000008023c                PIOC_Handler
                0x000000000008023c                BusFault_Handler
                0x000000000008023c                RSTC_Handler
                0x000000000008023c                TC0_Handler
                0x000000000008023c                TC5_Handler
                0x000000000008023c                SPI0_Handler
 .text.SVC_Handler
                0x000000000008023e        0x4 /home/daniel/workspace/IntelliPilot/build/core.a(cortex_handlers.c.o)
                0x000000000008023e                SVC_Handler
 .text.PendSV_Handler
                0x0000000000080242        0x4 /home/daniel/workspace/IntelliPilot/build/core.a(cortex_handlers.c.o)
                0x0000000000080242                PendSV_Handler
 .text.SysTick_Handler
                0x0000000000080246       0x16 /home/daniel/workspace/IntelliPilot/build/core.a(cortex_handlers.c.o)
                0x0000000000080246                SysTick_Handler
 .text.__empty  0x000000000008025c        0x2 /home/daniel/workspace/IntelliPilot/build/core.a(hooks.c.o)
                0x000000000008025c                yield
 .text.__false  0x000000000008025e        0x4 /home/daniel/workspace/IntelliPilot/build/core.a(hooks.c.o)
                0x000000000008025e                sysTickHook
 .text.__halt   0x0000000000080262        0x2 /home/daniel/workspace/IntelliPilot/build/core.a(hooks.c.o)
                0x0000000000080262                pendSVHook
                0x0000000000080262                svcHook
 .text.delay    0x0000000000080264       0x1c /home/daniel/workspace/IntelliPilot/build/core.a(wiring.c.o)
                0x0000000000080264                delay
 .text._ZN5Print5writeEPKhj
                0x0000000000080280       0x22 /home/daniel/workspace/IntelliPilot/build/core.a(Print.cpp.o)
                0x0000000000080280                Print::write(unsigned char const*, unsigned int)
 .text._ZN5Print5writeEPKc
                0x00000000000802a2       0x1e /home/daniel/workspace/IntelliPilot/build/core.a(Print.cpp.o)
                0x00000000000802a2                Print::write(char const*)
 .text._ZN5Print7printlnEv
                0x00000000000802c0       0x10 /home/daniel/workspace/IntelliPilot/build/core.a(Print.cpp.o)
                0x00000000000802c0                Print::println()
 .text._ZN5Print7printlnEPKc
                0x00000000000802d0       0x14 /home/daniel/workspace/IntelliPilot/build/core.a(Print.cpp.o)
                0x00000000000802d0                Print::println(char const*)
 .text.unlikely._ZL11USB_SendZlpv
                0x00000000000802e4       0x20 /home/daniel/workspace/IntelliPilot/build/core.a(USBCore.cpp.o)
 .text._Z14USBD_Availablem
                0x0000000000080304       0x2c /home/daniel/workspace/IntelliPilot/build/core.a(USBCore.cpp.o)
                0x0000000000080304                USBD_Available(unsigned long)
 .text._Z9USBD_RecvmPvm
                0x0000000000080330       0x7c /home/daniel/workspace/IntelliPilot/build/core.a(USBCore.cpp.o)
                0x0000000000080330                USBD_Recv(unsigned long, void*, unsigned long)
 .text._Z9USBD_Recvm
                0x00000000000803ac       0x22 /home/daniel/workspace/IntelliPilot/build/core.a(USBCore.cpp.o)
                0x00000000000803ac                USBD_Recv(unsigned long)
 *fill*         0x00000000000803ce        0x2 
 .text._Z9USBD_SendmPKvm
                0x00000000000803d0       0x4c /home/daniel/workspace/IntelliPilot/build/core.a(USBCore.cpp.o)
                0x00000000000803d0                USBD_Send(unsigned long, void const*, unsigned long)
 .text._Z16USBD_SendControlhPKvm
                0x000000000008041c       0x40 /home/daniel/workspace/IntelliPilot/build/core.a(USBCore.cpp.o)
                0x000000000008041c                USBD_SendControl(unsigned char, void const*, unsigned long)
 .text.unlikely._ZL24USB_SendStringDescriptorPKhi
                0x000000000008045c       0x64 /home/daniel/workspace/IntelliPilot/build/core.a(USBCore.cpp.o)
 .text._Z16USBD_RecvControlPvm
                0x00000000000804c0       0x1c /home/daniel/workspace/IntelliPilot/build/core.a(USBCore.cpp.o)
                0x00000000000804c0                USBD_RecvControl(void*, unsigned long)
 .text._Z26USBD_ClassInterfaceRequestR8USBSetup
                0x00000000000804dc       0x1e /home/daniel/workspace/IntelliPilot/build/core.a(USBCore.cpp.o)
                0x00000000000804dc                USBD_ClassInterfaceRequest(USBSetup&)
 .text._Z19USBD_SendInterfacesv
                0x00000000000804fa       0x22 /home/daniel/workspace/IntelliPilot/build/core.a(USBCore.cpp.o)
                0x00000000000804fa                USBD_SendInterfaces()
 .text._Z24USBD_SendOtherInterfacesv
                0x000000000008051c       0x22 /home/daniel/workspace/IntelliPilot/build/core.a(USBCore.cpp.o)
                0x000000000008051c                USBD_SendOtherInterfaces()
 .text._Z10USBD_Flushm
                0x000000000008053e       0x16 /home/daniel/workspace/IntelliPilot/build/core.a(USBCore.cpp.o)
                0x000000000008053e                USBD_Flush(unsigned long)
 .text._ZN10USBDevice_C2Ev
                0x0000000000080554       0x24 /home/daniel/workspace/IntelliPilot/build/core.a(USBCore.cpp.o)
                0x0000000000080554                USBDevice_::USBDevice_()
                0x0000000000080554                USBDevice_::USBDevice_()
 .text._ZN10USBDevice_6attachEv
                0x0000000000080578       0x20 /home/daniel/workspace/IntelliPilot/build/core.a(USBCore.cpp.o)
                0x0000000000080578                USBDevice_::attach()
 .text.startup._GLOBAL__sub_I_EndPoints
                0x0000000000080598        0xc /home/daniel/workspace/IntelliPilot/build/core.a(USBCore.cpp.o)
 .text._ZL7USB_ISRv
                0x00000000000805a4      0x454 /home/daniel/workspace/IntelliPilot/build/core.a(USBCore.cpp.o)
 .text._ZN7Serial_9availableEv
                0x00000000000809f8       0x18 /home/daniel/workspace/IntelliPilot/build/core.a(CDC.cpp.o)
                0x00000000000809f8                Serial_::available()
 .text._ZN7Serial_17availableForWriteEv
                0x0000000000080a10        0x6 /home/daniel/workspace/IntelliPilot/build/core.a(CDC.cpp.o)
                0x0000000000080a10                Serial_::availableForWrite()
 *fill*         0x0000000000080a16        0x2 
 .text._ZN7Serial_4peekEv
                0x0000000000080a18       0x20 /home/daniel/workspace/IntelliPilot/build/core.a(CDC.cpp.o)
                0x0000000000080a18                Serial_::peek()
 .text._ZN7Serial_5writeEh
                0x0000000000080a38       0x16 /home/daniel/workspace/IntelliPilot/build/core.a(CDC.cpp.o)
                0x0000000000080a38                Serial_::write(unsigned char)
 *fill*         0x0000000000080a4e        0x2 
 .text._ZN7Serial_4readEv
                0x0000000000080a50       0x44 /home/daniel/workspace/IntelliPilot/build/core.a(CDC.cpp.o)
                0x0000000000080a50                Serial_::read()
 .text._ZN7Serial_5flushEv
                0x0000000000080a94        0x6 /home/daniel/workspace/IntelliPilot/build/core.a(CDC.cpp.o)
                0x0000000000080a94                Serial_::flush()
 *fill*         0x0000000000080a9a        0x2 
 .text._ZN7Serial_6acceptEv
                0x0000000000080a9c       0x70 /home/daniel/workspace/IntelliPilot/build/core.a(CDC.cpp.o)
                0x0000000000080a9c                Serial_::accept()
 .text._ZN7Serial_5writeEPKhj
                0x0000000000080b0c       0x2c /home/daniel/workspace/IntelliPilot/build/core.a(CDC.cpp.o)
                0x0000000000080b0c                Serial_::write(unsigned char const*, unsigned int)
 .text._Z16CDC_GetInterfacePh
                0x0000000000080b38       0x14 /home/daniel/workspace/IntelliPilot/build/core.a(CDC.cpp.o)
                0x0000000000080b38                CDC_GetInterface(unsigned char*)
 .text._Z21CDC_GetOtherInterfacePh
                0x0000000000080b4c       0x14 /home/daniel/workspace/IntelliPilot/build/core.a(CDC.cpp.o)
                0x0000000000080b4c                CDC_GetOtherInterface(unsigned char*)
 .text._Z9CDC_SetupR8USBSetup
                0x0000000000080b60       0x78 /home/daniel/workspace/IntelliPilot/build/core.a(CDC.cpp.o)
                0x0000000000080b60                CDC_Setup(USBSetup&)
 .text.startup._GLOBAL__sub_I_cdc_rx_buffer
                0x0000000000080bd8       0x1c /home/daniel/workspace/IntelliPilot/build/core.a(CDC.cpp.o)
 .text._ZN9UARTClasscvbEv
                0x0000000000080bf4        0x4 /home/daniel/workspace/IntelliPilot/build/core.a(UARTClass.cpp.o)
                0x0000000000080bf4                UARTClass::operator bool()
 .text._ZN9UARTClass9availableEv
                0x0000000000080bf8       0x12 /home/daniel/workspace/IntelliPilot/build/core.a(UARTClass.cpp.o)
                0x0000000000080bf8                UARTClass::available()
 .text._ZN9UARTClass4peekEv
                0x0000000000080c0a       0x1c /home/daniel/workspace/IntelliPilot/build/core.a(UARTClass.cpp.o)
                0x0000000000080c0a                UARTClass::peek()
 .text._ZN9UARTClass4readEv
                0x0000000000080c26       0x2a /home/daniel/workspace/IntelliPilot/build/core.a(UARTClass.cpp.o)
                0x0000000000080c26                UARTClass::read()
 .text._ZN9UARTClass5flushEv
                0x0000000000080c50       0x18 /home/daniel/workspace/IntelliPilot/build/core.a(UARTClass.cpp.o)
                0x0000000000080c50                UARTClass::flush()
 .text._ZN9UARTClass5writeEh
                0x0000000000080c68       0x54 /home/daniel/workspace/IntelliPilot/build/core.a(UARTClass.cpp.o)
                0x0000000000080c68                UARTClass::write(unsigned char)
 .text._ZN9UARTClass3endEv
                0x0000000000080cbc       0x3c /home/daniel/workspace/IntelliPilot/build/core.a(UARTClass.cpp.o)
                0x0000000000080cbc                UARTClass::end()
 .text._ZN9UARTClassC2EP4Uart4IRQnmP10RingBufferS4_
                0x0000000000080cf8       0x24 /home/daniel/workspace/IntelliPilot/build/core.a(UARTClass.cpp.o)
                0x0000000000080cf8                UARTClass::UARTClass(Uart*, IRQn, unsigned long, RingBuffer*, RingBuffer*)
                0x0000000000080cf8                UARTClass::UARTClass(Uart*, IRQn, unsigned long, RingBuffer*, RingBuffer*)
 .text._ZN9UARTClass4initEmm
                0x0000000000080d1c       0x70 /home/daniel/workspace/IntelliPilot/build/core.a(UARTClass.cpp.o)
                0x0000000000080d1c                UARTClass::init(unsigned long, unsigned long)
 .text._ZN9UARTClass5beginEm
                0x0000000000080d8c        0x8 /home/daniel/workspace/IntelliPilot/build/core.a(UARTClass.cpp.o)
                0x0000000000080d8c                UARTClass::begin(unsigned long)
 .text._ZN9UARTClass10IrqHandlerEv
                0x0000000000080d94       0x5a /home/daniel/workspace/IntelliPilot/build/core.a(UARTClass.cpp.o)
                0x0000000000080d94                UARTClass::IrqHandler()
 .text._ZN10RingBufferC2Ev
                0x0000000000080dee       0x1a /home/daniel/workspace/IntelliPilot/build/core.a(RingBuffer.cpp.o)
                0x0000000000080dee                RingBuffer::RingBuffer()
                0x0000000000080dee                RingBuffer::RingBuffer()
 .text._ZN10RingBuffer10store_charEh
                0x0000000000080e08       0x1e /home/daniel/workspace/IntelliPilot/build/core.a(RingBuffer.cpp.o)
                0x0000000000080e08                RingBuffer::store_char(unsigned char)
 *fill*         0x0000000000080e26        0x2 
 .text.initiateReset
                0x0000000000080e28        0xc /home/daniel/workspace/IntelliPilot/build/core.a(Reset.cpp.o)
                0x0000000000080e28                initiateReset
 .text.cancelReset
                0x0000000000080e34       0x10 /home/daniel/workspace/IntelliPilot/build/core.a(Reset.cpp.o)
                0x0000000000080e34                cancelReset
 .text.tickReset
                0x0000000000080e44       0x20 /home/daniel/workspace/IntelliPilot/build/core.a(Reset.cpp.o)
                0x0000000000080e44                tickReset
 .text._Z11serialEventv
                0x0000000000080e64        0x2 /home/daniel/workspace/IntelliPilot/build/core.a(variant.cpp.o)
                0x0000000000080e64                serialEvent()
 *fill*         0x0000000000080e66        0x2 
 .text.UART_Handler
                0x0000000000080e68        0xc /home/daniel/workspace/IntelliPilot/build/core.a(variant.cpp.o)
                0x0000000000080e68                UART_Handler
 .text._Z12serialEvent1v
                0x0000000000080e74        0x2 /home/daniel/workspace/IntelliPilot/build/core.a(variant.cpp.o)
                0x0000000000080e74                serialEvent1()
 .text._Z12serialEvent2v
                0x0000000000080e76        0x2 /home/daniel/workspace/IntelliPilot/build/core.a(variant.cpp.o)
                0x0000000000080e76                serialEvent2()
 .text._Z12serialEvent3v
                0x0000000000080e78        0x2 /home/daniel/workspace/IntelliPilot/build/core.a(variant.cpp.o)
                0x0000000000080e78                serialEvent3()
 *fill*         0x0000000000080e7a        0x2 
 .text.USART0_Handler
                0x0000000000080e7c        0xc /home/daniel/workspace/IntelliPilot/build/core.a(variant.cpp.o)
                0x0000000000080e7c                USART0_Handler
 .text.USART1_Handler
                0x0000000000080e88        0xc /home/daniel/workspace/IntelliPilot/build/core.a(variant.cpp.o)
                0x0000000000080e88                USART1_Handler
 .text.USART3_Handler
                0x0000000000080e94        0xc /home/daniel/workspace/IntelliPilot/build/core.a(variant.cpp.o)
                0x0000000000080e94                USART3_Handler
 .text.init     0x0000000000080ea0      0x128 /home/daniel/workspace/IntelliPilot/build/core.a(variant.cpp.o)
                0x0000000000080ea0                init
 .text.startup._GLOBAL__sub_I_g_APinDescription
                0x0000000000080fc8       0xd4 /home/daniel/workspace/IntelliPilot/build/core.a(variant.cpp.o)
 .text._Z14serialEventRunv
                0x000000000008109c       0x44 /home/daniel/workspace/IntelliPilot/build/core.a(variant.cpp.o)
                0x000000000008109c                serialEventRun()
 .text.analogOutputInit
                0x00000000000810e0        0x2 /home/daniel/workspace/IntelliPilot/build/core.a(wiring_analog.c.o)
                0x00000000000810e0                analogOutputInit
 *fill*         0x00000000000810e2        0x2 
 .text.pinMode  0x00000000000810e4      0x108 /home/daniel/workspace/IntelliPilot/build/core.a(wiring_digital.c.o)
                0x00000000000810e4                pinMode
 .text.digitalWrite
                0x00000000000811ec       0x70 /home/daniel/workspace/IntelliPilot/build/core.a(wiring_digital.c.o)
                0x00000000000811ec                digitalWrite
 .text._ZN10USARTClass5beginEm
                0x000000000008125c        0x8 /home/daniel/workspace/IntelliPilot/build/core.a(USARTClass.cpp.o)
                0x000000000008125c                USARTClass::begin(unsigned long)
 .text._ZN10USARTClassC2EP5Usart4IRQnmP10RingBufferS4_
                0x0000000000081264       0x24 /home/daniel/workspace/IntelliPilot/build/core.a(USARTClass.cpp.o)
                0x0000000000081264                USARTClass::USARTClass(Usart*, IRQn, unsigned long, RingBuffer*, RingBuffer*)
                0x0000000000081264                USARTClass::USARTClass(Usart*, IRQn, unsigned long, RingBuffer*, RingBuffer*)
 .text.PIO_PullUp
                0x0000000000081288        0xa /home/daniel/workspace/IntelliPilot/.arduino15/packages/arduino/hardware/sam/1.6.9/variants/arduino_due_x/libsam_sam3x8e_gcc_rel.a(pio.o)
                0x0000000000081288                PIO_PullUp
 .text.PIO_SetPeripheral
                0x0000000000081292       0x26 /home/daniel/workspace/IntelliPilot/.arduino15/packages/arduino/hardware/sam/1.6.9/variants/arduino_due_x/libsam_sam3x8e_gcc_rel.a(pio.o)
                0x0000000000081292                PIO_SetPeripheral
 .text.PIO_SetInput
                0x00000000000812b8       0x26 /home/daniel/workspace/IntelliPilot/.arduino15/packages/arduino/hardware/sam/1.6.9/variants/arduino_due_x/libsam_sam3x8e_gcc_rel.a(pio.o)
                0x00000000000812b8                PIO_SetInput
 .text.PIO_SetOutput
                0x00000000000812de       0x24 /home/daniel/workspace/IntelliPilot/.arduino15/packages/arduino/hardware/sam/1.6.9/variants/arduino_due_x/libsam_sam3x8e_gcc_rel.a(pio.o)
                0x00000000000812de                PIO_SetOutput
 *fill*         0x0000000000081302        0x2 
 .text.PIO_Configure
                0x0000000000081304       0x64 /home/daniel/workspace/IntelliPilot/.arduino15/packages/arduino/hardware/sam/1.6.9/variants/arduino_due_x/libsam_sam3x8e_gcc_rel.a(pio.o)
                0x0000000000081304                PIO_Configure
 .text.PIO_GetOutputDataStatus
                0x0000000000081368       0x14 /home/daniel/workspace/IntelliPilot/.arduino15/packages/arduino/hardware/sam/1.6.9/variants/arduino_due_x/libsam_sam3x8e_gcc_rel.a(pio.o)
                0x0000000000081368                PIO_GetOutputDataStatus
 .text.pmc_enable_upll_clock
                0x000000000008137c       0x14 /home/daniel/workspace/IntelliPilot/.arduino15/packages/arduino/hardware/sam/1.6.9/variants/arduino_due_x/libsam_sam3x8e_gcc_rel.a(pmc.o)
                0x000000000008137c                pmc_enable_upll_clock
 .text.pmc_enable_periph_clk
                0x0000000000081390       0x44 /home/daniel/workspace/IntelliPilot/.arduino15/packages/arduino/hardware/sam/1.6.9/variants/arduino_due_x/libsam_sam3x8e_gcc_rel.a(pmc.o)
                0x0000000000081390                pmc_enable_periph_clk
 .text.pmc_disable_periph_clk
                0x00000000000813d4       0x40 /home/daniel/workspace/IntelliPilot/.arduino15/packages/arduino/hardware/sam/1.6.9/variants/arduino_due_x/libsam_sam3x8e_gcc_rel.a(pmc.o)
                0x00000000000813d4                pmc_disable_periph_clk
 .text.pmc_switch_udpck_to_upllck
                0x0000000000081414       0x14 /home/daniel/workspace/IntelliPilot/.arduino15/packages/arduino/hardware/sam/1.6.9/variants/arduino_due_x/libsam_sam3x8e_gcc_rel.a(pmc.o)
                0x0000000000081414                pmc_switch_udpck_to_upllck
 .text.pmc_enable_udpck
                0x0000000000081428        0xc /home/daniel/workspace/IntelliPilot/.arduino15/packages/arduino/hardware/sam/1.6.9/variants/arduino_due_x/libsam_sam3x8e_gcc_rel.a(pmc.o)
                0x0000000000081428                pmc_enable_udpck
 .text.TimeTick_Increment
                0x0000000000081434       0x10 /home/daniel/workspace/IntelliPilot/.arduino15/packages/arduino/hardware/sam/1.6.9/variants/arduino_due_x/libsam_sam3x8e_gcc_rel.a(timetick.o)
                0x0000000000081434                TimeTick_Increment
 .text.GetTickCount
                0x0000000000081444        0xc /home/daniel/workspace/IntelliPilot/.arduino15/packages/arduino/hardware/sam/1.6.9/variants/arduino_due_x/libsam_sam3x8e_gcc_rel.a(timetick.o)
                0x0000000000081444                GetTickCount
 .text.SystemInit
                0x0000000000081450       0x88 /home/daniel/workspace/IntelliPilot/.arduino15/packages/arduino/hardware/sam/1.6.9/variants/arduino_due_x/libsam_sam3x8e_gcc_rel.a(system_sam3xa.o)
                0x0000000000081450                SystemInit
 .text.adc_init
                0x00000000000814d8       0x98 /home/daniel/workspace/IntelliPilot/.arduino15/packages/arduino/hardware/sam/1.6.9/variants/arduino_due_x/libsam_sam3x8e_gcc_rel.a(adc.o)
                0x00000000000814d8                adc_init
 .text.adc_configure_trigger
                0x0000000000081570        0xe /home/daniel/workspace/IntelliPilot/.arduino15/packages/arduino/hardware/sam/1.6.9/variants/arduino_due_x/libsam_sam3x8e_gcc_rel.a(adc.o)
                0x0000000000081570                adc_configure_trigger
 .text.adc_configure_timing
                0x000000000008157e       0x1a /home/daniel/workspace/IntelliPilot/.arduino15/packages/arduino/hardware/sam/1.6.9/variants/arduino_due_x/libsam_sam3x8e_gcc_rel.a(adc.o)
                0x000000000008157e                adc_configure_timing
 .text.adc_disable_channel
                0x0000000000081598        0xa /home/daniel/workspace/IntelliPilot/.arduino15/packages/arduino/hardware/sam/1.6.9/variants/arduino_due_x/libsam_sam3x8e_gcc_rel.a(adc.o)
                0x0000000000081598                adc_disable_channel
 .text.adc_disable_all_channel
                0x00000000000815a2        0x8 /home/daniel/workspace/IntelliPilot/.arduino15/packages/arduino/hardware/sam/1.6.9/variants/arduino_due_x/libsam_sam3x8e_gcc_rel.a(adc.o)
                0x00000000000815a2                adc_disable_all_channel
 .text.adc_disable_interrupt
                0x00000000000815aa        0x4 /home/daniel/workspace/IntelliPilot/.arduino15/packages/arduino/hardware/sam/1.6.9/variants/arduino_due_x/libsam_sam3x8e_gcc_rel.a(adc.o)
                0x00000000000815aa                adc_disable_interrupt
 *fill*         0x00000000000815ae        0x2 
 .text.UDD_SetStack
                0x00000000000815b0        0xc /home/daniel/workspace/IntelliPilot/.arduino15/packages/arduino/hardware/sam/1.6.9/variants/arduino_due_x/libsam_sam3x8e_gcc_rel.a(uotghs_device.o)
                0x00000000000815b0                UDD_SetStack
 .text.UDD_Init
                0x00000000000815bc       0xd0 /home/daniel/workspace/IntelliPilot/.arduino15/packages/arduino/hardware/sam/1.6.9/variants/arduino_due_x/libsam_sam3x8e_gcc_rel.a(uotghs_device.o)
                0x00000000000815bc                UDD_Init
 .text.UDD_Attach
                0x000000000008168c       0x50 /home/daniel/workspace/IntelliPilot/.arduino15/packages/arduino/hardware/sam/1.6.9/variants/arduino_due_x/libsam_sam3x8e_gcc_rel.a(uotghs_device.o)
                0x000000000008168c                UDD_Attach
 .text.UDD_InitEP
                0x00000000000816dc       0x2c /home/daniel/workspace/IntelliPilot/.arduino15/packages/arduino/hardware/sam/1.6.9/variants/arduino_due_x/libsam_sam3x8e_gcc_rel.a(uotghs_device.o)
                0x00000000000816dc                UDD_InitEP
 .text.UDD_InitEndpoints
                0x0000000000081708       0x3c /home/daniel/workspace/IntelliPilot/.arduino15/packages/arduino/hardware/sam/1.6.9/variants/arduino_due_x/libsam_sam3x8e_gcc_rel.a(uotghs_device.o)
                0x0000000000081708                UDD_InitEndpoints
 .text.UDD_WaitIN
                0x0000000000081744       0x10 /home/daniel/workspace/IntelliPilot/.arduino15/packages/arduino/hardware/sam/1.6.9/variants/arduino_due_x/libsam_sam3x8e_gcc_rel.a(uotghs_device.o)
                0x0000000000081744                UDD_WaitIN
 .text.UDD_WaitOUT
                0x0000000000081754       0x10 /home/daniel/workspace/IntelliPilot/.arduino15/packages/arduino/hardware/sam/1.6.9/variants/arduino_due_x/libsam_sam3x8e_gcc_rel.a(uotghs_device.o)
                0x0000000000081754                UDD_WaitOUT
 .text.UDD_ClearIN
                0x0000000000081764       0x18 /home/daniel/workspace/IntelliPilot/.arduino15/packages/arduino/hardware/sam/1.6.9/variants/arduino_due_x/libsam_sam3x8e_gcc_rel.a(uotghs_device.o)
                0x0000000000081764                UDD_ClearIN
 .text.UDD_ClearOUT
                0x000000000008177c       0x18 /home/daniel/workspace/IntelliPilot/.arduino15/packages/arduino/hardware/sam/1.6.9/variants/arduino_due_x/libsam_sam3x8e_gcc_rel.a(uotghs_device.o)
                0x000000000008177c                UDD_ClearOUT
 .text.UDD_ReceivedSetupInt
                0x0000000000081794       0x10 /home/daniel/workspace/IntelliPilot/.arduino15/packages/arduino/hardware/sam/1.6.9/variants/arduino_due_x/libsam_sam3x8e_gcc_rel.a(uotghs_device.o)
                0x0000000000081794                UDD_ReceivedSetupInt
 .text.UDD_ClearSetupInt
                0x00000000000817a4       0x10 /home/daniel/workspace/IntelliPilot/.arduino15/packages/arduino/hardware/sam/1.6.9/variants/arduino_due_x/libsam_sam3x8e_gcc_rel.a(uotghs_device.o)
                0x00000000000817a4                UDD_ClearSetupInt
 .text.UDD_Send
                0x00000000000817b4       0x88 /home/daniel/workspace/IntelliPilot/.arduino15/packages/arduino/hardware/sam/1.6.9/variants/arduino_due_x/libsam_sam3x8e_gcc_rel.a(uotghs_device.o)
                0x00000000000817b4                UDD_Send
 .text.UDD_Send8
                0x000000000008183c       0x24 /home/daniel/workspace/IntelliPilot/.arduino15/packages/arduino/hardware/sam/1.6.9/variants/arduino_due_x/libsam_sam3x8e_gcc_rel.a(uotghs_device.o)
                0x000000000008183c                UDD_Send8
 .text.UDD_Recv8
                0x0000000000081860       0x28 /home/daniel/workspace/IntelliPilot/.arduino15/packages/arduino/hardware/sam/1.6.9/variants/arduino_due_x/libsam_sam3x8e_gcc_rel.a(uotghs_device.o)
                0x0000000000081860                UDD_Recv8
 .text.UDD_Recv
                0x0000000000081888       0x34 /home/daniel/workspace/IntelliPilot/.arduino15/packages/arduino/hardware/sam/1.6.9/variants/arduino_due_x/libsam_sam3x8e_gcc_rel.a(uotghs_device.o)
                0x0000000000081888                UDD_Recv
 .text.UDD_Stall
                0x00000000000818bc       0x14 /home/daniel/workspace/IntelliPilot/.arduino15/packages/arduino/hardware/sam/1.6.9/variants/arduino_due_x/libsam_sam3x8e_gcc_rel.a(uotghs_device.o)
                0x00000000000818bc                UDD_Stall
 .text.UDD_FifoByteCount
                0x00000000000818d0       0x14 /home/daniel/workspace/IntelliPilot/.arduino15/packages/arduino/hardware/sam/1.6.9/variants/arduino_due_x/libsam_sam3x8e_gcc_rel.a(uotghs_device.o)
                0x00000000000818d0                UDD_FifoByteCount
 .text.UDD_ReleaseRX
                0x00000000000818e4       0x28 /home/daniel/workspace/IntelliPilot/.arduino15/packages/arduino/hardware/sam/1.6.9/variants/arduino_due_x/libsam_sam3x8e_gcc_rel.a(uotghs_device.o)
                0x00000000000818e4                UDD_ReleaseRX
 .text.UDD_ReleaseTX
                0x000000000008190c       0x28 /home/daniel/workspace/IntelliPilot/.arduino15/packages/arduino/hardware/sam/1.6.9/variants/arduino_due_x/libsam_sam3x8e_gcc_rel.a(uotghs_device.o)
                0x000000000008190c                UDD_ReleaseTX
 .text.UDD_SetAddress
                0x0000000000081934       0x20 /home/daniel/workspace/IntelliPilot/.arduino15/packages/arduino/hardware/sam/1.6.9/variants/arduino_due_x/libsam_sam3x8e_gcc_rel.a(uotghs_device.o)
                0x0000000000081934                UDD_SetAddress
 .text.__libc_init_array
                0x0000000000081954       0x50 /home/daniel/workspace/IntelliPilot/.arduino15/packages/arduino/tools/arm-none-eabi-gcc/4.8.3-2014q1/bin/../lib/gcc/arm-none-eabi/4.8.3/../../../../arm-none-eabi/lib/armv7-m/libc.a(lib_a-init.o)
                0x0000000000081954                __libc_init_array
 .text.memset   0x00000000000819a4       0x94 /home/daniel/workspace/IntelliPilot/.arduino15/packages/arduino/tools/arm-none-eabi-gcc/4.8.3-2014q1/bin/../lib/gcc/arm-none-eabi/4.8.3/../../../../arm-none-eabi/lib/armv7-m/libc.a(lib_a-memset.o)
                0x00000000000819a4                memset
 .text.strlen   0x0000000000081a38       0x60 /home/daniel/workspace/IntelliPilot/.arduino15/packages/arduino/tools/arm-none-eabi-gcc/4.8.3-2014q1/bin/../lib/gcc/arm-none-eabi/4.8.3/../../../../arm-none-eabi/lib/armv7-m/libc.a(lib_a-strlen.o)
                0x0000000000081a38                strlen
 .text.startup.register_fini
                0x0000000000081a98       0x14 /home/daniel/workspace/IntelliPilot/.arduino15/packages/arduino/tools/arm-none-eabi-gcc/4.8.3-2014q1/bin/../lib/gcc/arm-none-eabi/4.8.3/../../../../arm-none-eabi/lib/armv7-m/libc.a(lib_a-__call_atexit.o)
 .text.atexit   0x0000000000081aac        0xc /home/daniel/workspace/IntelliPilot/.arduino15/packages/arduino/tools/arm-none-eabi-gcc/4.8.3-2014q1/bin/../lib/gcc/arm-none-eabi/4.8.3/../../../../arm-none-eabi/lib/armv7-m/libc.a(lib_a-atexit.o)
                0x0000000000081aac                atexit
 .text.__libc_fini_array
                0x0000000000081ab8       0x30 /home/daniel/workspace/IntelliPilot/.arduino15/packages/arduino/tools/arm-none-eabi-gcc/4.8.3-2014q1/bin/../lib/gcc/arm-none-eabi/4.8.3/../../../../arm-none-eabi/lib/armv7-m/libc.a(lib_a-fini.o)
                0x0000000000081ab8                __libc_fini_array
 .text.__register_exitproc
                0x0000000000081ae8       0xa8 /home/daniel/workspace/IntelliPilot/.arduino15/packages/arduino/tools/arm-none-eabi-gcc/4.8.3-2014q1/bin/../lib/gcc/arm-none-eabi/4.8.3/../../../../arm-none-eabi/lib/armv7-m/libc.a(lib_a-__atexit.o)
                0x0000000000081ae8                __register_exitproc
 *(.glue_7t)
 .glue_7t       0x0000000000000000        0x0 linker stubs
 *(.glue_7)
 .glue_7        0x0000000000000000        0x0 linker stubs
 *(.rodata .rodata* .gnu.linkonce.r.*)
 .rodata.str1.1
                0x0000000000081b90        0xd /home/daniel/workspace/IntelliPilot/build/IntelliCopter.ino.cpp.o
 .rodata.str1.1
                0x0000000000081b9d       0x11 /home/daniel/workspace/IntelliPilot/build/core.a(Print.cpp.o)
 .rodata.STRING_PRODUCT
                0x0000000000081bae        0xc /home/daniel/workspace/IntelliPilot/build/core.a(USBCore.cpp.o)
                0x0000000000081bae                STRING_PRODUCT
 .rodata.USB_DeviceDescriptor
                0x0000000000081bba       0x12 /home/daniel/workspace/IntelliPilot/build/core.a(USBCore.cpp.o)
                0x0000000000081bba                USB_DeviceDescriptor
 .rodata.STRING_LANGUAGE
                0x0000000000081bcc        0x4 /home/daniel/workspace/IntelliPilot/build/core.a(USBCore.cpp.o)
                0x0000000000081bcc                STRING_LANGUAGE
 .rodata._ZL18test_packet_buffer
                0x0000000000081bd0       0x35 /home/daniel/workspace/IntelliPilot/build/core.a(USBCore.cpp.o)
 .rodata.STRING_MANUFACTURER
                0x0000000000081c05        0xc /home/daniel/workspace/IntelliPilot/build/core.a(USBCore.cpp.o)
                0x0000000000081c05                STRING_MANUFACTURER
 .rodata.USB_DeviceDescriptorA
                0x0000000000081c11       0x12 /home/daniel/workspace/IntelliPilot/build/core.a(USBCore.cpp.o)
                0x0000000000081c11                USB_DeviceDescriptorA
 .rodata._ZL19USB_DeviceQualifier
                0x0000000000081c23        0x9 /home/daniel/workspace/IntelliPilot/build/core.a(USBCore.cpp.o)
 *fill*         0x0000000000081c2c        0x4 
 .rodata._ZTV7Serial_
                0x0000000000081c30       0x28 /home/daniel/workspace/IntelliPilot/build/core.a(CDC.cpp.o)
                0x0000000000081c30                vtable for Serial_
 .rodata._ZL18_cdcOtherInterface
                0x0000000000081c58       0x42 /home/daniel/workspace/IntelliPilot/build/core.a(CDC.cpp.o)
 .rodata._ZL13_cdcInterface
                0x0000000000081c9a       0x42 /home/daniel/workspace/IntelliPilot/build/core.a(CDC.cpp.o)
 *fill*         0x0000000000081cdc        0x4 
 .rodata._ZTV9UARTClass
                0x0000000000081ce0       0x30 /home/daniel/workspace/IntelliPilot/build/core.a(UARTClass.cpp.o)
                0x0000000000081ce0                vtable for UARTClass
 .rodata.g_APinDescription
                0x0000000000081d10      0xa2c /home/daniel/workspace/IntelliPilot/build/core.a(variant.cpp.o)
                0x0000000000081d10                g_APinDescription
 *fill*         0x000000000008273c        0x4 
 .rodata._ZTV10USARTClass
                0x0000000000082740       0x30 /home/daniel/workspace/IntelliPilot/build/core.a(USARTClass.cpp.o)
                0x0000000000082740                vtable for USARTClass
 .rodata        0x0000000000082770       0x40 /home/daniel/workspace/IntelliPilot/.arduino15/packages/arduino/hardware/sam/1.6.9/variants/arduino_due_x/libsam_sam3x8e_gcc_rel.a(adc.o)
 .rodata.str1.4
                0x00000000000827b0        0x4 /home/daniel/workspace/IntelliPilot/.arduino15/packages/arduino/tools/arm-none-eabi-gcc/4.8.3-2014q1/bin/../lib/gcc/arm-none-eabi/4.8.3/../../../../arm-none-eabi/lib/armv7-m/libc.a(lib_a-impure.o)
 .rodata._global_impure_ptr
                0x00000000000827b4        0x4 /home/daniel/workspace/IntelliPilot/.arduino15/packages/arduino/tools/arm-none-eabi-gcc/4.8.3-2014q1/bin/../lib/gcc/arm-none-eabi/4.8.3/../../../../arm-none-eabi/lib/armv7-m/libc.a(lib_a-impure.o)
                0x00000000000827b4                _global_impure_ptr
 *(.ARM.extab* .gnu.linkonce.armextab.*)
                0x00000000000827b8                . = ALIGN (0x4)
 *(.init)
 .init          0x00000000000827b8        0x4 /home/daniel/workspace/IntelliPilot/.arduino15/packages/arduino/tools/arm-none-eabi-gcc/4.8.3-2014q1/bin/../lib/gcc/arm-none-eabi/4.8.3/armv7-m/crti.o
                0x00000000000827b8                _init
 .init          0x00000000000827bc        0x8 /home/daniel/workspace/IntelliPilot/.arduino15/packages/arduino/tools/arm-none-eabi-gcc/4.8.3-2014q1/bin/../lib/gcc/arm-none-eabi/4.8.3/armv7-m/crtn.o
                0x00000000000827c4                . = ALIGN (0x4)
                0x00000000000827c4                __preinit_array_start = .
 *(.preinit_array)
                0x00000000000827c4                __preinit_array_end = .
                0x00000000000827c4                . = ALIGN (0x4)
                0x00000000000827c4                __init_array_start = .
 *(SORT(.init_array.*))
 .init_array.00000
                0x00000000000827c4        0x4 /home/daniel/workspace/IntelliPilot/.arduino15/packages/arduino/tools/arm-none-eabi-gcc/4.8.3-2014q1/bin/../lib/gcc/arm-none-eabi/4.8.3/../../../../arm-none-eabi/lib/armv7-m/libc.a(lib_a-__call_atexit.o)
 *(.init_array)
 .init_array    0x00000000000827c8        0x4 /home/daniel/workspace/IntelliPilot/.arduino15/packages/arduino/tools/arm-none-eabi-gcc/4.8.3-2014q1/bin/../lib/gcc/arm-none-eabi/4.8.3/armv7-m/crtbegin.o
 .init_array    0x00000000000827cc        0x4 /home/daniel/workspace/IntelliPilot/build/core.a(USBCore.cpp.o)
 .init_array    0x00000000000827d0        0x4 /home/daniel/workspace/IntelliPilot/build/core.a(CDC.cpp.o)
 .init_array    0x00000000000827d4        0x4 /home/daniel/workspace/IntelliPilot/build/core.a(variant.cpp.o)
                0x00000000000827d8                __init_array_end = .
                0x00000000000827d8                . = ALIGN (0x4)
 *crtbegin.o(.ctors)
 *(EXCLUDE_FILE(*crtend.o) .ctors)
 *(SORT(.ctors.*))
 *crtend.o(.ctors)
                0x00000000000827d8                . = ALIGN (0x4)
 *(.fini)
 .fini          0x00000000000827d8        0x4 /home/daniel/workspace/IntelliPilot/.arduino15/packages/arduino/tools/arm-none-eabi-gcc/4.8.3-2014q1/bin/../lib/gcc/arm-none-eabi/4.8.3/armv7-m/crti.o
                0x00000000000827d8                _fini
 .fini          0x00000000000827dc        0x8 /home/daniel/workspace/IntelliPilot/.arduino15/packages/arduino/tools/arm-none-eabi-gcc/4.8.3-2014q1/bin/../lib/gcc/arm-none-eabi/4.8.3/armv7-m/crtn.o
                0x00000000000827e4                . = ALIGN (0x4)
                0x00000000000827e4                __fini_array_start = .
 *(.fini_array)
 .fini_array    0x00000000000827e4        0x4 /home/daniel/workspace/IntelliPilot/.arduino15/packages/arduino/tools/arm-none-eabi-gcc/4.8.3-2014q1/bin/../lib/gcc/arm-none-eabi/4.8.3/armv7-m/crtbegin.o
 *(SORT(.fini_array.*))
                0x00000000000827e8                __fini_array_end = .
 *crtbegin.o(.dtors)
 *(EXCLUDE_FILE(*crtend.o) .dtors)
 *(SORT(.dtors.*))
 *crtend.o(.dtors)
                0x00000000000827e8                . = ALIGN (0x4)
                0x00000000000827e8                _efixed = .
                0x00000000000827e8                PROVIDE (__exidx_start, .)

.vfp11_veneer   0x00000000000827e8        0x0
 .vfp11_veneer  0x0000000000000000        0x0 linker stubs

.v4_bx          0x00000000000827e8        0x0
 .v4_bx         0x0000000000000000        0x0 linker stubs

.iplt           0x00000000000827e8        0x0
 .iplt          0x0000000000000000        0x0 /home/daniel/workspace/IntelliPilot/.arduino15/packages/arduino/tools/arm-none-eabi-gcc/4.8.3-2014q1/bin/../lib/gcc/arm-none-eabi/4.8.3/armv7-m/crtbegin.o

.eh_frame       0x00000000000827e8        0x0
 .eh_frame      0x00000000000827e8        0x0 /home/daniel/workspace/IntelliPilot/.arduino15/packages/arduino/tools/arm-none-eabi-gcc/4.8.3-2014q1/bin/../lib/gcc/arm-none-eabi/4.8.3/armv7-m/crtbegin.o

.rel.dyn        0x00000000000827e8        0x0
 .rel.iplt      0x0000000000000000        0x0 /home/daniel/workspace/IntelliPilot/.arduino15/packages/arduino/tools/arm-none-eabi-gcc/4.8.3-2014q1/bin/../lib/gcc/arm-none-eabi/4.8.3/armv7-m/crtbegin.o

.jcr            0x00000000000827e8        0x0
 .jcr           0x00000000000827e8        0x0 /home/daniel/workspace/IntelliPilot/.arduino15/packages/arduino/tools/arm-none-eabi-gcc/4.8.3-2014q1/bin/../lib/gcc/arm-none-eabi/4.8.3/armv7-m/crtbegin.o

.igot.plt       0x00000000000827e8        0x0
 .igot.plt      0x0000000000000000        0x0 /home/daniel/workspace/IntelliPilot/.arduino15/packages/arduino/tools/arm-none-eabi-gcc/4.8.3-2014q1/bin/../lib/gcc/arm-none-eabi/4.8.3/armv7-m/crtbegin.o

.ARM.exidx
 *(.ARM.exidx* .gnu.linkonce.armexidx.*)
                0x00000000000827e8                PROVIDE (__exidx_end, .)
                0x00000000000827e8                . = ALIGN (0x4)
                0x00000000000827e8                _etext = .

.relocate       0x0000000020070000      0x498 load address 0x00000000000827e8
                0x0000000020070000                . = ALIGN (0x4)
                0x0000000020070000                _srelocate = .
 *(.ramfunc .ramfunc.*)
 .ramfunc       0x0000000020070000       0x2c /home/daniel/workspace/IntelliPilot/build/core.a(Reset.cpp.o)
                0x0000000020070000                banzai
 *(.data .data.*)
 .data.EndPoints
                0x000000002007002c       0x28 /home/daniel/workspace/IntelliPilot/build/core.a(USBCore.cpp.o)
                0x000000002007002c                EndPoints
 .data._ZL10breakValue
                0x0000000020070054        0x4 /home/daniel/workspace/IntelliPilot/build/core.a(CDC.cpp.o)
 .data._ZL12_usbLineInfo
                0x0000000020070058        0x8 /home/daniel/workspace/IntelliPilot/build/core.a(CDC.cpp.o)
 .data._ZL5ticks
                0x0000000020070060        0x4 /home/daniel/workspace/IntelliPilot/build/core.a(Reset.cpp.o)
 .data.SystemCoreClock
                0x0000000020070064        0x4 /home/daniel/workspace/IntelliPilot/.arduino15/packages/arduino/hardware/sam/1.6.9/variants/arduino_due_x/libsam_sam3x8e_gcc_rel.a(system_sam3xa.o)
                0x0000000020070064                SystemCoreClock
 .data.g_interrupt_enabled
                0x0000000020070068        0x4 /home/daniel/workspace/IntelliPilot/.arduino15/packages/arduino/hardware/sam/1.6.9/variants/arduino_due_x/libsam_sam3x8e_gcc_rel.a(interrupt_sam_nvic.o)
                0x0000000020070068                g_interrupt_enabled
 *fill*         0x000000002007006c        0x4 
 .data.impure_data
                0x0000000020070070      0x428 /home/daniel/workspace/IntelliPilot/.arduino15/packages/arduino/tools/arm-none-eabi-gcc/4.8.3-2014q1/bin/../lib/gcc/arm-none-eabi/4.8.3/../../../../arm-none-eabi/lib/armv7-m/libc.a(lib_a-impure.o)
                0x0000000020070498                . = ALIGN (0x4)
                0x0000000020070498                _erelocate = .

.bss            0x0000000020070498      0x7e0 load address 0x0000000000082c80
                0x0000000020070498                . = ALIGN (0x4)
                0x0000000020070498                _sbss = .
                0x0000000020070498                _szero = .
 *(.bss .bss.*)
 .bss           0x0000000020070498       0x1c /home/daniel/workspace/IntelliPilot/.arduino15/packages/arduino/tools/arm-none-eabi-gcc/4.8.3-2014q1/bin/../lib/gcc/arm-none-eabi/4.8.3/armv7-m/crtbegin.o
 .bss.gpf_isr   0x00000000200704b4        0x4 /home/daniel/workspace/IntelliPilot/.arduino15/packages/arduino/hardware/sam/1.6.9/variants/arduino_due_x/libsam_sam3x8e_gcc_rel.a(uotghs.o)
                0x00000000200704b4                gpf_isr
 .bss._cmark    0x00000000200704b8        0x2 /home/daniel/workspace/IntelliPilot/build/core.a(USBCore.cpp.o)
                0x00000000200704b8                _cmark
 .bss._ZL14isEndpointHalt
                0x00000000200704ba        0x1 /home/daniel/workspace/IntelliPilot/build/core.a(USBCore.cpp.o)
 *fill*         0x00000000200704bb        0x1 
 .bss._cdcComposite
                0x00000000200704bc        0x4 /home/daniel/workspace/IntelliPilot/build/core.a(USBCore.cpp.o)
                0x00000000200704bc                _cdcComposite
 .bss._ZL21isRemoteWakeUpEnabled
                0x00000000200704c0        0x1 /home/daniel/workspace/IntelliPilot/build/core.a(USBCore.cpp.o)
 *fill*         0x00000000200704c1        0x3 
 .bss._usbInitialized
                0x00000000200704c4        0x4 /home/daniel/workspace/IntelliPilot/build/core.a(USBCore.cpp.o)
                0x00000000200704c4                _usbInitialized
 .bss.USBDevice
                0x00000000200704c8        0x1 /home/daniel/workspace/IntelliPilot/build/core.a(USBCore.cpp.o)
                0x00000000200704c8                USBDevice
 *fill*         0x00000000200704c9        0x3 
 .bss._usbSetInterface
                0x00000000200704cc        0x4 /home/daniel/workspace/IntelliPilot/build/core.a(USBCore.cpp.o)
                0x00000000200704cc                _usbSetInterface
 .bss._cend     0x00000000200704d0        0x2 /home/daniel/workspace/IntelliPilot/build/core.a(USBCore.cpp.o)
                0x00000000200704d0                _cend
 *fill*         0x00000000200704d2        0x2 
 .bss._usbConfiguration
                0x00000000200704d4        0x4 /home/daniel/workspace/IntelliPilot/build/core.a(USBCore.cpp.o)
                0x00000000200704d4                _usbConfiguration
 .bss.cdc_rx_buffer
                0x00000000200704d8      0x208 /home/daniel/workspace/IntelliPilot/build/core.a(CDC.cpp.o)
                0x00000000200704d8                cdc_rx_buffer
 .bss._ZZN7Serial_6acceptEvE5guard
                0x00000000200706e0        0x4 /home/daniel/workspace/IntelliPilot/build/core.a(CDC.cpp.o)
 .bss.SerialUSB
                0x00000000200706e4       0x14 /home/daniel/workspace/IntelliPilot/build/core.a(CDC.cpp.o)
                0x00000000200706e4                SerialUSB
 .bss.tx_buffer2
                0x00000000200706f8       0x88 /home/daniel/workspace/IntelliPilot/build/core.a(variant.cpp.o)
                0x00000000200706f8                tx_buffer2
 .bss.tx_buffer1
                0x0000000020070780       0x88 /home/daniel/workspace/IntelliPilot/build/core.a(variant.cpp.o)
                0x0000000020070780                tx_buffer1
 .bss.Serial    0x0000000020070808       0x24 /home/daniel/workspace/IntelliPilot/build/core.a(variant.cpp.o)
                0x0000000020070808                Serial
 .bss.rx_buffer1
                0x000000002007082c       0x88 /home/daniel/workspace/IntelliPilot/build/core.a(variant.cpp.o)
                0x000000002007082c                rx_buffer1
 .bss.Serial1   0x00000000200708b4       0x28 /home/daniel/workspace/IntelliPilot/build/core.a(variant.cpp.o)
                0x00000000200708b4                Serial1
 .bss.Serial2   0x00000000200708dc       0x28 /home/daniel/workspace/IntelliPilot/build/core.a(variant.cpp.o)
                0x00000000200708dc                Serial2
 .bss.Serial3   0x0000000020070904       0x28 /home/daniel/workspace/IntelliPilot/build/core.a(variant.cpp.o)
                0x0000000020070904                Serial3
 .bss.tx_buffer3
                0x000000002007092c       0x88 /home/daniel/workspace/IntelliPilot/build/core.a(variant.cpp.o)
                0x000000002007092c                tx_buffer3
 .bss.tx_buffer4
                0x00000000200709b4       0x88 /home/daniel/workspace/IntelliPilot/build/core.a(variant.cpp.o)
                0x00000000200709b4                tx_buffer4
 .bss.g_pinStatus
                0x0000000020070a3c       0x4f /home/daniel/workspace/IntelliPilot/build/core.a(variant.cpp.o)
                0x0000000020070a3c                g_pinStatus
 *fill*         0x0000000020070a8b        0x1 
 .bss.rx_buffer2
                0x0000000020070a8c       0x88 /home/daniel/workspace/IntelliPilot/build/core.a(variant.cpp.o)
                0x0000000020070a8c                rx_buffer2
 .bss.rx_buffer3
                0x0000000020070b14       0x88 /home/daniel/workspace/IntelliPilot/build/core.a(variant.cpp.o)
                0x0000000020070b14                rx_buffer3
 .bss.rx_buffer4
                0x0000000020070b9c       0x88 /home/daniel/workspace/IntelliPilot/build/core.a(variant.cpp.o)
                0x0000000020070b9c                rx_buffer4
 .bss._dwTickCount
                0x0000000020070c24        0x4 /home/daniel/workspace/IntelliPilot/.arduino15/packages/arduino/hardware/sam/1.6.9/variants/arduino_due_x/libsam_sam3x8e_gcc_rel.a(timetick.o)
 .bss.ul_recv_fifo_ptr
                0x0000000020070c28       0x28 /home/daniel/workspace/IntelliPilot/.arduino15/packages/arduino/hardware/sam/1.6.9/variants/arduino_due_x/libsam_sam3x8e_gcc_rel.a(uotghs_device.o)
 .bss.ul_send_fifo_ptr
                0x0000000020070c50       0x28 /home/daniel/workspace/IntelliPilot/.arduino15/packages/arduino/hardware/sam/1.6.9/variants/arduino_due_x/libsam_sam3x8e_gcc_rel.a(uotghs_device.o)
 *(COMMON)
                0x0000000020070c78                . = ALIGN (0x4)
                0x0000000020070c78                _ebss = .
                0x0000000020070c78                _ezero = .
                0x0000000020070c78                . = ALIGN (0x4)
                0x0000000020070c78                _end = .

.stack_dummy    0x0000000020070c78        0x0
 *(.stack*)
                0x0000000020088000                __StackTop = (ORIGIN (ram) + 0x18000)
                0x0000000020088000                __StackLimit = (__StackTop - SIZEOF (.stack_dummy))
                0x0000000020088000                PROVIDE (_sstack, __StackLimit)
                0x0000000020088000                PROVIDE (_estack, __StackTop)
OUTPUT(/home/daniel/workspace/IntelliPilot/build/IntelliCopter.elf elf32-littlearm)

.ARM.attributes
                0x0000000000000000       0x29
 .ARM.attributes
                0x0000000000000000       0x1d /home/daniel/workspace/IntelliPilot/.arduino15/packages/arduino/tools/arm-none-eabi-gcc/4.8.3-2014q1/bin/../lib/gcc/arm-none-eabi/4.8.3/armv7-m/crti.o
 .ARM.attributes
                0x000000000000001d       0x2d /home/daniel/workspace/IntelliPilot/.arduino15/packages/arduino/tools/arm-none-eabi-gcc/4.8.3-2014q1/bin/../lib/gcc/arm-none-eabi/4.8.3/armv7-m/crtbegin.o
 .ARM.attributes
                0x000000000000004a       0x33 /home/daniel/workspace/IntelliPilot/build/IntelliCopter.ino.cpp.o
 .ARM.attributes
                0x000000000000007d       0x33 /home/daniel/workspace/IntelliPilot/.arduino15/packages/arduino/hardware/sam/1.6.9/variants/arduino_due_x/libsam_sam3x8e_gcc_rel.a(startup_sam3xa.o)
 .ARM.attributes
                0x00000000000000b0       0x33 /home/daniel/workspace/IntelliPilot/.arduino15/packages/arduino/hardware/sam/1.6.9/variants/arduino_due_x/libsam_sam3x8e_gcc_rel.a(uotghs.o)
 .ARM.attributes
                0x00000000000000e3       0x33 /home/daniel/workspace/IntelliPilot/build/core.a(cortex_handlers.c.o)
 .ARM.attributes
                0x0000000000000116       0x33 /home/daniel/workspace/IntelliPilot/build/core.a(hooks.c.o)
 .ARM.attributes
                0x0000000000000149       0x33 /home/daniel/workspace/IntelliPilot/build/core.a(wiring.c.o)
 .ARM.attributes
                0x000000000000017c       0x33 /home/daniel/workspace/IntelliPilot/build/core.a(Print.cpp.o)
 .ARM.attributes
                0x00000000000001af       0x33 /home/daniel/workspace/IntelliPilot/build/core.a(USBCore.cpp.o)
 .ARM.attributes
                0x00000000000001e2       0x33 /home/daniel/workspace/IntelliPilot/build/core.a(CDC.cpp.o)
 .ARM.attributes
                0x0000000000000215       0x33 /home/daniel/workspace/IntelliPilot/build/core.a(UARTClass.cpp.o)
 .ARM.attributes
                0x0000000000000248       0x33 /home/daniel/workspace/IntelliPilot/build/core.a(RingBuffer.cpp.o)
 .ARM.attributes
                0x000000000000027b       0x33 /home/daniel/workspace/IntelliPilot/build/core.a(Reset.cpp.o)
 .ARM.attributes
                0x00000000000002ae       0x33 /home/daniel/workspace/IntelliPilot/build/core.a(variant.cpp.o)
 .ARM.attributes
                0x00000000000002e1       0x33 /home/daniel/workspace/IntelliPilot/build/core.a(wiring_analog.c.o)
 .ARM.attributes
                0x0000000000000314       0x33 /home/daniel/workspace/IntelliPilot/build/core.a(wiring_digital.c.o)
 .ARM.attributes
                0x0000000000000347       0x33 /home/daniel/workspace/IntelliPilot/build/core.a(USARTClass.cpp.o)
 .ARM.attributes
                0x000000000000037a       0x33 /home/daniel/workspace/IntelliPilot/.arduino15/packages/arduino/hardware/sam/1.6.9/variants/arduino_due_x/libsam_sam3x8e_gcc_rel.a(pio.o)
 .ARM.attributes
                0x00000000000003ad       0x33 /home/daniel/workspace/IntelliPilot/.arduino15/packages/arduino/hardware/sam/1.6.9/variants/arduino_due_x/libsam_sam3x8e_gcc_rel.a(pmc.o)
 .ARM.attributes
                0x00000000000003e0       0x33 /home/daniel/workspace/IntelliPilot/.arduino15/packages/arduino/hardware/sam/1.6.9/variants/arduino_due_x/libsam_sam3x8e_gcc_rel.a(timetick.o)
 .ARM.attributes
                0x0000000000000413       0x33 /home/daniel/workspace/IntelliPilot/.arduino15/packages/arduino/hardware/sam/1.6.9/variants/arduino_due_x/libsam_sam3x8e_gcc_rel.a(system_sam3xa.o)
 .ARM.attributes
                0x0000000000000446       0x33 /home/daniel/workspace/IntelliPilot/.arduino15/packages/arduino/hardware/sam/1.6.9/variants/arduino_due_x/libsam_sam3x8e_gcc_rel.a(adc.o)
 .ARM.attributes
                0x0000000000000479       0x33 /home/daniel/workspace/IntelliPilot/.arduino15/packages/arduino/hardware/sam/1.6.9/variants/arduino_due_x/libsam_sam3x8e_gcc_rel.a(interrupt_sam_nvic.o)
 .ARM.attributes
                0x00000000000004ac       0x33 /home/daniel/workspace/IntelliPilot/.arduino15/packages/arduino/hardware/sam/1.6.9/variants/arduino_due_x/libsam_sam3x8e_gcc_rel.a(uotghs_device.o)
 .ARM.attributes
                0x00000000000004df       0x2d /home/daniel/workspace/IntelliPilot/.arduino15/packages/arduino/tools/arm-none-eabi-gcc/4.8.3-2014q1/bin/../lib/gcc/arm-none-eabi/4.8.3/../../../../arm-none-eabi/lib/armv7-m/libc.a(lib_a-impure.o)
 .ARM.attributes
                0x000000000000050c       0x2d /home/daniel/workspace/IntelliPilot/.arduino15/packages/arduino/tools/arm-none-eabi-gcc/4.8.3-2014q1/bin/../lib/gcc/arm-none-eabi/4.8.3/../../../../arm-none-eabi/lib/armv7-m/libc.a(lib_a-init.o)
 .ARM.attributes
                0x0000000000000539       0x2d /home/daniel/workspace/IntelliPilot/.arduino15/packages/arduino/tools/arm-none-eabi-gcc/4.8.3-2014q1/bin/../lib/gcc/arm-none-eabi/4.8.3/../../../../arm-none-eabi/lib/armv7-m/libc.a(lib_a-memset.o)
 .ARM.attributes
                0x0000000000000566       0x2d /home/daniel/workspace/IntelliPilot/.arduino15/packages/arduino/tools/arm-none-eabi-gcc/4.8.3-2014q1/bin/../lib/gcc/arm-none-eabi/4.8.3/../../../../arm-none-eabi/lib/armv7-m/libc.a(lib_a-strlen.o)
 .ARM.attributes
                0x0000000000000593       0x2d /home/daniel/workspace/IntelliPilot/.arduino15/packages/arduino/tools/arm-none-eabi-gcc/4.8.3-2014q1/bin/../lib/gcc/arm-none-eabi/4.8.3/../../../../arm-none-eabi/lib/armv7-m/libc.a(lib_a-__call_atexit.o)
 .ARM.attributes
                0x00000000000005c0       0x2d /home/daniel/workspace/IntelliPilot/.arduino15/packages/arduino/tools/arm-none-eabi-gcc/4.8.3-2014q1/bin/../lib/gcc/arm-none-eabi/4.8.3/../../../../arm-none-eabi/lib/armv7-m/libc.a(lib_a-atexit.o)
 .ARM.attributes
                0x00000000000005ed       0x2d /home/daniel/workspace/IntelliPilot/.arduino15/packages/arduino/tools/arm-none-eabi-gcc/4.8.3-2014q1/bin/../lib/gcc/arm-none-eabi/4.8.3/../../../../arm-none-eabi/lib/armv7-m/libc.a(lib_a-fini.o)
 .ARM.attributes
                0x000000000000061a       0x2d /home/daniel/workspace/IntelliPilot/.arduino15/packages/arduino/tools/arm-none-eabi-gcc/4.8.3-2014q1/bin/../lib/gcc/arm-none-eabi/4.8.3/../../../../arm-none-eabi/lib/armv7-m/libc.a(lib_a-__atexit.o)
 .ARM.attributes
                0x0000000000000647       0x1d /home/daniel/workspace/IntelliPilot/.arduino15/packages/arduino/tools/arm-none-eabi-gcc/4.8.3-2014q1/bin/../lib/gcc/arm-none-eabi/4.8.3/armv7-m/crtn.o

.comment        0x0000000000000000       0xf0
 .comment       0x0000000000000000       0x80 /home/daniel/workspace/IntelliPilot/build/IntelliCopter.ino.cpp.o
                                         0x81 (size before relaxing)
 .comment       0x0000000000000080       0x70 /home/daniel/workspace/IntelliPilot/.arduino15/packages/arduino/hardware/sam/1.6.9/variants/arduino_due_x/libsam_sam3x8e_gcc_rel.a(startup_sam3xa.o)
                                         0x71 (size before relaxing)
 .comment       0x0000000000000000       0x71 /home/daniel/workspace/IntelliPilot/.arduino15/packages/arduino/hardware/sam/1.6.9/variants/arduino_due_x/libsam_sam3x8e_gcc_rel.a(uotghs.o)
 .comment       0x0000000000000000       0x81 /home/daniel/workspace/IntelliPilot/build/core.a(cortex_handlers.c.o)
 .comment       0x0000000000000000       0x81 /home/daniel/workspace/IntelliPilot/build/core.a(hooks.c.o)
 .comment       0x0000000000000000       0x81 /home/daniel/workspace/IntelliPilot/build/core.a(wiring.c.o)
 .comment       0x0000000000000000       0x81 /home/daniel/workspace/IntelliPilot/build/core.a(Print.cpp.o)
 .comment       0x0000000000000000       0x81 /home/daniel/workspace/IntelliPilot/build/core.a(USBCore.cpp.o)
 .comment       0x0000000000000000       0x81 /home/daniel/workspace/IntelliPilot/build/core.a(CDC.cpp.o)
 .comment       0x0000000000000000       0x81 /home/daniel/workspace/IntelliPilot/build/core.a(UARTClass.cpp.o)
 .comment       0x0000000000000000       0x81 /home/daniel/workspace/IntelliPilot/build/core.a(RingBuffer.cpp.o)
 .comment       0x0000000000000000       0x81 /home/daniel/workspace/IntelliPilot/build/core.a(Reset.cpp.o)
 .comment       0x0000000000000000       0x81 /home/daniel/workspace/IntelliPilot/build/core.a(variant.cpp.o)
 .comment       0x0000000000000000       0x81 /home/daniel/workspace/IntelliPilot/build/core.a(wiring_analog.c.o)
 .comment       0x0000000000000000       0x81 /home/daniel/workspace/IntelliPilot/build/core.a(wiring_digital.c.o)
 .comment       0x0000000000000000       0x81 /home/daniel/workspace/IntelliPilot/build/core.a(USARTClass.cpp.o)
 .comment       0x0000000000000000       0x71 /home/daniel/workspace/IntelliPilot/.arduino15/packages/arduino/hardware/sam/1.6.9/variants/arduino_due_x/libsam_sam3x8e_gcc_rel.a(pio.o)
 .comment       0x0000000000000000       0x71 /home/daniel/workspace/IntelliPilot/.arduino15/packages/arduino/hardware/sam/1.6.9/variants/arduino_due_x/libsam_sam3x8e_gcc_rel.a(pmc.o)
 .comment       0x0000000000000000       0x71 /home/daniel/workspace/IntelliPilot/.arduino15/packages/arduino/hardware/sam/1.6.9/variants/arduino_due_x/libsam_sam3x8e_gcc_rel.a(timetick.o)
 .comment       0x0000000000000000       0x71 /home/daniel/workspace/IntelliPilot/.arduino15/packages/arduino/hardware/sam/1.6.9/variants/arduino_due_x/libsam_sam3x8e_gcc_rel.a(system_sam3xa.o)
 .comment       0x0000000000000000       0x71 /home/daniel/workspace/IntelliPilot/.arduino15/packages/arduino/hardware/sam/1.6.9/variants/arduino_due_x/libsam_sam3x8e_gcc_rel.a(adc.o)
 .comment       0x0000000000000000       0x71 /home/daniel/workspace/IntelliPilot/.arduino15/packages/arduino/hardware/sam/1.6.9/variants/arduino_due_x/libsam_sam3x8e_gcc_rel.a(interrupt_sam_nvic.o)
 .comment       0x0000000000000000       0x71 /home/daniel/workspace/IntelliPilot/.arduino15/packages/arduino/hardware/sam/1.6.9/variants/arduino_due_x/libsam_sam3x8e_gcc_rel.a(uotghs_device.o)

.debug_info     0x0000000000000000     0xfa7a
 .debug_info    0x0000000000000000      0x4f3 /home/daniel/workspace/IntelliPilot/build/IntelliCopter.ino.cpp.o
 .debug_info    0x00000000000004f3      0x2da /home/daniel/workspace/IntelliPilot/build/core.a(cortex_handlers.c.o)
 .debug_info    0x00000000000007cd       0x60 /home/daniel/workspace/IntelliPilot/build/core.a(hooks.c.o)
 .debug_info    0x000000000000082d      0x52f /home/daniel/workspace/IntelliPilot/build/core.a(wiring.c.o)
 .debug_info    0x0000000000000d5c     0x25b1 /home/daniel/workspace/IntelliPilot/build/core.a(Print.cpp.o)
 .debug_info    0x000000000000330d     0x2098 /home/daniel/workspace/IntelliPilot/build/core.a(USBCore.cpp.o)
 .debug_info    0x00000000000053a5     0x2d2a /home/daniel/workspace/IntelliPilot/build/core.a(CDC.cpp.o)
 .debug_info    0x00000000000080cf     0x2278 /home/daniel/workspace/IntelliPilot/build/core.a(UARTClass.cpp.o)
 .debug_info    0x000000000000a347      0x1ea /home/daniel/workspace/IntelliPilot/build/core.a(RingBuffer.cpp.o)
 .debug_info    0x000000000000a531      0x3da /home/daniel/workspace/IntelliPilot/build/core.a(Reset.cpp.o)
 .debug_info    0x000000000000a90b     0x1a3e /home/daniel/workspace/IntelliPilot/build/core.a(variant.cpp.o)
 .debug_info    0x000000000000c349     0x1d7e /home/daniel/workspace/IntelliPilot/build/core.a(wiring_analog.c.o)
 .debug_info    0x000000000000e0c7      0xe00 /home/daniel/workspace/IntelliPilot/build/core.a(wiring_digital.c.o)
 .debug_info    0x000000000000eec7      0xbb3 /home/daniel/workspace/IntelliPilot/build/core.a(USARTClass.cpp.o)

.debug_abbrev   0x0000000000000000     0x2ac8
 .debug_abbrev  0x0000000000000000      0x1fd /home/daniel/workspace/IntelliPilot/build/IntelliCopter.ino.cpp.o
 .debug_abbrev  0x00000000000001fd      0x106 /home/daniel/workspace/IntelliPilot/build/core.a(cortex_handlers.c.o)
 .debug_abbrev  0x0000000000000303       0x47 /home/daniel/workspace/IntelliPilot/build/core.a(hooks.c.o)
 .debug_abbrev  0x000000000000034a      0x160 /home/daniel/workspace/IntelliPilot/build/core.a(wiring.c.o)
 .debug_abbrev  0x00000000000004aa      0x49b /home/daniel/workspace/IntelliPilot/build/core.a(Print.cpp.o)
 .debug_abbrev  0x0000000000000945      0x6cc /home/daniel/workspace/IntelliPilot/build/core.a(USBCore.cpp.o)
 .debug_abbrev  0x0000000000001011      0x6e6 /home/daniel/workspace/IntelliPilot/build/core.a(CDC.cpp.o)
 .debug_abbrev  0x00000000000016f7      0x52e /home/daniel/workspace/IntelliPilot/build/core.a(UARTClass.cpp.o)
 .debug_abbrev  0x0000000000001c25      0x16e /home/daniel/workspace/IntelliPilot/build/core.a(RingBuffer.cpp.o)
 .debug_abbrev  0x0000000000001d93      0x145 /home/daniel/workspace/IntelliPilot/build/core.a(Reset.cpp.o)
 .debug_abbrev  0x0000000000001ed8      0x3f5 /home/daniel/workspace/IntelliPilot/build/core.a(variant.cpp.o)
 .debug_abbrev  0x00000000000022cd      0x2fb /home/daniel/workspace/IntelliPilot/build/core.a(wiring_analog.c.o)
 .debug_abbrev  0x00000000000025c8      0x225 /home/daniel/workspace/IntelliPilot/build/core.a(wiring_digital.c.o)
 .debug_abbrev  0x00000000000027ed      0x2db /home/daniel/workspace/IntelliPilot/build/core.a(USARTClass.cpp.o)

.debug_aranges  0x0000000000000000      0x580
 .debug_aranges
                0x0000000000000000       0x40 /home/daniel/workspace/IntelliPilot/build/IntelliCopter.ino.cpp.o
 .debug_aranges
                0x0000000000000040       0x38 /home/daniel/workspace/IntelliPilot/build/core.a(cortex_handlers.c.o)
 .debug_aranges
                0x0000000000000078       0x30 /home/daniel/workspace/IntelliPilot/build/core.a(hooks.c.o)
 .debug_aranges
                0x00000000000000a8       0x30 /home/daniel/workspace/IntelliPilot/build/core.a(wiring.c.o)
 .debug_aranges
                0x00000000000000d8       0xf8 /home/daniel/workspace/IntelliPilot/build/core.a(Print.cpp.o)
 .debug_aranges
                0x00000000000001d0       0xc0 /home/daniel/workspace/IntelliPilot/build/core.a(USBCore.cpp.o)
 .debug_aranges
                0x0000000000000290       0xd0 /home/daniel/workspace/IntelliPilot/build/core.a(CDC.cpp.o)
 .debug_aranges
                0x0000000000000360       0x90 /home/daniel/workspace/IntelliPilot/build/core.a(UARTClass.cpp.o)
 .debug_aranges
                0x00000000000003f0       0x28 /home/daniel/workspace/IntelliPilot/build/core.a(RingBuffer.cpp.o)
 .debug_aranges
                0x0000000000000418       0x38 /home/daniel/workspace/IntelliPilot/build/core.a(Reset.cpp.o)
 .debug_aranges
                0x0000000000000450       0x70 /home/daniel/workspace/IntelliPilot/build/core.a(variant.cpp.o)
 .debug_aranges
                0x00000000000004c0       0x50 /home/daniel/workspace/IntelliPilot/build/core.a(wiring_analog.c.o)
 .debug_aranges
                0x0000000000000510       0x30 /home/daniel/workspace/IntelliPilot/build/core.a(wiring_digital.c.o)
 .debug_aranges
                0x0000000000000540       0x40 /home/daniel/workspace/IntelliPilot/build/core.a(USARTClass.cpp.o)

.debug_ranges   0x0000000000000000      0x798
 .debug_ranges  0x0000000000000000       0x30 /home/daniel/workspace/IntelliPilot/build/IntelliCopter.ino.cpp.o
 .debug_ranges  0x0000000000000030       0x28 /home/daniel/workspace/IntelliPilot/build/core.a(cortex_handlers.c.o)
 .debug_ranges  0x0000000000000058       0x20 /home/daniel/workspace/IntelliPilot/build/core.a(hooks.c.o)
 .debug_ranges  0x0000000000000078       0x20 /home/daniel/workspace/IntelliPilot/build/core.a(wiring.c.o)
 .debug_ranges  0x0000000000000098      0x180 /home/daniel/workspace/IntelliPilot/build/core.a(Print.cpp.o)
 .debug_ranges  0x0000000000000218      0x248 /home/daniel/workspace/IntelliPilot/build/core.a(USBCore.cpp.o)
 .debug_ranges  0x0000000000000460       0xd8 /home/daniel/workspace/IntelliPilot/build/core.a(CDC.cpp.o)
 .debug_ranges  0x0000000000000538       0xb0 /home/daniel/workspace/IntelliPilot/build/core.a(UARTClass.cpp.o)
 .debug_ranges  0x00000000000005e8       0x18 /home/daniel/workspace/IntelliPilot/build/core.a(RingBuffer.cpp.o)
 .debug_ranges  0x0000000000000600       0x28 /home/daniel/workspace/IntelliPilot/build/core.a(Reset.cpp.o)
 .debug_ranges  0x0000000000000628       0x80 /home/daniel/workspace/IntelliPilot/build/core.a(variant.cpp.o)
 .debug_ranges  0x00000000000006a8       0x88 /home/daniel/workspace/IntelliPilot/build/core.a(wiring_analog.c.o)
 .debug_ranges  0x0000000000000730       0x38 /home/daniel/workspace/IntelliPilot/build/core.a(wiring_digital.c.o)
 .debug_ranges  0x0000000000000768       0x30 /home/daniel/workspace/IntelliPilot/build/core.a(USARTClass.cpp.o)

.debug_line     0x0000000000000000     0x49be
 .debug_line    0x0000000000000000      0x50e /home/daniel/workspace/IntelliPilot/build/IntelliCopter.ino.cpp.o
 .debug_line    0x000000000000050e      0x380 /home/daniel/workspace/IntelliPilot/build/core.a(cortex_handlers.c.o)
 .debug_line    0x000000000000088e       0xb7 /home/daniel/workspace/IntelliPilot/build/core.a(hooks.c.o)
 .debug_line    0x0000000000000945      0x384 /home/daniel/workspace/IntelliPilot/build/core.a(wiring.c.o)
 .debug_line    0x0000000000000cc9      0x752 /home/daniel/workspace/IntelliPilot/build/core.a(Print.cpp.o)
 .debug_line    0x000000000000141b      0x96e /home/daniel/workspace/IntelliPilot/build/core.a(USBCore.cpp.o)
 .debug_line    0x0000000000001d89      0x853 /home/daniel/workspace/IntelliPilot/build/core.a(CDC.cpp.o)
 .debug_line    0x00000000000025dc      0x68f /home/daniel/workspace/IntelliPilot/build/core.a(UARTClass.cpp.o)
 .debug_line    0x0000000000002c6b      0x1eb /home/daniel/workspace/IntelliPilot/build/core.a(RingBuffer.cpp.o)
 .debug_line    0x0000000000002e56      0x4cd /home/daniel/workspace/IntelliPilot/build/core.a(Reset.cpp.o)
 .debug_line    0x0000000000003323      0x665 /home/daniel/workspace/IntelliPilot/build/core.a(variant.cpp.o)
 .debug_line    0x0000000000003988      0x625 /home/daniel/workspace/IntelliPilot/build/core.a(wiring_analog.c.o)
 .debug_line    0x0000000000003fad      0x4df /home/daniel/workspace/IntelliPilot/build/core.a(wiring_digital.c.o)
 .debug_line    0x000000000000448c      0x532 /home/daniel/workspace/IntelliPilot/build/core.a(USARTClass.cpp.o)

.debug_str      0x0000000000000000     0x47fe
 .debug_str     0x0000000000000000      0x3bd /home/daniel/workspace/IntelliPilot/build/IntelliCopter.ino.cpp.o
                                        0x42d (size before relaxing)
 .debug_str     0x00000000000003bd      0x191 /home/daniel/workspace/IntelliPilot/build/core.a(cortex_handlers.c.o)
                                        0x2dd (size before relaxing)
 .debug_str     0x000000000000054e       0x79 /home/daniel/workspace/IntelliPilot/build/core.a(hooks.c.o)
                                        0x130 (size before relaxing)
 .debug_str     0x00000000000005c7      0x104 /home/daniel/workspace/IntelliPilot/build/core.a(wiring.c.o)
                                        0x347 (size before relaxing)
 .debug_str     0x00000000000006cb      0xc95 /home/daniel/workspace/IntelliPilot/build/core.a(Print.cpp.o)
                                        0xf7a (size before relaxing)
 .debug_str     0x0000000000001360      0xf05 /home/daniel/workspace/IntelliPilot/build/core.a(USBCore.cpp.o)
                                       0x12f3 (size before relaxing)
 .debug_str     0x0000000000002265      0x943 /home/daniel/workspace/IntelliPilot/build/core.a(CDC.cpp.o)
                                       0x1c78 (size before relaxing)
 .debug_str     0x0000000000002ba8      0x693 /home/daniel/workspace/IntelliPilot/build/core.a(UARTClass.cpp.o)
                                       0x16ef (size before relaxing)
 .debug_str     0x000000000000323b       0x84 /home/daniel/workspace/IntelliPilot/build/core.a(RingBuffer.cpp.o)
                                        0x261 (size before relaxing)
 .debug_str     0x00000000000032bf       0xe1 /home/daniel/workspace/IntelliPilot/build/core.a(Reset.cpp.o)
                                        0x392 (size before relaxing)
 .debug_str     0x00000000000033a0      0x94e /home/daniel/workspace/IntelliPilot/build/core.a(variant.cpp.o)
                                       0x11ab (size before relaxing)
 .debug_str     0x0000000000003cee      0x7f7 /home/daniel/workspace/IntelliPilot/build/core.a(wiring_analog.c.o)
                                       0x103a (size before relaxing)
 .debug_str     0x00000000000044e5       0xbd /home/daniel/workspace/IntelliPilot/build/core.a(wiring_digital.c.o)
                                        0x9eb (size before relaxing)
 .debug_str     0x00000000000045a2      0x25c /home/daniel/workspace/IntelliPilot/build/core.a(USARTClass.cpp.o)
                                        0x9d1 (size before relaxing)

.debug_frame    0x0000000000000000      0xda4
 .debug_frame   0x0000000000000000       0x70 /home/daniel/workspace/IntelliPilot/build/IntelliCopter.ino.cpp.o
 .debug_frame   0x0000000000000070       0x58 /home/daniel/workspace/IntelliPilot/build/core.a(cortex_handlers.c.o)
 .debug_frame   0x00000000000000c8       0x40 /home/daniel/workspace/IntelliPilot/build/core.a(hooks.c.o)
 .debug_frame   0x0000000000000108       0x5c /home/daniel/workspace/IntelliPilot/build/core.a(wiring.c.o)
 .debug_frame   0x0000000000000164      0x2e0 /home/daniel/workspace/IntelliPilot/build/core.a(Print.cpp.o)
 .debug_frame   0x0000000000000444      0x22c /home/daniel/workspace/IntelliPilot/build/core.a(USBCore.cpp.o)
 .debug_frame   0x0000000000000670      0x1c0 /home/daniel/workspace/IntelliPilot/build/core.a(CDC.cpp.o)
 .debug_frame   0x0000000000000830      0x138 /home/daniel/workspace/IntelliPilot/build/core.a(UARTClass.cpp.o)
 .debug_frame   0x0000000000000968       0x38 /home/daniel/workspace/IntelliPilot/build/core.a(RingBuffer.cpp.o)
 .debug_frame   0x00000000000009a0       0x58 /home/daniel/workspace/IntelliPilot/build/core.a(Reset.cpp.o)
 .debug_frame   0x00000000000009f8       0xf0 /home/daniel/workspace/IntelliPilot/build/core.a(variant.cpp.o)
 .debug_frame   0x0000000000000ae8       0xa4 /home/daniel/workspace/IntelliPilot/build/core.a(wiring_analog.c.o)
 .debug_frame   0x0000000000000b8c       0x6c /home/daniel/workspace/IntelliPilot/build/core.a(wiring_digital.c.o)
 .debug_frame   0x0000000000000bf8       0x70 /home/daniel/workspace/IntelliPilot/build/core.a(USARTClass.cpp.o)
 .debug_frame   0x0000000000000c68       0x2c /home/daniel/workspace/IntelliPilot/.arduino15/packages/arduino/tools/arm-none-eabi-gcc/4.8.3-2014q1/bin/../lib/gcc/arm-none-eabi/4.8.3/../../../../arm-none-eabi/lib/armv7-m/libc.a(lib_a-init.o)
 .debug_frame   0x0000000000000c94       0x2c /home/daniel/workspace/IntelliPilot/.arduino15/packages/arduino/tools/arm-none-eabi-gcc/4.8.3-2014q1/bin/../lib/gcc/arm-none-eabi/4.8.3/../../../../arm-none-eabi/lib/armv7-m/libc.a(lib_a-memset.o)
 .debug_frame   0x0000000000000cc0       0x20 /home/daniel/workspace/IntelliPilot/.arduino15/packages/arduino/tools/arm-none-eabi-gcc/4.8.3-2014q1/bin/../lib/gcc/arm-none-eabi/4.8.3/../../../../arm-none-eabi/lib/armv7-m/libc.a(lib_a-strlen.o)
 .debug_frame   0x0000000000000ce0       0x48 /home/daniel/workspace/IntelliPilot/.arduino15/packages/arduino/tools/arm-none-eabi-gcc/4.8.3-2014q1/bin/../lib/gcc/arm-none-eabi/4.8.3/../../../../arm-none-eabi/lib/armv7-m/libc.a(lib_a-__call_atexit.o)
 .debug_frame   0x0000000000000d28       0x20 /home/daniel/workspace/IntelliPilot/.arduino15/packages/arduino/tools/arm-none-eabi-gcc/4.8.3-2014q1/bin/../lib/gcc/arm-none-eabi/4.8.3/../../../../arm-none-eabi/lib/armv7-m/libc.a(lib_a-atexit.o)
 .debug_frame   0x0000000000000d48       0x2c /home/daniel/workspace/IntelliPilot/.arduino15/packages/arduino/tools/arm-none-eabi-gcc/4.8.3-2014q1/bin/../lib/gcc/arm-none-eabi/4.8.3/../../../../arm-none-eabi/lib/armv7-m/libc.a(lib_a-fini.o)
 .debug_frame   0x0000000000000d74       0x30 /home/daniel/workspace/IntelliPilot/.arduino15/packages/arduino/tools/arm-none-eabi-gcc/4.8.3-2014q1/bin/../lib/gcc/arm-none-eabi/4.8.3/../../../../arm-none-eabi/lib/armv7-m/libc.a(lib_a-__atexit.o)

.debug_loc      0x0000000000000000     0x343b
 .debug_loc     0x0000000000000000       0xfc /home/daniel/workspace/IntelliPilot/build/core.a(wiring.c.o)
 .debug_loc     0x00000000000000fc     0x11a5 /home/daniel/workspace/IntelliPilot/build/core.a(Print.cpp.o)
 .debug_loc     0x00000000000012a1      0xb08 /home/daniel/workspace/IntelliPilot/build/core.a(USBCore.cpp.o)
 .debug_loc     0x0000000000001da9      0x638 /home/daniel/workspace/IntelliPilot/build/core.a(CDC.cpp.o)
 .debug_loc     0x00000000000023e1      0x42b /home/daniel/workspace/IntelliPilot/build/core.a(UARTClass.cpp.o)
 .debug_loc     0x000000000000280c       0x1e /home/daniel/workspace/IntelliPilot/build/core.a(RingBuffer.cpp.o)
 .debug_loc     0x000000000000282a       0x8a /home/daniel/workspace/IntelliPilot/build/core.a(variant.cpp.o)
 .debug_loc     0x00000000000028b4      0x76c /home/daniel/workspace/IntelliPilot/build/core.a(wiring_analog.c.o)
 .debug_loc     0x0000000000003020      0x1eb /home/daniel/workspace/IntelliPilot/build/core.a(wiring_digital.c.o)
 .debug_loc     0x000000000000320b      0x230 /home/daniel/workspace/IntelliPilot/build/core.a(USARTClass.cpp.o)

Cross Reference Table

Symbol                                            File
ADC_Handler                                       /home/daniel/workspace/IntelliPilot/build/core.a(cortex_handlers.c.o)
                                                  /home/daniel/workspace/IntelliPilot/.arduino15/packages/arduino/hardware/sam/1.6.9/variants/arduino_due_x/libsam_sam3x8e_gcc_rel.a(startup_sam3xa.o)
BusFault_Handler                                  /home/daniel/workspace/IntelliPilot/build/core.a(cortex_handlers.c.o)
                                                  /home/daniel/workspace/IntelliPilot/.arduino15/packages/arduino/hardware/sam/1.6.9/variants/arduino_due_x/libsam_sam3x8e_gcc_rel.a(startup_sam3xa.o)
CAN0_Handler                                      /home/daniel/workspace/IntelliPilot/build/core.a(cortex_handlers.c.o)
                                                  /home/daniel/workspace/IntelliPilot/.arduino15/packages/arduino/hardware/sam/1.6.9/variants/arduino_due_x/libsam_sam3x8e_gcc_rel.a(startup_sam3xa.o)
CAN1_Handler                                      /home/daniel/workspace/IntelliPilot/build/core.a(cortex_handlers.c.o)
                                                  /home/daniel/workspace/IntelliPilot/.arduino15/packages/arduino/hardware/sam/1.6.9/variants/arduino_due_x/libsam_sam3x8e_gcc_rel.a(startup_sam3xa.o)
CDC_GetInterface(unsigned char*)                  /home/daniel/workspace/IntelliPilot/build/core.a(CDC.cpp.o)
                                                  /home/daniel/workspace/IntelliPilot/build/core.a(USBCore.cpp.o)
CDC_GetOtherInterface(unsigned char*)             /home/daniel/workspace/IntelliPilot/build/core.a(CDC.cpp.o)
                                                  /home/daniel/workspace/IntelliPilot/build/core.a(USBCore.cpp.o)
CDC_Setup(USBSetup&)                              /home/daniel/workspace/IntelliPilot/build/core.a(CDC.cpp.o)
                                                  /home/daniel/workspace/IntelliPilot/build/core.a(USBCore.cpp.o)
DACC_Handler                                      /home/daniel/workspace/IntelliPilot/build/core.a(cortex_handlers.c.o)
                                                  /home/daniel/workspace/IntelliPilot/.arduino15/packages/arduino/hardware/sam/1.6.9/variants/arduino_due_x/libsam_sam3x8e_gcc_rel.a(startup_sam3xa.o)
DMAC_Handler                                      /home/daniel/workspace/IntelliPilot/build/core.a(cortex_handlers.c.o)
                                                  /home/daniel/workspace/IntelliPilot/.arduino15/packages/arduino/hardware/sam/1.6.9/variants/arduino_due_x/libsam_sam3x8e_gcc_rel.a(startup_sam3xa.o)
DebugMon_Handler                                  /home/daniel/workspace/IntelliPilot/build/core.a(cortex_handlers.c.o)
                                                  /home/daniel/workspace/IntelliPilot/.arduino15/packages/arduino/hardware/sam/1.6.9/variants/arduino_due_x/libsam_sam3x8e_gcc_rel.a(startup_sam3xa.o)
EFC0_Handler                                      /home/daniel/workspace/IntelliPilot/build/core.a(cortex_handlers.c.o)
                                                  /home/daniel/workspace/IntelliPilot/.arduino15/packages/arduino/hardware/sam/1.6.9/variants/arduino_due_x/libsam_sam3x8e_gcc_rel.a(startup_sam3xa.o)
EFC1_Handler                                      /home/daniel/workspace/IntelliPilot/build/core.a(cortex_handlers.c.o)
                                                  /home/daniel/workspace/IntelliPilot/.arduino15/packages/arduino/hardware/sam/1.6.9/variants/arduino_due_x/libsam_sam3x8e_gcc_rel.a(startup_sam3xa.o)
EMAC_Handler                                      /home/daniel/workspace/IntelliPilot/build/core.a(cortex_handlers.c.o)
                                                  /home/daniel/workspace/IntelliPilot/.arduino15/packages/arduino/hardware/sam/1.6.9/variants/arduino_due_x/libsam_sam3x8e_gcc_rel.a(startup_sam3xa.o)
EndPoints                                         /home/daniel/workspace/IntelliPilot/build/core.a(USBCore.cpp.o)
GetTickCount                                      /home/daniel/workspace/IntelliPilot/.arduino15/packages/arduino/hardware/sam/1.6.9/variants/arduino_due_x/libsam_sam3x8e_gcc_rel.a(timetick.o)
                                                  /home/daniel/workspace/IntelliPilot/build/core.a(wiring.c.o)
HSMCI_Handler                                     /home/daniel/workspace/IntelliPilot/build/core.a(cortex_handlers.c.o)
                                                  /home/daniel/workspace/IntelliPilot/.arduino15/packages/arduino/hardware/sam/1.6.9/variants/arduino_due_x/libsam_sam3x8e_gcc_rel.a(startup_sam3xa.o)
HardFault_Handler                                 /home/daniel/workspace/IntelliPilot/build/core.a(cortex_handlers.c.o)
                                                  /home/daniel/workspace/IntelliPilot/.arduino15/packages/arduino/hardware/sam/1.6.9/variants/arduino_due_x/libsam_sam3x8e_gcc_rel.a(startup_sam3xa.o)
MemManage_Handler                                 /home/daniel/workspace/IntelliPilot/build/core.a(cortex_handlers.c.o)
                                                  /home/daniel/workspace/IntelliPilot/.arduino15/packages/arduino/hardware/sam/1.6.9/variants/arduino_due_x/libsam_sam3x8e_gcc_rel.a(startup_sam3xa.o)
NMI_Handler                                       /home/daniel/workspace/IntelliPilot/build/core.a(cortex_handlers.c.o)
                                                  /home/daniel/workspace/IntelliPilot/.arduino15/packages/arduino/hardware/sam/1.6.9/variants/arduino_due_x/libsam_sam3x8e_gcc_rel.a(startup_sam3xa.o)
PIOA_Handler                                      /home/daniel/workspace/IntelliPilot/build/core.a(cortex_handlers.c.o)
                                                  /home/daniel/workspace/IntelliPilot/.arduino15/packages/arduino/hardware/sam/1.6.9/variants/arduino_due_x/libsam_sam3x8e_gcc_rel.a(startup_sam3xa.o)
PIOB_Handler                                      /home/daniel/workspace/IntelliPilot/build/core.a(cortex_handlers.c.o)
                                                  /home/daniel/workspace/IntelliPilot/.arduino15/packages/arduino/hardware/sam/1.6.9/variants/arduino_due_x/libsam_sam3x8e_gcc_rel.a(startup_sam3xa.o)
PIOC_Handler                                      /home/daniel/workspace/IntelliPilot/build/core.a(cortex_handlers.c.o)
                                                  /home/daniel/workspace/IntelliPilot/.arduino15/packages/arduino/hardware/sam/1.6.9/variants/arduino_due_x/libsam_sam3x8e_gcc_rel.a(startup_sam3xa.o)
PIOD_Handler                                      /home/daniel/workspace/IntelliPilot/build/core.a(cortex_handlers.c.o)
                                                  /home/daniel/workspace/IntelliPilot/.arduino15/packages/arduino/hardware/sam/1.6.9/variants/arduino_due_x/libsam_sam3x8e_gcc_rel.a(startup_sam3xa.o)
PIO_Clear                                         /home/daniel/workspace/IntelliPilot/.arduino15/packages/arduino/hardware/sam/1.6.9/variants/arduino_due_x/libsam_sam3x8e_gcc_rel.a(pio.o)
PIO_Configure                                     /home/daniel/workspace/IntelliPilot/.arduino15/packages/arduino/hardware/sam/1.6.9/variants/arduino_due_x/libsam_sam3x8e_gcc_rel.a(pio.o)
                                                  /home/daniel/workspace/IntelliPilot/build/core.a(wiring_digital.c.o)
                                                  /home/daniel/workspace/IntelliPilot/build/core.a(wiring_analog.c.o)
                                                  /home/daniel/workspace/IntelliPilot/build/core.a(variant.cpp.o)
PIO_DisableInterrupt                              /home/daniel/workspace/IntelliPilot/.arduino15/packages/arduino/hardware/sam/1.6.9/variants/arduino_due_x/libsam_sam3x8e_gcc_rel.a(pio.o)
PIO_Get                                           /home/daniel/workspace/IntelliPilot/.arduino15/packages/arduino/hardware/sam/1.6.9/variants/arduino_due_x/libsam_sam3x8e_gcc_rel.a(pio.o)
                                                  /home/daniel/workspace/IntelliPilot/build/core.a(wiring_digital.c.o)
PIO_GetOutputDataStatus                           /home/daniel/workspace/IntelliPilot/.arduino15/packages/arduino/hardware/sam/1.6.9/variants/arduino_due_x/libsam_sam3x8e_gcc_rel.a(pio.o)
                                                  /home/daniel/workspace/IntelliPilot/build/core.a(wiring_digital.c.o)
PIO_PullUp                                        /home/daniel/workspace/IntelliPilot/.arduino15/packages/arduino/hardware/sam/1.6.9/variants/arduino_due_x/libsam_sam3x8e_gcc_rel.a(pio.o)
                                                  /home/daniel/workspace/IntelliPilot/build/core.a(wiring_digital.c.o)
PIO_Set                                           /home/daniel/workspace/IntelliPilot/.arduino15/packages/arduino/hardware/sam/1.6.9/variants/arduino_due_x/libsam_sam3x8e_gcc_rel.a(pio.o)
PIO_SetDebounceFilter                             /home/daniel/workspace/IntelliPilot/.arduino15/packages/arduino/hardware/sam/1.6.9/variants/arduino_due_x/libsam_sam3x8e_gcc_rel.a(pio.o)
PIO_SetInput                                      /home/daniel/workspace/IntelliPilot/.arduino15/packages/arduino/hardware/sam/1.6.9/variants/arduino_due_x/libsam_sam3x8e_gcc_rel.a(pio.o)
PIO_SetOutput                                     /home/daniel/workspace/IntelliPilot/.arduino15/packages/arduino/hardware/sam/1.6.9/variants/arduino_due_x/libsam_sam3x8e_gcc_rel.a(pio.o)
                                                  /home/daniel/workspace/IntelliPilot/build/core.a(wiring_digital.c.o)
PIO_SetPeripheral                                 /home/daniel/workspace/IntelliPilot/.arduino15/packages/arduino/hardware/sam/1.6.9/variants/arduino_due_x/libsam_sam3x8e_gcc_rel.a(pio.o)
PMC_Handler                                       /home/daniel/workspace/IntelliPilot/build/core.a(cortex_handlers.c.o)
                                                  /home/daniel/workspace/IntelliPilot/.arduino15/packages/arduino/hardware/sam/1.6.9/variants/arduino_due_x/libsam_sam3x8e_gcc_rel.a(startup_sam3xa.o)
PWMC_ConfigureChannel                             /home/daniel/workspace/IntelliPilot/.arduino15/packages/arduino/hardware/sam/1.6.9/variants/arduino_due_x/libsam_sam3x8e_gcc_rel.a(pwmc.o)
                                                  /home/daniel/workspace/IntelliPilot/build/core.a(wiring_analog.c.o)
PWMC_ConfigureChannelExt                          /home/daniel/workspace/IntelliPilot/.arduino15/packages/arduino/hardware/sam/1.6.9/variants/arduino_due_x/libsam_sam3x8e_gcc_rel.a(pwmc.o)
PWMC_ConfigureClocks                              /home/daniel/workspace/IntelliPilot/.arduino15/packages/arduino/hardware/sam/1.6.9/variants/arduino_due_x/libsam_sam3x8e_gcc_rel.a(pwmc.o)
                                                  /home/daniel/workspace/IntelliPilot/build/core.a(wiring_analog.c.o)
PWMC_ConfigureComparisonUnit                      /home/daniel/workspace/IntelliPilot/.arduino15/packages/arduino/hardware/sam/1.6.9/variants/arduino_due_x/libsam_sam3x8e_gcc_rel.a(pwmc.o)
PWMC_ConfigureEventLineMode                       /home/daniel/workspace/IntelliPilot/.arduino15/packages/arduino/hardware/sam/1.6.9/variants/arduino_due_x/libsam_sam3x8e_gcc_rel.a(pwmc.o)
PWMC_ConfigureSyncChannel                         /home/daniel/workspace/IntelliPilot/.arduino15/packages/arduino/hardware/sam/1.6.9/variants/arduino_due_x/libsam_sam3x8e_gcc_rel.a(pwmc.o)
PWMC_DisableChannel                               /home/daniel/workspace/IntelliPilot/.arduino15/packages/arduino/hardware/sam/1.6.9/variants/arduino_due_x/libsam_sam3x8e_gcc_rel.a(pwmc.o)
PWMC_DisableChannelIt                             /home/daniel/workspace/IntelliPilot/.arduino15/packages/arduino/hardware/sam/1.6.9/variants/arduino_due_x/libsam_sam3x8e_gcc_rel.a(pwmc.o)
PWMC_DisableIt                                    /home/daniel/workspace/IntelliPilot/.arduino15/packages/arduino/hardware/sam/1.6.9/variants/arduino_due_x/libsam_sam3x8e_gcc_rel.a(pwmc.o)
PWMC_DisableOverrideOutput                        /home/daniel/workspace/IntelliPilot/.arduino15/packages/arduino/hardware/sam/1.6.9/variants/arduino_due_x/libsam_sam3x8e_gcc_rel.a(pwmc.o)
PWMC_EnableChannel                                /home/daniel/workspace/IntelliPilot/.arduino15/packages/arduino/hardware/sam/1.6.9/variants/arduino_due_x/libsam_sam3x8e_gcc_rel.a(pwmc.o)
                                                  /home/daniel/workspace/IntelliPilot/build/core.a(wiring_analog.c.o)
PWMC_EnableChannelIt                              /home/daniel/workspace/IntelliPilot/.arduino15/packages/arduino/hardware/sam/1.6.9/variants/arduino_due_x/libsam_sam3x8e_gcc_rel.a(pwmc.o)
PWMC_EnableFaultProtection                        /home/daniel/workspace/IntelliPilot/.arduino15/packages/arduino/hardware/sam/1.6.9/variants/arduino_due_x/libsam_sam3x8e_gcc_rel.a(pwmc.o)
PWMC_EnableIt                                     /home/daniel/workspace/IntelliPilot/.arduino15/packages/arduino/hardware/sam/1.6.9/variants/arduino_due_x/libsam_sam3x8e_gcc_rel.a(pwmc.o)
PWMC_EnableOverrideOutput                         /home/daniel/workspace/IntelliPilot/.arduino15/packages/arduino/hardware/sam/1.6.9/variants/arduino_due_x/libsam_sam3x8e_gcc_rel.a(pwmc.o)
PWMC_FaultClear                                   /home/daniel/workspace/IntelliPilot/.arduino15/packages/arduino/hardware/sam/1.6.9/variants/arduino_due_x/libsam_sam3x8e_gcc_rel.a(pwmc.o)
PWMC_SetDeadTime                                  /home/daniel/workspace/IntelliPilot/.arduino15/packages/arduino/hardware/sam/1.6.9/variants/arduino_due_x/libsam_sam3x8e_gcc_rel.a(pwmc.o)
PWMC_SetDutyCycle                                 /home/daniel/workspace/IntelliPilot/.arduino15/packages/arduino/hardware/sam/1.6.9/variants/arduino_due_x/libsam_sam3x8e_gcc_rel.a(pwmc.o)
                                                  /home/daniel/workspace/IntelliPilot/build/core.a(wiring_analog.c.o)
PWMC_SetFaultMode                                 /home/daniel/workspace/IntelliPilot/.arduino15/packages/arduino/hardware/sam/1.6.9/variants/arduino_due_x/libsam_sam3x8e_gcc_rel.a(pwmc.o)
PWMC_SetFaultProtectionValue                      /home/daniel/workspace/IntelliPilot/.arduino15/packages/arduino/hardware/sam/1.6.9/variants/arduino_due_x/libsam_sam3x8e_gcc_rel.a(pwmc.o)
PWMC_SetOverrideValue                             /home/daniel/workspace/IntelliPilot/.arduino15/packages/arduino/hardware/sam/1.6.9/variants/arduino_due_x/libsam_sam3x8e_gcc_rel.a(pwmc.o)
PWMC_SetPeriod                                    /home/daniel/workspace/IntelliPilot/.arduino15/packages/arduino/hardware/sam/1.6.9/variants/arduino_due_x/libsam_sam3x8e_gcc_rel.a(pwmc.o)
                                                  /home/daniel/workspace/IntelliPilot/build/core.a(wiring_analog.c.o)
PWMC_SetSyncChannelUpdatePeriod                   /home/daniel/workspace/IntelliPilot/.arduino15/packages/arduino/hardware/sam/1.6.9/variants/arduino_due_x/libsam_sam3x8e_gcc_rel.a(pwmc.o)
PWMC_SetSyncChannelUpdateUnlock                   /home/daniel/workspace/IntelliPilot/.arduino15/packages/arduino/hardware/sam/1.6.9/variants/arduino_due_x/libsam_sam3x8e_gcc_rel.a(pwmc.o)
PWMC_WriteBuffer                                  /home/daniel/workspace/IntelliPilot/.arduino15/packages/arduino/hardware/sam/1.6.9/variants/arduino_due_x/libsam_sam3x8e_gcc_rel.a(pwmc.o)
PWM_Handler                                       /home/daniel/workspace/IntelliPilot/build/core.a(cortex_handlers.c.o)
                                                  /home/daniel/workspace/IntelliPilot/.arduino15/packages/arduino/hardware/sam/1.6.9/variants/arduino_due_x/libsam_sam3x8e_gcc_rel.a(startup_sam3xa.o)
PendSV_Handler                                    /home/daniel/workspace/IntelliPilot/build/core.a(cortex_handlers.c.o)
                                                  /home/daniel/workspace/IntelliPilot/.arduino15/packages/arduino/hardware/sam/1.6.9/variants/arduino_due_x/libsam_sam3x8e_gcc_rel.a(startup_sam3xa.o)